[info] Log at : 2023/4/6|09:54:03|GMT+0800

[info] Log at : 2023/4/6|10:26:58|GMT+0800

[info] Log at : 2023/4/6|21:37:28|GMT+0800

[info] Log at : 2023/4/7|07:41:28|GMT+0800

[info] Log at : 2023/4/8|00:38:24|GMT+0800

[info] Log at : 2023/4/8|04:11:28|GMT+0800

[info] Log at : 2023/4/8|07:54:57|GMT+0800

[info] Log at : 2023/4/8|16:05:37|GMT+0800

[info] Log at : 2023/4/10|19:23:54|GMT+0800

[info] Log at : 2023/4/11|14:10:41|GMT+0800

[info] Log at : 2023/4/19|17:07:33|GMT+0800

[info] Log at : 2023/4/19|19:11:56|GMT+0800

[info] Log at : 2023/4/22|16:59:14|GMT+0800

[info] Log at : 2023/4/22|20:58:40|GMT+0800

[info] Log at : 2023/4/23|14:54:48|GMT+0800

[info] Log at : 2023/5/10|20:38:25|GMT+0800

[info] Log at : 2023/5/20|17:09:07|GMT+0800

[info] Log at : 2023/5/21|14:14:57|GMT+0800

[info] Log at : 2023/5/22|12:46:33|GMT+0800

[info] Log at : 2023/5/26|00:16:03|GMT+0800

[info] Log at : 2023/5/26|18:12:08|GMT+0800

[info] Log at : 2023/6/12|01:32:43|GMT+0800

[info] Log at : 2023/6/12|01:34:53|GMT+0800

[info] Log at : 2023/7/2|14:03:01|GMT+0800

[info] Log at : 2023/7/3|13:43:30|GMT+0800

[info] Log at : 2023/7/8|20:05:06|GMT+0800

[info] Log at : 2023/7/18|12:45:59|GMT+0800

[info] Log at : 2023/7/22|15:46:44|GMT+0800

[info] Log at : 2023/8/25|18:31:03|GMT+0800

[info] Log at : 2023/9/1|18:48:44|GMT+0800

[info] Log at : 2023/9/2|22:43:43|GMT+0800

[info] Log at : 2023/9/4|12:20:25|GMT+0800

[info] Log at : 2023/9/9|19:06:43|GMT+0800

[info] Log at : 2023/9/14|18:18:09|GMT+0800

[info] Log at : 2023/9/14|19:04:52|GMT+0800

[info] Log at : 2023/9/14|19:07:03|GMT+0800

[info] Log at : 2023/9/14|19:08:36|GMT+0800

[info] Log at : 2023/9/14|19:25:01|GMT+0800

[info] Log at : 2023/9/14|20:09:13|GMT+0800

[info] Log at : 2023/9/14|20:20:05|GMT+0800

[info] Log at : 2023/9/14|21:59:37|GMT+0800

[info] Log at : 2023/9/14|22:18:53|GMT+0800

[info] Log at : 2023/9/17|15:08:28|GMT+0800

[info] Log at : 2023/9/17|20:50:09|GMT+0800

[info] Log at : 2023/9/17|20:52:27|GMT+0800

[info] Log at : 2023/9/24|19:00:52|GMT+0800

[info] Log at : 2023/9/26|09:21:52|GMT+0800

[info] Log at : 2023/9/26|09:22:42|GMT+0800

[info] Log at : 2023/9/26|09:23:00|GMT+0800

[info] Log at : 2023/9/26|09:23:39|GMT+0800

[info] Log at : 2023/9/26|16:50:29|GMT+0800

[info] Log at : 2023/9/26|16:54:17|GMT+0800

[info] Log at : 2023/9/26|19:48:01|GMT+0800

[info] Log at : 2023/9/27|08:53:49|GMT+0800

[info] Log at : 2023/9/27|22:15:41|GMT+0800

[info] Log at : 2023/9/29|18:27:31|GMT+0800

[info] Log at : 2023/9/30|18:30:59|GMT+0800

[info] Log at : 2023/10/1|13:39:56|GMT+0800

[info] Log at : 2023/10/5|16:21:18|GMT+0800

[info] Log at : 2023/10/5|16:30:30|GMT+0800

[info] Log at : 2023/10/5|16:33:38|GMT+0800

[info] Log at : 2023/10/5|17:47:03|GMT+0800

[info] Log at : 2023/10/5|19:24:55|GMT+0800

[info] Log at : 2023/10/5|20:00:00|GMT+0800

[info] Log at : 2023/10/6|16:39:41|GMT+0800

[info] Log at : 2023/10/6|18:44:23|GMT+0800

[info] Log at : 2023/10/23|20:41:19|GMT+0800

[info] Log at : 2023/10/23|21:21:00|GMT+0800

[info] Log at : 2023/10/26|15:23:03|GMT+0800

[info] Log at : 2023/10/27|21:28:17|GMT+0800

[info] Log at : 2023/10/29|11:10:55|GMT+0800

[info] Log at : 2023/11/4|22:29:10|GMT+0800

[info] Log at : 2023/11/5|15:59:11|GMT+0800

[info] Log at : 2023/11/9|13:35:40|GMT+0800

[info] Log at : 2023/11/9|17:04:23|GMT+0800

[info] Log at : 2023/11/10|19:16:37|GMT+0800

[info] Log at : 2023/11/11|17:58:30|GMT+0800

[info] Log at : 2023/11/11|20:29:18|GMT+0800

[info] Log at : 2023/11/11|23:25:33|GMT+0800

[info] Log at : 2023/11/11|23:34:05|GMT+0800

[info] Log at : 2023/11/12|00:01:30|GMT+0800

[info] Log at : 2023/11/12|00:20:19|GMT+0800

[info] Log at : 2023/11/15|00:18:45|GMT+0800

[info] Log at : 2023/11/15|17:02:06|GMT+0800

[info] Log at : 2023/11/15|17:44:11|GMT+0800

[info] Log at : 2023/11/15|18:32:52|GMT+0800

[info] Log at : 2023/11/15|18:34:06|GMT+0800

[info] Log at : 2023/11/15|18:55:26|GMT+0800

[info] Log at : 2023/11/15|18:56:30|GMT+0800

[info] Log at : 2023/11/15|19:01:08|GMT+0800

[info] Log at : 2023/11/15|19:01:36|GMT+0800

[info] Log at : 2023/11/15|19:36:05|GMT+0800

[info] Log at : 2023/11/15|19:55:11|GMT+0800

[info] Log at : 2023/11/15|19:56:31|GMT+0800

[info] Log at : 2023/11/15|19:57:29|GMT+0800

[info] Log at : 2023/11/15|20:03:19|GMT+0800

[info] Log at : 2023/11/15|20:04:33|GMT+0800

[info] Log at : 2023/11/16|17:34:54|GMT+0800

[info] Log at : 2023/11/16|20:22:04|GMT+0800

[info] Log at : 2023/11/18|14:23:32|GMT+0800

[info] Log at : 2023/11/25|19:50:06|GMT+0800

[info] Log at : 2023/11/25|19:55:16|GMT+0800

[info] Log at : 2023/11/28|16:30:48|GMT+0800

[info] Log at : 2023/11/28|16:31:54|GMT+0800

[info] Log at : 2023/11/30|12:21:56|GMT+0800

[info] Log at : 2023/11/30|12:36:06|GMT+0800

[info] Log at : 2023/12/1|20:59:09|GMT+0800

[info] Log at : 2023/12/3|19:47:59|GMT+0800

[info] Log at : 2023/12/5|20:31:52|GMT+0800

[info] Log at : 2023/12/26|23:37:05|GMT+0800

[info] Log at : 2023/12/27|23:18:23|GMT+0800

[info] Log at : 2023/12/28|09:41:39|GMT+0800

[info] Log at : 2023/12/29|14:26:14|GMT+0800

[info] Log at : 2023/12/29|15:11:13|GMT+0800

[info] Log at : 2023/12/29|15:12:08|GMT+0800

[info] Log at : 2023/12/29|15:27:33|GMT+0800

[info] Log at : 2023/12/29|17:12:03|GMT+0800

[info] Log at : 2023/12/29|17:13:18|GMT+0800

[info] Log at : 2023/12/29|22:46:36|GMT+0800

[info] Log at : 2023/12/29|22:48:08|GMT+0800

[info] Log at : 2023/12/29|22:52:24|GMT+0800

[info] Log at : 2023/12/29|22:54:37|GMT+0800

[info] Log at : 2023/12/29|23:09:55|GMT+0800

[info] Log at : 2023/12/30|00:13:44|GMT+0800

[info] Log at : 2023/12/30|14:21:45|GMT+0800

[info] Log at : 2023/12/30|14:37:44|GMT+0800

[info] Log at : 2023/12/30|14:41:08|GMT+0800

[info] Log at : 2023/12/31|14:54:18|GMT+0800

[info] Log at : 2024/1/1|14:53:37|GMT+0800

[info] Log at : 2024/1/1|15:26:44|GMT+0800

[info] Log at : 2024/1/1|17:30:43|GMT+0800

[info] Log at : 2024/1/2|15:26:01|GMT+0800

[info] Log at : 2024/1/2|19:29:55|GMT+0800

[info] Log at : 2024/2/26|17:27:53|GMT+0800

[info] Log at : 2024/2/26|17:56:33|GMT+0800

[info] Log at : 2024/2/26|22:11:54|GMT+0800

[info] Log at : 2024/2/26|22:46:23|GMT+0800

[info] Log at : 2024/2/26|22:47:31|GMT+0800

[info] Log at : 2024/2/27|18:36:18|GMT+0800

[info] Log at : 2024/3/2|12:57:26|GMT+0800

[info] Log at : 2024/3/3|15:53:37|GMT+0800

[info] Log at : 2024/3/3|16:09:48|GMT+0800

[info] Log at : 2024/3/3|16:18:15|GMT+0800

[info] Log at : 2024/3/3|23:24:32|GMT+0800

[info] Log at : 2024/3/3|18:32:18|GMT+0800

[info] Log at : 2024/3/7|16:32:06|GMT+0800

[info] Log at : 2024/3/7|16:32:09|GMT+0800

[info] Log at : 2024/3/11|01:20:58|GMT+0800

[info] Log at : 2024/3/11|19:22:47|GMT+0800

[info] Log at : 2024/3/12|19:35:09|GMT+0800

[info] Log at : 2024/3/14|19:15:38|GMT+0800

[info] Log at : 2024/3/14|21:07:10|GMT+0800

[info] Log at : 2024/3/14|21:34:35|GMT+0800

[info] Log at : 2024/3/15|19:27:21|GMT+0800

[info] Log at : 2024/3/15|19:52:11|GMT+0800

[info] Log at : 2024/3/16|17:05:17|GMT+0800

[info] Log at : 2024/3/16|18:31:58|GMT+0800

[info] Log at : 2024/3/17|14:39:22|GMT+0800

[info] Log at : 2024/3/17|16:11:12|GMT+0800

[info] Log at : 2024/3/17|16:28:06|GMT+0800

[info] Log at : 2024/3/17|16:47:21|GMT+0800

[info] Log at : 2024/3/18|12:59:45|GMT+0800

[info] Log at : 2024/3/18|14:41:18|GMT+0800

[info] Log at : 2024/3/18|18:18:54|GMT+0800

[info] Log at : 2024/3/18|20:49:39|GMT+0800

[info] Log at : 2024/3/19|21:03:13|GMT+0800

[info] Log at : 2024/3/20|13:47:27|GMT+0800

[info] Log at : 2024/3/21|10:38:03|GMT+0800

[info] Log at : 2024/3/21|21:17:36|GMT+0800

[info] Log at : 2024/3/22|19:03:35|GMT+0800

[info] Log at : 2024/3/22|21:17:50|GMT+0800

[info] Log at : 2024/3/23|02:37:51|GMT+0800

[info] Log at : 2024/3/23|09:54:33|GMT+0800

[info] Log at : 2024/3/23|14:05:42|GMT+0800

[info] Log at : 2024/3/27|16:29:54|GMT+0800

[info] Log at : 2024/3/29|19:13:26|GMT+0800

[info] Log at : 2024/4/4|16:29:02|GMT+0800

[info] Log at : 2024/4/4|19:57:09|GMT+0800

[info] Log at : 2024/4/5|08:16:07|GMT+0800

[info] Log at : 2024/4/5|12:33:31|GMT+0800

[info] Log at : 2024/4/5|12:57:11|GMT+0800

[info] Log at : 2024/4/5|20:21:06|GMT+0800

[info] Log at : 2024/4/5|21:39:34|GMT+0800

[info] Log at : 2024/4/5|23:45:30|GMT+0800

[info] Log at : 2024/4/6|16:37:11|GMT+0800

[info] Log at : 2024/4/6|16:57:20|GMT+0800

[info] Log at : 2024/4/7|01:44:18|GMT+0800

[info] Log at : 2024/4/7|07:40:35|GMT+0800

[info] Log at : 2024/4/21|22:00:14|GMT+0800

[info] Log at : 2024/4/25|15:18:45|GMT+0800

[info] Log at : 2024/4/25|20:08:51|GMT+0800

[info] Log at : 2024/4/26|10:22:53|GMT+0800

[info] Log at : 2024/4/26|10:29:02|GMT+0800

[info] Log at : 2024/4/30|19:21:32|GMT+0800

[info] Log at : 2024/4/30|20:44:54|GMT+0800

[info] Log at : 2024/5/2|14:24:12|GMT+0800

[info] Log at : 2024/5/2|16:39:35|GMT+0800

[info] Log at : 2024/5/2|22:57:50|GMT+0800

[info] Log at : 2024/5/13|15:18:26|GMT+0800

[info] Log at : 2024/5/14|21:56:05|GMT+0800

[info] Log at : 2024/5/15|00:52:56|GMT+0800

[info] Log at : 2024/5/19|19:30:18|GMT+0800

[info] Log at : 2024/5/19|20:03:43|GMT+0800

[info] Log at : 2024/5/19|22:05:01|GMT+0800

[info] Log at : 2024/5/20|01:22:41|GMT+0800

[info] Log at : 2024/5/21|03:51:30|GMT+0800

[info] Log at : 2024/5/21|03:53:36|GMT+0800

[info] Log at : 2024/5/21|19:04:37|GMT+0800

[info] Log at : 2024/5/22|00:48:58|GMT+0800

[info] Log at : 2024/5/22|04:03:51|GMT+0800

[info] Log at : 2024/5/22|22:55:07|GMT+0800

[info] Log at : 2024/5/23|00:40:47|GMT+0800

[info] Log at : 2024/5/23|00:44:19|GMT+0800

[info] Log at : 2024/5/23|00:51:01|GMT+0800

[info] Log at : 2024/8/24|21:13:25|GMT+0800

[info] Log at : 2024/8/25|17:16:20|GMT+0800

[info] Log at : 2024/11/1|19:25:40|GMT+0800

[info] Log at : 2024/11/1|19:25:57|GMT+0800

[info] Log at : 2024/11/1|19:40:59|GMT+0800

[info] Log at : 2024/11/2|11:02:23|GMT+0800

[info] Log at : 2024/11/2|12:51:56|GMT+0800

[info] Log at : 2024/11/2|12:52:11|GMT+0800

[info] Log at : 2024/11/9|18:45:00|GMT+0800

[info] Log at : 2024/11/9|18:45:04|GMT+0800

[info] Log at : 2024/11/10|19:38:11|GMT+0800

[info] Log at : 2024/11/10|19:38:21|GMT+0800

[info] Log at : 2024/11/30|15:31:12|GMT+0800

[info] Log at : 2024/11/30|15:31:15|GMT+0800

[info] Log at : 2024/11/30|15:31:45|GMT+0800

[info] Log at : 2024/11/30|15:51:20|GMT+0800

[info] Log at : 2024/11/30|15:51:24|GMT+0800

[info] Log at : 2024/11/30|15:52:03|GMT+0800

[info] Log at : 2024/11/30|15:52:18|GMT+0800

[info] Log at : 2024/11/30|22:28:22|GMT+0800

[info] Log at : 2024/11/30|22:28:34|GMT+0800

[info] Log at : 2024/11/30|22:29:58|GMT+0800

[info] project closed: Gimbal
[info] Log at : 2024/11/30|22:59:18|GMT+0800

[info] Log at : 2024/12/21|18:43:18|GMT+0800

[info] Log at : 2024/12/21|18:43:23|GMT+0800

[info] Log at : 2024/12/23|14:18:57|GMT+0800

[info] Log at : 2024/12/23|14:19:00|GMT+0800

[info] Log at : 2024/12/23|17:41:16|GMT+0800

[info] Log at : 2024/12/23|17:41:19|GMT+0800

[info] Log at : 2024/12/23|20:25:12|GMT+0800

[info] Log at : 2024/12/23|20:25:15|GMT+0800

[info] Log at : 2024/12/23|23:36:44|GMT+0800

[info] Log at : 2024/12/23|23:36:50|GMT+0800

[info] Log at : 2024/12/24|14:35:09|GMT+0800

[info] Log at : 2024/12/24|14:35:15|GMT+0800

[info] Log at : 2024/12/24|14:38:25|GMT+0800

[info] Log at : 2024/12/24|14:38:28|GMT+0800

[info] Log at : 2024/12/24|17:20:54|GMT+0800

[info] Log at : 2024/12/24|17:21:01|GMT+0800

[info] Log at : 2024/12/25|13:08:47|GMT+0800

[info] Log at : 2024/12/25|13:09:00|GMT+0800

[info] Log at : 2024/12/25|13:10:43|GMT+0800

[info] Log at : 2025/1/5|21:08:20|GMT+0800

[info] Log at : 2025/1/5|21:08:24|GMT+0800

[info] Log at : 2025/1/5|21:14:15|GMT+0800

[info] Log at : 2025/1/5|21:14:18|GMT+0800

[info] Log at : 2025/1/6|18:16:09|GMT+0800

[info] Log at : 2025/1/6|18:16:13|GMT+0800

[info] Log at : 2025/1/10|15:24:57|GMT+0800

[info] Log at : 2025/1/10|15:25:08|GMT+0800

[info] Log at : 2025/1/26|17:25:48|GMT+0800

[info] Log at : 2025/1/26|17:25:51|GMT+0800

[info] Log at : 2025/2/5|19:13:42|GMT+0800

[info] Log at : 2025/2/5|19:14:17|GMT+0800

[info] Log at : 2025/2/5|19:16:43|GMT+0800

[info] Log at : 2025/2/5|19:16:45|GMT+0800

[info] Log at : 2025/2/5|19:17:56|GMT+0800

[info] Log at : 2025/2/5|19:17:59|GMT+0800

[info] Log at : 2025/2/5|19:21:16|GMT+0800

[info] Log at : 2025/2/5|19:21:19|GMT+0800

[info] Log at : 2025/2/12|22:22:40|GMT+0800

[info] Log at : 2025/2/12|22:22:44|GMT+0800

[info] Log at : 2025/2/18|21:16:35|GMT+0800

[info] Log at : 2025/2/18|21:16:39|GMT+0800

[info] Log at : 2025/2/22|15:14:28|GMT+0800

[info] Log at : 2025/2/22|15:14:33|GMT+0800

[info] Log at : 2025/2/22|18:54:25|GMT+0800

[info] Log at : 2025/2/22|18:54:45|GMT+0800

[info] Log at : 2025/3/2|17:03:03|GMT+0800

[info] Log at : 2025/3/2|17:03:27|GMT+0800

[info] Log at : 2025/3/3|19:37:57|GMT+0800

[info] Log at : 2025/3/3|19:38:18|GMT+0800

[info] Log at : 2025/3/3|19:38:21|GMT+0800

[info] Log at : 2025/3/4|23:06:23|GMT+0800

[info] Log at : 2025/3/4|23:06:36|GMT+0800

[info] Log at : 2025/3/5|21:04:27|GMT+0800

[info] Log at : 2025/3/5|21:04:40|GMT+0800

[info] Log at : 2025/4/2|16:21:57|GMT+0800

[info] Log at : 2025/4/2|16:22:05|GMT+0800

[info] Log at : 2025/4/2|23:40:28|GMT+0800

[info] Log at : 2025/4/2|23:41:07|GMT+0800

[info] Log at : 2025/4/2|23:41:10|GMT+0800

[info] Log at : 2025/4/3|20:24:11|GMT+0800

[info] Log at : 2025/4/3|20:24:58|GMT+0800

[info] Log at : 2025/4/3|20:25:33|GMT+0800

[info] Log at : 2025/4/4|13:11:10|GMT+0800

[info] Log at : 2025/4/4|13:11:44|GMT+0800

[info] Log at : 2025/4/4|13:11:46|GMT+0800

[info] Log at : 2025/4/6|11:07:25|GMT+0800

[info] Log at : 2025/4/6|11:07:30|GMT+0800

[info] Log at : 2025/4/7|20:51:37|GMT+0800

[info] Log at : 2025/4/7|20:51:40|GMT+0800

[info] Log at : 2025/4/9|19:43:10|GMT+0800

[info] Log at : 2025/4/9|19:43:12|GMT+0800

[info] Log at : 2025/4/11|19:25:03|GMT+0800

[info] Log at : 2025/4/11|19:25:06|GMT+0800

[info] Log at : 2025/4/12|10:55:58|GMT+0800

[info] Log at : 2025/4/12|10:56:00|GMT+0800

[info] Log at : 2025/4/24|12:21:04|GMT+0800

[info] Log at : 2025/4/24|12:21:17|GMT+0800

[info] Log at : 2025/4/25|18:43:00|GMT+0800

[info] Log at : 2025/4/25|18:43:03|GMT+0800

[info] Log at : 2025/5/1|21:05:25|GMT+0800

[info] Log at : 2025/5/1|21:05:38|GMT+0800

[info] Log at : 2025/5/3|17:17:51|GMT+0800

[info] Log at : 2025/5/3|17:17:56|GMT+0800

[info] Log at : 2025/5/3|21:22:06|GMT+0800

[info] Log at : 2025/5/3|21:22:18|GMT+0800

[info] Log at : 2025/5/4|12:40:06|GMT+0800

[info] Log at : 2025/5/4|12:40:11|GMT+0800

[info] Log at : 2025/5/4|13:17:03|GMT+0800

[info] Log at : 2025/5/4|13:17:09|GMT+0800

[info] Log at : 2025/5/6|20:15:07|GMT+0800

[info] Log at : 2025/5/6|20:15:10|GMT+0800

[info] Log at : 2025/5/7|23:20:12|GMT+0800

[info] Log at : 2025/5/7|23:20:19|GMT+0800

[info] Log at : 2025/5/7|23:53:57|GMT+0800

[info] Log at : 2025/5/7|23:54:02|GMT+0800

[info] Log at : 2025/5/8|08:42:56|GMT+0800

[info] Log at : 2025/5/8|08:43:36|GMT+0800

[info] Log at : 2025/5/9|11:02:21|GMT+0800

[info] Log at : 2025/5/9|11:08:05|GMT+0800

[info] Log at : 2025/5/11|13:54:10|GMT+0800

[info] Log at : 2025/5/15|15:27:36|GMT+0800

[info] Log at : 2025/5/15|15:27:46|GMT+0800

[info] Log at : 2025/5/17|01:44:19|GMT+0800

[info] Log at : 2025/5/20|00:00:01|GMT+0800

[info] Log at : 2025/5/20|15:36:22|GMT+0800

[info] Log at : 2025/5/20|15:36:27|GMT+0800

[info] Log at : 2025/5/21|13:13:31|GMT+0800

[info] Log at : 2025/5/21|13:17:32|GMT+0800

[info] Log at : 2025/5/21|13:17:36|GMT+0800

[info] Log at : 2025/5/22|02:39:29|GMT+0800

[info] Log at : 2025/5/22|02:39:42|GMT+0800

[info] Log at : 2025/5/23|02:22:26|GMT+0800

[info] Log at : 2025/5/23|02:22:28|GMT+0800

[info] Log at : 2025/5/23|22:10:47|GMT+0800

[info] Log at : 2025/5/23|22:10:50|GMT+0800

[info] Log at : 2025/5/25|19:52:52|GMT+0800

[info] Log at : 2025/5/25|19:52:58|GMT+0800

[info] Log at : 2025/5/26|19:46:45|GMT+0800

[info] Log at : 2025/5/26|19:46:50|GMT+0800

[info] Log at : 2025/5/26|19:48:26|GMT+0800

[SyntaxError: Unexpected end of JSON input
	at JSON.parse (<anonymous>)
	at F.updateCppProperties (c:\Users\admin\.vscode\extensions\cl.keil-assistant-1.7.0\dist\extension.js:1:10849)
	at F.<anonymous> (c:\Users\admin\.vscode\extensions\cl.keil-assistant-1.7.0\dist\extension.js:1:12579)
	at Generator.next (<anonymous>)
	at c:\Users\admin\.vscode\extensions\cl.keil-assistant-1.7.0\dist\extension.js:1:4480
	at new Promise (<anonymous>)
	at r (c:\Users\admin\.vscode\extensions\cl.keil-assistant-1.7.0\dist\extension.js:1:4225)
	at F.load (c:\Users\admin\.vscode\extensions\cl.keil-assistant-1.7.0\dist\extension.js:1:11310)
	at w.<anonymous> (c:\Users\admin\.vscode\extensions\cl.keil-assistant-1.7.0\dist\extension.js:1:8737)
	at Generator.next (<anonymous>)
	at a (c:\Users\admin\.vscode\extensions\cl.keil-assistant-1.7.0\dist\extension.js:1:4282)]
[info] Log at : 2025/5/26|19:48:29|GMT+0800

[info] Log at : 2025/5/26|23:28:53|GMT+0800

[info] Log at : 2025/5/26|23:30:28|GMT+0800

[info] Log at : 2025/5/28|03:15:23|GMT+0800

[info] Log at : 2025/5/28|03:15:30|GMT+0800

[info] Log at : 2025/5/28|23:48:36|GMT+0800

[info] Log at : 2025/5/29|16:30:23|GMT+0800

[info] Log at : 2025/5/30|05:04:03|GMT+0800

[info] Log at : 2025/5/30|05:04:10|GMT+0800

[info] Log at : 2025/5/30|08:41:36|GMT+0800

[info] Log at : 2025/5/30|08:41:53|GMT+0800

[info] Log at : 2025/5/31|18:27:32|GMT+0800

[info] Log at : 2025/5/31|18:27:38|GMT+0800

[info] Log at : 2025/6/8|17:20:12|GMT+0800

[info] Log at : 2025/6/8|17:20:17|GMT+0800

[info] Log at : 2025/6/14|11:33:48|GMT+0800

[info] Log at : 2025/6/14|11:33:55|GMT+0800

[info] Log at : 2025/6/19|20:54:46|GMT+0800

[info] Log at : 2025/6/19|20:54:49|GMT+0800

[info] Log at : 2025/6/20|09:44:46|GMT+0800

[info] Log at : 2025/6/20|09:44:54|GMT+0800

[info] Log at : 2025/6/28|19:11:38|GMT+0800

[info] Log at : 2025/6/28|19:11:42|GMT+0800

[info] Log at : 2025/6/29|09:58:02|GMT+0800

[info] Log at : 2025/6/29|09:58:05|GMT+0800

[info] Log at : 2025/7/14|18:00:44|GMT+0800

[info] Log at : 2025/7/20|20:31:53|GMT+0800

[info] Log at : 2025/7/25|12:47:26|GMT+0800

[info] Log at : 2025/7/27|09:25:40|GMT+0800

[info] Log at : 2025/7/30|10:12:10|GMT+0800

[info] Log at : 2025/7/30|10:12:18|GMT+0800

[info] Log at : 2025/7/30|19:34:42|GMT+0800

[info] Log at : 2025/7/30|19:34:47|GMT+0800

[info] Log at : 2025/8/2|19:53:19|GMT+0800

[info] Log at : 2025/8/2|19:53:27|GMT+0800

[info] Log at : 2025/8/8|13:35:54|GMT+0800

[info] Log at : 2025/8/8|13:37:52|GMT+0800

[info] Log at : 2025/8/8|13:37:56|GMT+0800

[info] Log at : 2025/8/8|13:55:19|GMT+0800

[info] Log at : 2025/8/8|13:55:27|GMT+0800

[info] Log at : 2025/8/8|19:00:15|GMT+0800

[info] Log at : 2025/8/8|19:11:27|GMT+0800

[info] Log at : 2025/8/8|23:07:21|GMT+0800

[info] Log at : 2025/8/8|23:07:29|GMT+0800

[info] Log at : 2025/8/8|23:14:03|GMT+0800

[info] Log at : 2025/8/8|23:16:55|GMT+0800

[info] Log at : 2025/8/9|00:30:40|GMT+0800

[info] Log at : 2025/8/9|00:30:44|GMT+0800

[info] Log at : 2025/8/9|00:35:48|GMT+0800

[info] Log at : 2025/8/9|00:50:18|GMT+0800

[info] Log at : 2025/8/9|00:53:08|GMT+0800

[info] Log at : 2025/8/9|00:55:25|GMT+0800

[info] Log at : 2025/8/9|00:55:28|GMT+0800

[info] Log at : 2025/8/9|00:58:05|GMT+0800

[info] Log at : 2025/8/9|00:58:08|GMT+0800

[info] Log at : 2025/8/9|01:11:16|GMT+0800

[info] Log at : 2025/8/9|01:11:19|GMT+0800

[info] Log at : 2025/8/9|01:13:32|GMT+0800

[info] Log at : 2025/8/9|01:13:36|GMT+0800

[info] Log at : 2025/8/9|01:21:19|GMT+0800

[info] Log at : 2025/8/9|01:21:23|GMT+0800

[info] Log at : 2025/8/9|01:46:28|GMT+0800

[info] Log at : 2025/8/9|09:30:53|GMT+0800

[info] Log at : 2025/8/9|09:31:01|GMT+0800

[info] Log at : 2025/8/9|10:29:15|GMT+0800

[info] Log at : 2025/8/9|10:29:22|GMT+0800

[info] Log at : 2025/8/9|11:02:12|GMT+0800

[info] Log at : 2025/8/9|11:03:31|GMT+0800

[info] Log at : 2025/8/9|11:03:34|GMT+0800

