<html>
<body>
<pre>
<h1>µVision Build Log</h1>
<h2>Tool Versions:</h2>
IDE-Version: ¦ÌVision V5.43.0.0
Copyright (C) 2025 ARM Ltd and ARM Germany GmbH. All rights reserved.
License Information: 1 Windows, HP Inc., LIC=UJWP0-BDRR4-DYWV3-A30UP-YSS4X-QKYUU
 
Tool Versions:
Toolchain:       MDK-ARM Plus  Version: 5.43.0.0
Toolchain Path:  D:\DEV\Embedded\Keil_v5\ARM\ARMCC\Bin
C Compiler:      Armcc.exe V5.06 update 7 (build 960)
Assembler:       Armasm.exe V5.06 update 7 (build 960)
Linker/Locator:  ArmLink.exe V5.06 update 7 (build 960)
Library Manager: ArmAr.exe V5.06 update 7 (build 960)
Hex Converter:   FromElf.exe V5.06 update 7 (build 960)
CPU DLL:         SARMCM3.DLL V5.43.0.0
Dialog DLL:      DCM.DLL V1.17.5.0
Target DLL:      CMSIS_AGDI.dll V1.33.24.0
Dialog DLL:      TCM.DLL V1.56.6.0
 
<h2>Project:</h2>
d:\RoboMaster\code\omni\NEXT-E_Robot_Component_Library\example\Gimbal\MDK-ARM\Gimbal.uvprojx
Project File Date:  08/09/2025

<h2>Output:</h2>
*** Using Compiler 'V5.06 update 7 (build 960)', folder: 'D:\DEV\Embedded\Keil_v5\ARM\ARMCC\Bin'
Build target 'Gimbal'
compiling usbd_desc.c...
compiling dma.c...
compiling tim.c...
compiling spi.c...
compiling gpio.c...
compiling stm32f4xx_hal_msp.c...
compiling can.c...
compiling usbd_ioreq.c...
compiling pid.c...
compiling gimbal.c...
compiling CallBacks.c...
compiling usbd_cdc.c...
compiling main.c...
compiling usbd_cdc_if.c...
compiling DJI_Motor.c...
compiling addOns.c...
compiling usbd_core.c...
compiling usart.c...
compiling usbd_conf.c...
compiling usbd_ctlreq.c...
compiling usb_device.c...
compiling stm32f4xx_it.c...
compiling chassis.c...
compiling bsp_dwt.c...
compiling CRC8_CRC16.c...
compiling RC_task.c...
compiling BMI088Middleware.c...
compiling bsp_wbus.c...
compiling referee.c...
compiling Vofa.c...
compiling app_et07.c...
compiling remote_control.c...
compiling transfer_function.c...
compiling bsp_PWM.c...
compiling BMI088.c...
compiling BMI088driver.c...
compiling user_lib.c...
compiling RobotModManage.c...
compiling BMI_IMU.c...
compiling shooter.c...
compiling MCUConnect.c...
compiling VisionConnect.c...
compiling controller.c...
linking...
Program Size: Code=72442 RO-data=3766 RW-data=1732 ZI-data=20092  
FromELF: creating hex file...
"Gimbal\Gimbal.axf" - 0 Error(s), 0 Warning(s).

<h2>Software Packages used:</h2>

Package Vendor: ARM
                https://www.keil.com/pack/ARM.CMSIS.6.2.0.pack
                ARM::CMSIS@6.2.0
                CMSIS (Common Microcontroller Software Interface Standard)
   * Component: CORE Version: 6.1.1

Package Vendor: Keil
                https://www.keil.com/pack/Keil.STM32F4xx_DFP.3.1.0.pack
                Keil::STM32F4xx_DFP@3.1.0
                STMicroelectronics STM32F4 Series Device Support

<h2>Collection of Component include folders:</h2>
  ./RTE/_Gimbal
  C:/Users/admin/AppData/Local/Arm/Packs/ARM/CMSIS/6.2.0/CMSIS/Core/Include

<h2>Collection of Component Files used:</h2>

   * Component: ARM::CMSIS:CORE@6.1.1
      Include file:  CMSIS/Core/Include/tz_context.h
Build Time Elapsed:  00:00:15
</pre>
</body>
</html>
