Component: ARM Compiler 5.06 update 6 (build 750) Tool: armlink [4d35ed]

==============================================================================

Section Cross References

    startup_stm32f407xx.o(RESET) refers to startup_stm32f407xx.o(STACK) for __initial_sp
    startup_stm32f407xx.o(RESET) refers to startup_stm32f407xx.o(.text) for Reset_Handler
    startup_stm32f407xx.o(RESET) refers to stm32f4xx_it.o(i.NMI_Handler) for NMI_Handler
    startup_stm32f407xx.o(RESET) refers to stm32f4xx_it.o(i.HardFault_Handler) for HardFault_Handler
    startup_stm32f407xx.o(RESET) refers to stm32f4xx_it.o(i.MemManage_Handler) for MemManage_Handler
    startup_stm32f407xx.o(RESET) refers to stm32f4xx_it.o(i.BusFault_Handler) for BusFault_Handler
    startup_stm32f407xx.o(RESET) refers to stm32f4xx_it.o(i.UsageFault_Handler) for UsageFault_Handler
    startup_stm32f407xx.o(RESET) refers to stm32f4xx_it.o(i.SVC_Handler) for SVC_Handler
    startup_stm32f407xx.o(RESET) refers to stm32f4xx_it.o(i.DebugMon_Handler) for DebugMon_Handler
    startup_stm32f407xx.o(RESET) refers to stm32f4xx_it.o(i.PendSV_Handler) for PendSV_Handler
    startup_stm32f407xx.o(RESET) refers to stm32f4xx_it.o(i.SysTick_Handler) for SysTick_Handler
    startup_stm32f407xx.o(RESET) refers to stm32f4xx_it.o(i.EXTI3_IRQHandler) for EXTI3_IRQHandler
    startup_stm32f407xx.o(RESET) refers to stm32f4xx_it.o(i.EXTI4_IRQHandler) for EXTI4_IRQHandler
    startup_stm32f407xx.o(RESET) refers to stm32f4xx_it.o(i.DMA1_Stream1_IRQHandler) for DMA1_Stream1_IRQHandler
    startup_stm32f407xx.o(RESET) refers to stm32f4xx_it.o(i.CAN1_TX_IRQHandler) for CAN1_TX_IRQHandler
    startup_stm32f407xx.o(RESET) refers to stm32f4xx_it.o(i.CAN1_RX0_IRQHandler) for CAN1_RX0_IRQHandler
    startup_stm32f407xx.o(RESET) refers to stm32f4xx_it.o(i.CAN1_RX1_IRQHandler) for CAN1_RX1_IRQHandler
    startup_stm32f407xx.o(RESET) refers to stm32f4xx_it.o(i.EXTI9_5_IRQHandler) for EXTI9_5_IRQHandler
    startup_stm32f407xx.o(RESET) refers to stm32f4xx_it.o(i.TIM1_BRK_TIM9_IRQHandler) for TIM1_BRK_TIM9_IRQHandler
    startup_stm32f407xx.o(RESET) refers to stm32f4xx_it.o(i.TIM1_TRG_COM_TIM11_IRQHandler) for TIM1_TRG_COM_TIM11_IRQHandler
    startup_stm32f407xx.o(RESET) refers to stm32f4xx_it.o(i.USART1_IRQHandler) for USART1_IRQHandler
    startup_stm32f407xx.o(RESET) refers to stm32f4xx_it.o(i.USART3_IRQHandler) for USART3_IRQHandler
    startup_stm32f407xx.o(RESET) refers to stm32f4xx_it.o(i.TIM8_BRK_TIM12_IRQHandler) for TIM8_BRK_TIM12_IRQHandler
    startup_stm32f407xx.o(RESET) refers to stm32f4xx_it.o(i.TIM8_UP_TIM13_IRQHandler) for TIM8_UP_TIM13_IRQHandler
    startup_stm32f407xx.o(RESET) refers to stm32f4xx_it.o(i.TIM8_TRG_COM_TIM14_IRQHandler) for TIM8_TRG_COM_TIM14_IRQHandler
    startup_stm32f407xx.o(RESET) refers to stm32f4xx_it.o(i.TIM6_DAC_IRQHandler) for TIM6_DAC_IRQHandler
    startup_stm32f407xx.o(RESET) refers to stm32f4xx_it.o(i.DMA2_Stream1_IRQHandler) for DMA2_Stream1_IRQHandler
    startup_stm32f407xx.o(RESET) refers to stm32f4xx_it.o(i.DMA2_Stream2_IRQHandler) for DMA2_Stream2_IRQHandler
    startup_stm32f407xx.o(RESET) refers to stm32f4xx_it.o(i.DMA2_Stream3_IRQHandler) for DMA2_Stream3_IRQHandler
    startup_stm32f407xx.o(RESET) refers to stm32f4xx_it.o(i.CAN2_TX_IRQHandler) for CAN2_TX_IRQHandler
    startup_stm32f407xx.o(RESET) refers to stm32f4xx_it.o(i.CAN2_RX0_IRQHandler) for CAN2_RX0_IRQHandler
    startup_stm32f407xx.o(RESET) refers to stm32f4xx_it.o(i.CAN2_RX1_IRQHandler) for CAN2_RX1_IRQHandler
    startup_stm32f407xx.o(RESET) refers to stm32f4xx_it.o(i.OTG_FS_IRQHandler) for OTG_FS_IRQHandler
    startup_stm32f407xx.o(RESET) refers to stm32f4xx_it.o(i.DMA2_Stream6_IRQHandler) for DMA2_Stream6_IRQHandler
    startup_stm32f407xx.o(RESET) refers to stm32f4xx_it.o(i.DMA2_Stream7_IRQHandler) for DMA2_Stream7_IRQHandler
    startup_stm32f407xx.o(RESET) refers to stm32f4xx_it.o(i.USART6_IRQHandler) for USART6_IRQHandler
    startup_stm32f407xx.o(.text) refers to system_stm32f4xx.o(i.SystemInit) for SystemInit
    startup_stm32f407xx.o(.text) refers to entry.o(.ARM.Collect$$$$00000000) for __main
    main.o(i.SystemClock_Config) refers to memseta.o(.text) for __aeabi_memclr4
    main.o(i.SystemClock_Config) refers to stm32f4xx_hal_rcc.o(i.HAL_RCC_OscConfig) for HAL_RCC_OscConfig
    main.o(i.SystemClock_Config) refers to stm32f4xx_hal_rcc.o(i.HAL_RCC_ClockConfig) for HAL_RCC_ClockConfig
    main.o(i.main) refers to stm32f4xx_hal.o(i.HAL_Init) for HAL_Init
    main.o(i.main) refers to main.o(i.SystemClock_Config) for SystemClock_Config
    main.o(i.main) refers to gpio.o(i.MX_GPIO_Init) for MX_GPIO_Init
    main.o(i.main) refers to dma.o(i.MX_DMA_Init) for MX_DMA_Init
    main.o(i.main) refers to can.o(i.MX_CAN1_Init) for MX_CAN1_Init
    main.o(i.main) refers to can.o(i.MX_CAN2_Init) for MX_CAN2_Init
    main.o(i.main) refers to tim.o(i.MX_TIM13_Init) for MX_TIM13_Init
    main.o(i.main) refers to tim.o(i.MX_TIM14_Init) for MX_TIM14_Init
[...]
    USBD_LL_PrepareReceive                   0x0800959f   Thumb Code    18  usbd_conf.o(i.USBD_LL_PrepareReceive)
    USBD_LL_Reset                            0x080095b1   Thumb Code    92  usbd_core.o(i.USBD_LL_Reset)
    USBD_LL_Resume                           0x0800960d   Thumb Code    20  usbd_core.o(i.USBD_LL_Resume)
    USBD_LL_SOF                              0x08009621   Thumb Code    26  usbd_core.o(i.USBD_LL_SOF)
    USBD_LL_SetSpeed                         0x0800963b   Thumb Code     6  usbd_core.o(i.USBD_LL_SetSpeed)
    USBD_LL_SetUSBAddress                    0x08009641   Thumb Code    18  usbd_conf.o(i.USBD_LL_SetUSBAddress)
    USBD_LL_SetupStage                       0x08009653   Thumb Code    96  usbd_core.o(i.USBD_LL_SetupStage)
    USBD_LL_StallEP                          0x080096b3   Thumb Code    18  usbd_conf.o(i.USBD_LL_StallEP)
    USBD_LL_Start                            0x080096c5   Thumb Code    18  usbd_conf.o(i.USBD_LL_Start)
    USBD_LL_Suspend                          0x080096d7   Thumb Code    26  usbd_core.o(i.USBD_LL_Suspend)
    USBD_LL_Transmit                         0x080096f1   Thumb Code    18  usbd_conf.o(i.USBD_LL_Transmit)
    USBD_ParseSetupRequest                   0x08009703   Thumb Code    48  usbd_ctlreq.o(i.USBD_ParseSetupRequest)
    USBD_RegisterClass                       0x08009733   Thumb Code    58  usbd_core.o(i.USBD_RegisterClass)
    USBD_SetClassConfig                      0x0800976d   Thumb Code    20  usbd_core.o(i.USBD_SetClassConfig)
    USBD_Start                               0x08009839   Thumb Code     4  usbd_core.o(i.USBD_Start)
    USBD_StdDevReq                           0x0800983d   Thumb Code   300  usbd_ctlreq.o(i.USBD_StdDevReq)
    USBD_StdEPReq                            0x08009969   Thumb Code   352  usbd_ctlreq.o(i.USBD_StdEPReq)
    USBD_StdItfReq                           0x08009ac9   Thumb Code   114  usbd_ctlreq.o(i.USBD_StdItfReq)
    USBD_static_free                         0x08009b3b   Thumb Code     2  usbd_conf.o(i.USBD_static_free)
    USBD_static_malloc                       0x08009b3d   Thumb Code     4  usbd_conf.o(i.USBD_static_malloc)
    USB_ActivateEndpoint                     0x08009b45   Thumb Code   122  stm32f4xx_ll_usb.o(i.USB_ActivateEndpoint)
    USB_ActivateSetup                        0x08009bc5   Thumb Code    28  stm32f4xx_ll_usb.o(i.USB_ActivateSetup)
    USB_CoreInit                             0x08009be1   Thumb Code   126  stm32f4xx_ll_usb.o(i.USB_CoreInit)
    USB_DeactivateEndpoint                   0x08009ca1   Thumb Code   198  stm32f4xx_ll_usb.o(i.USB_DeactivateEndpoint)
    USB_DevConnect                           0x08009d71   Thumb Code    28  stm32f4xx_ll_usb.o(i.USB_DevConnect)
    USB_DevDisconnect                        0x08009d8d   Thumb Code    28  stm32f4xx_ll_usb.o(i.USB_DevDisconnect)
    USB_DevInit                              0x08009da9   Thumb Code   358  stm32f4xx_ll_usb.o(i.USB_DevInit)
    USB_DisableGlobalInt                     0x08009f19   Thumb Code    12  stm32f4xx_ll_usb.o(i.USB_DisableGlobalInt)
    USB_EP0_OutStart                         0x08009f25   Thumb Code    84  stm32f4xx_ll_usb.o(i.USB_EP0_OutStart)
    USB_EPClearStall                         0x08009f7d   Thumb Code    88  stm32f4xx_ll_usb.o(i.USB_EPClearStall)
    USB_EPSetStall                           0x08009fd5   Thumb Code    88  stm32f4xx_ll_usb.o(i.USB_EPSetStall)
    USB_EPStartXfer                          0x0800a02d   Thumb Code   562  stm32f4xx_ll_usb.o(i.USB_EPStartXfer)
    USB_EPStopXfer                           0x0800a265   Thumb Code   156  stm32f4xx_ll_usb.o(i.USB_EPStopXfer)
    USB_EnableGlobalInt                      0x0800a301   Thumb Code    12  stm32f4xx_ll_usb.o(i.USB_EnableGlobalInt)
    USB_FlushRxFifo                          0x0800a30d   Thumb Code    56  stm32f4xx_ll_usb.o(i.USB_FlushRxFifo)
    USB_FlushTxFifo                          0x0800a345   Thumb Code    60  stm32f4xx_ll_usb.o(i.USB_FlushTxFifo)
    USB_GetDevSpeed                          0x0800a381   Thumb Code    26  stm32f4xx_ll_usb.o(i.USB_GetDevSpeed)
    USB_GetMode                              0x0800a39b   Thumb Code     8  stm32f4xx_ll_usb.o(i.USB_GetMode)
    USB_ReadDevAllInEpInterrupt              0x0800a3a3   Thumb Code    14  stm32f4xx_ll_usb.o(i.USB_ReadDevAllInEpInterrupt)
    USB_ReadDevAllOutEpInterrupt             0x0800a3b1   Thumb Code    14  stm32f4xx_ll_usb.o(i.USB_ReadDevAllOutEpInterrupt)
    USB_ReadDevInEPInterrupt                 0x0800a3bf   Thumb Code    36  stm32f4xx_ll_usb.o(i.USB_ReadDevInEPInterrupt)
    USB_ReadDevOutEPInterrupt                0x0800a3e3   Thumb Code    16  stm32f4xx_ll_usb.o(i.USB_ReadDevOutEPInterrupt)
    USB_ReadInterrupts                       0x0800a3f3   Thumb Code     8  stm32f4xx_ll_usb.o(i.USB_ReadInterrupts)
    USB_ReadPacket                           0x0800a3fb   Thumb Code    62  stm32f4xx_ll_usb.o(i.USB_ReadPacket)
    USB_SetCurrentMode                       0x0800a439   Thumb Code    92  stm32f4xx_ll_usb.o(i.USB_SetCurrentMode)
    USB_SetDevAddress                        0x0800a495   Thumb Code    34  stm32f4xx_ll_usb.o(i.USB_SetDevAddress)
    USB_SetTurnaroundTime                    0x0800a4b9   Thumb Code   158  stm32f4xx_ll_usb.o(i.USB_SetTurnaroundTime)
    USB_WritePacket                          0x0800a5a1   Thumb Code    38  stm32f4xx_ll_usb.o(i.USB_WritePacket)
    UsageFault_Handler                       0x0800a5c7   Thumb Code     2  stm32f4xx_it.o(i.UsageFault_Handler)
    VisionConnectINIT                        0x0800a5c9   Thumb Code    24  visionconnect.o(i.VisionConnectINIT)
    VisionConnectSend                        0x0800a5e1   Thumb Code    24  visionconnect.o(i.VisionConnectSend)
    VisionConnectUpdateTX                    0x0800a5f9   Thumb Code    36  visionconnect.o(i.VisionConnectUpdateTX)
    VisionGetState                           0x0800a621   Thumb Code    28  visionconnect.o(i.VisionGetState)
    W_BUS_IDLEHandler                        0x0800a63d   Thumb Code   140  bsp_wbus.o(i.W_BUS_IDLEHandler)
    W_BUS_Init                               0x0800a6e5   Thumb Code    84  bsp_wbus.o(i.W_BUS_Init)
    __ARM_fpclassifyf                        0x0800a745   Thumb Code    38  fpclassifyf.o(i.__ARM_fpclassifyf)
    __hardfp_acosf                           0x0800a78d   Thumb Code   234  acosf.o(i.__hardfp_acosf)
    __hardfp_asinf                           0x0800a8a5   Thumb Code   258  asinf.o(i.__hardfp_asinf)
    __hardfp_atan2f                          0x0800a9d1   Thumb Code   502  atan2f.o(i.__hardfp_atan2f)
    __hardfp_ceil                            0x0800ac21   Thumb Code   252  ceil.o(i.__hardfp_ceil)
    __hardfp_sqrtf                           0x0800ad39   Thumb Code    58  sqrtf_full.o(i.__hardfp_sqrtf)
    __mathlib_flt_infnan                     0x0800ad73   Thumb Code     6  funder.o(i.__mathlib_flt_infnan)
    __mathlib_flt_infnan2                    0x0800ad79   Thumb Code     6  funder.o(i.__mathlib_flt_infnan2)
    __mathlib_flt_invalid                    0x0800ad81   Thumb Code    10  funder.o(i.__mathlib_flt_invalid)
    __mathlib_flt_underflow                  0x0800ad91   Thumb Code    10  funder.o(i.__mathlib_flt_underflow)
    __scatterload_copy                       0x0800ada1   Thumb Code    14  handlers.o(i.__scatterload_copy)
    __scatterload_null                       0x0800adaf   Thumb Code     2  handlers.o(i.__scatterload_null)
    __scatterload_zeroinit                   0x0800adb1   Thumb Code    14  handlers.o(i.__scatterload_zeroinit)
    __set_errno                              0x0800adc1   Thumb Code     6  errno.o(i.__set_errno)
    bmi088_accel_init                        0x0800adcd   Thumb Code   292  bmi088driver.o(i.bmi088_accel_init)
    bmi088_gyro_init                         0x0800aef5   Thumb Code   246  bmi088driver.o(i.bmi088_gyro_init)
    connectionFifoWrite                      0x0800aff1   Thumb Code   172  mcuconnect.o(i.connectionFifoWrite)
    connectionINIT                           0x0800b09d   Thumb Code   134  mcuconnect.o(i.connectionINIT)
    connectionRcceiveData                    0x0800b12d   Thumb Code   248  mcuconnect.o(i.connectionRcceiveData)
    connectionSendData                       0x0800b229   Thumb Code   196  mcuconnect.o(i.connectionSendData)
    connectionUnpackData                     0x0800b2ed   Thumb Code   108  mcuconnect.o(i.connectionUnpackData)
    ecdZeroCrossing                          0x0800b365   Thumb Code    76  addons.o(i.ecdZeroCrossing)
    fifo_s_get                               0x0800b5bd   Thumb Code    44  fifo.o(i.fifo_s_get)
    fifo_s_init                              0x0800b5e9   Thumb Code    22  fifo.o(i.fifo_s_init)
    fifo_s_puts                              0x0800b5ff   Thumb Code   124  fifo.o(i.fifo_s_puts)
    fifo_s_used                              0x0800b67b   Thumb Code     4  fifo.o(i.fifo_s_used)
    floatTOint                               0x0800b67f   Thumb Code    20  tools.o(i.floatTOint)
    float_constrain                          0x0800b693   Thumb Code    32  user_lib.o(i.float_constrain)
    float_rounding                           0x0800b6b3   Thumb Code    34  user_lib.o(i.float_rounding)
    free                                     0x0800b6d5   Thumb Code    76  malloc.o(i.free)
    get_CRC16_check_sum                      0x0800b725   Thumb Code    38  crc8_crc16.o(i.get_CRC16_check_sum)
    get_CRC8_check_sum                       0x0800b751   Thumb Code    22  crc8_crc16.o(i.get_CRC8_check_sum)
    gimbalINIT                               0x0800b76d   Thumb Code    10  gimbal.o(i.gimbalINIT)
    gimbalRun                                0x0800b777   Thumb Code   132  gimbal.o(i.gimbalRun)
    init_referee_struct_data                 0x0800b7fd   Thumb Code   168  referee.o(i.init_referee_struct_data)
    main                                     0x0800b8d9   Thumb Code   710  main.o(i.main)
    malloc                                   0x0800bc0d   Thumb Code    92  malloc.o(i.malloc)
    pidINIT                                  0x0800bc79   Thumb Code    30  pid.o(i.pidINIT)
    refereeINIT                              0x0800bc99   Thumb Code    56  referee.o(i.refereeINIT)
    refereeReceiveHandler                    0x0800bce5   Thumb Code   126  referee.o(i.refereeReceiveHandler)
    referee_data_solve                       0x0800bd79   Thumb Code   396  referee.o(i.referee_data_solve)
    referee_unpack_fifo_data                 0x0800bf0d   Thumb Code   250  referee.o(i.referee_unpack_fifo_data)
    referee_usart_init                       0x0800c011   Thumb Code   168  referee.o(i.referee_usart_init)
    remote_controller                        0x0800c0c5   Thumb Code  1150  robotmodmanage.o(i.remote_controller)
    shooterINIT                              0x0800c549   Thumb Code    36  shooter.o(i.shooterINIT)
    shooterRun                               0x0800c56d   Thumb Code   278  shooter.o(i.shooterRun)
    shooterStuckProcess                      0x0800c689   Thumb Code   210  shooter.o(i.shooterStuckProcess)
    sqrtf                                    0x0800c769   Thumb Code    62  sqrtf_full.o(i.sqrtf)
    tune                                     0x0800c7a9   Thumb Code    10  robotmodmanage.o(i.tune)
    tuneINIT                                 0x0800c7b9   Thumb Code    20  robotmodmanage.o(i.tuneINIT)
    tuneRun                                  0x0800c7d1   Thumb Code    52  robotmodmanage.o(i.tuneRun)
    verify_CRC16_check_sum                   0x0800c811   Thumb Code    54  crc8_crc16.o(i.verify_CRC16_check_sum)
    verify_CRC8_check_sum                    0x0800c84d   Thumb Code    38  crc8_crc16.o(i.verify_CRC8_check_sum)
    AHBPrescTable                            0x0800c87a   Data          16  system_stm32f4xx.o(.constdata)
    APBPrescTable                            0x0800c88a   Data           8  system_stm32f4xx.o(.constdata)
    xb                                       0x0800c894   Data          12  bmi_imu.o(.constdata)
    yb                                       0x0800c8a0   Data          12  bmi_imu.o(.constdata)
    zb                                       0x0800c8ac   Data          12  bmi_imu.o(.constdata)
    IMU_QuaternionEKF_F                      0x0800c8c4   Data         144  quaternionekf.o(.constdata)
    CRC8_table                               0x0800c954   Data         256  crc8_crc16.o(.constdata)
    wCRC_table                               0x0800ca54   Data         512  crc8_crc16.o(.constdata)
    sinTable_f32                             0x0800cc54   Data        2052  arm_common_tables.o(.constdata)
    Region$$Table$$Base                      0x0800d458   Number         0  anon$$obj.o(Region$$Table)
    Region$$Table$$Limit                     0x0800d478   Number         0  anon$$obj.o(Region$$Table)
    tuneTime                                 0x20000000   Data           1  main.o(.data)
    uwTickFreq                               0x20000008   Data           1  stm32f4xx_hal.o(.data)
    uwTickPrio                               0x2000000c   Data           4  stm32f4xx_hal.o(.data)
    uwTick                                   0x20000010   Data           4  stm32f4xx_hal.o(.data)
    SystemCoreClock                          0x20000014   Data           4  system_stm32f4xx.o(.data)
    FS_Desc                                  0x20000018   Data          28  usbd_desc.o(.data)
    USBD_LangIDDesc                          0x20000034   Data           4  usbd_desc.o(.data)
    USBD_FS_DeviceDesc                       0x20000038   Data          18  usbd_desc.o(.data)
    USBD_StringSerial                        0x2000004c   Data          26  usbd_desc.o(.data)
    USBD_Interface_fops_FS                   0x20000068   Data          20  usbd_cdc_if.o(.data)
    USBD_CDC                                 0x200000d4   Data          56  usbd_cdc.o(.data)
    YAW_Speed_PID                            0x2000010c   Data          20  pid.o(.data)
    YAW_Angle_PID                            0x20000120   Data          20  pid.o(.data)
    PITCH_Speed_IMU_PID                      0x20000134   Data          20  pid.o(.data)
    PITCH_Angle_IMU_PID                      0x20000148   Data          20  pid.o(.data)
    FRI_Speed_PID                            0x2000015c   Data          20  pid.o(.data)
    M2006_Speed_PID                          0x20000170   Data          20  pid.o(.data)
    INS_DWT_Count                            0x20000184   Data           4  bmi_imu.o(.data)
    RefTemp                                  0x20000190   Data           4  bmi_imu.o(.data)
    SysTime                                  0x200001f8   Data           8  bsp_dwt.o(.data)
    CYCCNT64                                 0x20000200   Data           8  bsp_dwt.o(.data)
    sizeof_float                             0x20000208   Data           2  kalman_filter.o(.data)
    sizeof_double                            0x2000020a   Data           2  kalman_filter.o(.data)
    IMU_QuaternionEKF_P                      0x20000264   Data         144  quaternionekf.o(.data)
    caliOffset                               0x200002f7   Data           1  bmi088driver.o(.data)
    caliCount                                0x200002f8   Data           2  bmi088driver.o(.data)
    BMI088_ACCEL_SEN                         0x20000300   Data           4  bmi088driver.o(.data)
    BMI088_GYRO_SEN                          0x20000304   Data           4  bmi088driver.o(.data)
    gNormDiff                                0x2000030c   Data           4  bmi088driver.o(.data)
    BMI088_SPI                               0x2000033c   Data           4  bmi088middleware.o(.data)
    packLostCount                            0x20000348   Data           4  mcuconnect.o(.data)
    PWMpulse                                 0x2000034e   Data           2  robotmodmanage.o(.data)
    PCflags                                  0x20000352   Data           3  robotmodmanage.o(.data)
    visionState                              0x20000355   Data           4  visionconnect.o(.data)
    CRC16_INIT                               0x2000035a   Data           2  crc8_crc16.o(.data)
    game_result                              0x2000035c   Data           1  referee.o(.data)
    hurt_data                                0x2000035d   Data           1  referee.o(.data)
    air_support_data                         0x20000360   Data           2  referee.o(.data)
    referee_warning                          0x20000362   Data           3  referee.o(.data)
    dart_remaining_time                      0x20000365   Data           3  referee.o(.data)
    supply_projectile_action                 0x20000368   Data           4  referee.o(.data)
    rfid_status                              0x2000036c   Data           4  referee.o(.data)
    referee_receive_header                   0x20000370   Data           5  referee.o(.data)
    referee_send_header                      0x20000375   Data           5  referee.o(.data)
    event_data                               0x2000037a   Data           5  referee.o(.data)
    robot_buff                               0x2000037f   Data           6  referee.o(.data)
    projectile_allowance                     0x20000385   Data           6  referee.o(.data)
    dart_client_cmd                          0x2000038b   Data           6  referee.o(.data)
    radar_mark_data                          0x20000391   Data           6  referee.o(.data)
    shoot_data                               0x20000397   Data           7  referee.o(.data)
    __microlib_freelist                      0x200003a0   Data           4  mvars.o(.data)
    __microlib_freelist_initialised          0x200003a4   Data           4  mvars.o(.data)
    group1                                   0x200003ac   Data         192  main.o(.bss)
    motorYaw                                 0x2000046c   Data         236  main.o(.bss)
    motorPitch                               0x20000558   Data         236  main.o(.bss)
    group2                                   0x20000644   Data         192  main.o(.bss)
    motorfriR                                0x20000704   Data         236  main.o(.bss)
    motorfriL                                0x200007f0   Data         236  main.o(.bss)
    motor2006                                0x200008dc   Data         236  main.o(.bss)
    shooter1                                 0x200009c8   Data          40  main.o(.bss)
    vision1                                  0x200009f0   Data          26  main.o(.bss)
    GimbalControlData                        0x20000a0c   Data          12  main.o(.bss)
    connect                                  0x20000a18   Data         860  main.o(.bss)
    gimbal1                                  0x20000d74   Data          16  main.o(.bss)
    BMI088_gimbal                            0x20000d84   Data          28  main.o(.bss)
    ChassisControlData                       0x20000da0   Data          16  main.o(.bss)
    RefereeData                              0x20000db0   Data          12  main.o(.bss)
    hcan1                                    0x20000dbc   Data          40  can.o(.bss)
    hcan2                                    0x20000de4   Data          40  can.o(.bss)
    hspi1                                    0x20000e0c   Data          88  spi.o(.bss)
    hdma_spi1_rx                             0x20000e64   Data          96  spi.o(.bss)
    hdma_spi1_tx                             0x20000ec4   Data          96  spi.o(.bss)
    htim1                                    0x20000f24   Data          72  tim.o(.bss)
    htim4                                    0x20000f6c   Data          72  tim.o(.bss)
    htim6                                    0x20000fb4   Data          72  tim.o(.bss)
    htim8                                    0x20000ffc   Data          72  tim.o(.bss)
    htim9                                    0x20001044   Data          72  tim.o(.bss)
    htim10                                   0x2000108c   Data          72  tim.o(.bss)
    htim11                                   0x200010d4   Data          72  tim.o(.bss)
    htim12                                   0x2000111c   Data          72  tim.o(.bss)
    htim13                                   0x20001164   Data          72  tim.o(.bss)
    htim14                                   0x200011ac   Data          72  tim.o(.bss)
    huart1                                   0x200011f4   Data          72  usart.o(.bss)
    huart3                                   0x2000123c   Data          72  usart.o(.bss)
    huart6                                   0x20001284   Data          72  usart.o(.bss)
    hdma_usart1_tx                           0x200012cc   Data          96  usart.o(.bss)
    hdma_usart3_rx                           0x2000132c   Data          96  usart.o(.bss)
    hdma_usart6_rx                           0x2000138c   Data          96  usart.o(.bss)
    hdma_usart6_tx                           0x200013ec   Data          96  usart.o(.bss)
    hUsbDeviceFS                             0x2000144c   Data         732  usb_device.o(.bss)
    USBD_StrDesc                             0x20001728   Data         512  usbd_desc.o(.bss)
    UserRxBufferFS                           0x20001928   Data        2048  usbd_cdc_if.o(.bss)
    UserTxBufferFS                           0x20002128   Data        2048  usbd_cdc_if.o(.bss)
    hpcd_USB_OTG_FS                          0x20002b48   Data        1252  usbd_conf.o(.bss)
    TempCtrl                                 0x2000302c   Data         170  bmi_imu.o(.bss)
    INS                                      0x200030d8   Data         116  bmi_imu.o(.bss)
    IMU_Param                                0x2000314c   Data          28  bmi_imu.o(.bss)
    QEKF_INS                                 0x20003168   Data         480  quaternionekf.o(.bss)
    IMU_QuaternionEKF_K                      0x20003348   Data          72  quaternionekf.o(.bss)
    IMU_QuaternionEKF_H                      0x20003390   Data          72  quaternionekf.o(.bss)
    gyroDiff                                 0x200033d8   Data          12  bmi088driver.o(.bss)
    BMI088                                   0x200033e4   Data          52  bmi088driver.o(.bss)
    W_BUSRxBuffer                            0x20003418   Data          50  bsp_wbus.o(.bss)
    RC_Data                                  0x2000344a   Data          24  rc_task.o(.bss)
    Vofa                                     0x20003464   Data          20  robotmodmanage.o(.bss)
    nav_rxd                                  0x20003478   Data          13  visionconnect.o(.bss)
    usart_buf                                0x20003488   Data        1024  referee.o(.bss)
    referee_fifo                             0x20003888   Data          24  referee.o(.bss)
    referee_fifo_buf                         0x200038a0   Data        1024  referee.o(.bss)
    referee_unpack_obj                       0x20003ca0   Data         137  referee.o(.bss)
    game_state                               0x20003d29   Data          11  referee.o(.bss)
    game_robot_HP                            0x20003d34   Data          32  referee.o(.bss)
    robot_state                              0x20003d54   Data          13  referee.o(.bss)
    power_heat_data                          0x20003d61   Data          16  referee.o(.bss)
    game_robot_pos                           0x20003d71   Data          12  referee.o(.bss)
    ground_robot_position                    0x20003d7d   Data          40  referee.o(.bss)
    robot_interaction_data                   0x20003da5   Data          26  referee.o(.bss)
    referee_remote_control                   0x20003dbf   Data          12  referee.o(.bss)
    __heap_base                              0x20003dd0   Data           0  startup_stm32f407xx.o(HEAP)
    __heap_limit                             0x20004dd0   Data           0  startup_stm32f407xx.o(HEAP)
    __initial_sp                             0x200051d0   Data           0  startup_stm32f407xx.o(STACK)



==============================================================================

Memory Map of the image

  Image Entry point : 0x08000189

  Load Region LR_IROM1 (Base: 0x08000000, Size: 0x0000d824, Max: 0x00100000, ABSOLUTE, COMPRESSED[0x0000d5d4])

    Execution Region ER_IROM1 (Exec base: 0x08000000, Load base: 0x08000000, Size: 0x0000d478, Max: 0x00100000, ABSOLUTE)

    Exec Addr    Load Addr    Size         Type   Attr      Idx    E Section Name        Object

    0x08000000   0x08000000   0x00000188   Data   RO            3    RESET               startup_stm32f407xx.o
    0x08000188   0x08000188   0x00000000   Code   RO         8223  * .ARM.Collect$$$$00000000  mc_w.l(entry.o)
    0x08000188   0x08000188   0x00000004   Code   RO         8330    .ARM.Collect$$$$00000001  mc_w.l(entry2.o)
    0x0800018c   0x0800018c   0x00000004   Code   RO         8333    .ARM.Collect$$$$00000004  mc_w.l(entry5.o)
    0x08000190   0x08000190   0x00000000   Code   RO         8335    .ARM.Collect$$$$00000008  mc_w.l(entry7b.o)
    0x08000190   0x08000190   0x00000000   Code   RO         8337    .ARM.Collect$$$$0000000A  mc_w.l(entry8b.o)
    0x08000190   0x08000190   0x00000008   Code   RO         8338    .ARM.Collect$$$$0000000B  mc_w.l(entry9a.o)
    0x08000198   0x08000198   0x00000000   Code   RO         8340    .ARM.Collect$$$$0000000D  mc_w.l(entry10a.o)
    0x08000198   0x08000198   0x00000000   Code   RO         8342    .ARM.Collect$$$$0000000F  mc_w.l(entry11a.o)
    0x08000198   0x08000198   0x00000004   Code   RO         8331    .ARM.Collect$$$$00002712  mc_w.l(entry2.o)
    0x0800019c   0x0800019c   0x00000024   Code   RO            4    .text               startup_stm32f407xx.o
    0x080001c0   0x080001c0   0x00000078   Code   RO         7822    .text               arm_cortexM4lf_math.lib(arm_cos_f32.o)
    0x08000238   0x08000238   0x00000094   Code   RO         7872    .text               arm_cortexM4lf_math.lib(arm_sin_f32.o)
    0x080002cc   0x080002cc   0x00000108   Code   RO         7896    .text               arm_cortexM4lf_math.lib(arm_mat_add_f32.o)
    0x080003d4   0x080003d4   0x00000008   Code   RO         7920    .text               arm_cortexM4lf_math.lib(arm_mat_init_f32.o)
    0x080003dc   0x080003dc   0x00000530   Code   RO         7944    .text               arm_cortexM4lf_math.lib(arm_mat_inverse_f32.o)
    0x0800090c   0x0800090c   0x0000013c   Code   RO         7968    .text               arm_cortexM4lf_math.lib(arm_mat_mult_f32.o)
    0x08000a48   0x08000a48   0x00000108   Code   RO         7992    .text               arm_cortexM4lf_math.lib(arm_mat_sub_f32.o)
    0x08000b50   0x08000b50   0x00000114   Code   RO         8016    .text               arm_cortexM4lf_math.lib(arm_mat_trans_f32.o)
    0x08000c64   0x08000c64   0x00000062   Code   RO         8226    .text               mc_w.l(uldiv.o)
    0x08000cc6   0x08000cc6   0x00000024   Code   RO         8231    .text               mc_w.l(memcpya.o)
    0x08000cea   0x08000cea   0x00000024   Code   RO         8233    .text               mc_w.l(memseta.o)
    0x08000d0e   0x08000d0e   0x0000014e   Code   RO         8265    .text               mf_w.l(dadd.o)
    0x08000e5c   0x08000e5c   0x000000e4   Code   RO         8267    .text               mf_w.l(dmul.o)
    0x08000f40   0x08000f40   0x00000022   Code   RO         8271    .text               mf_w.l(dflti.o)
    0x08000f62   0x08000f62   0x00000032   Code   RO         8275    .text               mf_w.l(dfixui.o)
    0x08000f94   0x08000f94   0x00000026   Code   RO         8277    .text               mf_w.l(f2d.o)
    0x08000fba   0x08000fba   0x00000002   PAD
    0x08000fbc   0x08000fbc   0x00000030   Code   RO         8279    .text               mf_w.l(cdcmple.o)
    0x08000fec   0x08000fec   0x00000038   Code   RO         8281    .text               mf_w.l(d2f.o)
    0x08001024   0x08001024   0x0000001e   Code   RO         8344    .text               mc_w.l(llshl.o)
    0x08001042   0x08001042   0x00000020   Code   RO         8346    .text               mc_w.l(llushr.o)
    0x08001062   0x08001062   0x00000024   Code   RO         8348    .text               mc_w.l(llsshr.o)
    0x08001086   0x08001086   0x00000000   Code   RO         8359    .text               mc_w.l(iusefp.o)
    0x08001086   0x08001086   0x0000006e   Code   RO         8360    .text               mf_w.l(fepilogue.o)
    0x080010f4   0x080010f4   0x000000ba   Code   RO         8362    .text               mf_w.l(depilogue.o)
    0x080011ae   0x080011ae   0x00000002   PAD
    0x080011b0   0x080011b0   0x00000030   Code   RO         8368    .text               mf_w.l(cdrcmple.o)
    0x080011e0   0x080011e0   0x00000024   Code   RO         8378    .text               mc_w.l(init.o)
    0x08001204   0x08001204   0x00000056   Code   RO         8390    .text               mc_w.l(__dczerorl2.o)
    0x0800125a   0x0800125a   0x00000002   PAD
    0x0800125c   0x0800125c   0x00000010   Code   RO         6800    i.BMI088_ACCEL_NS_H  bmi088middleware.o
    0x0800126c   0x0800126c   0x00000010   Code   RO         6801    i.BMI088_ACCEL_NS_L  bmi088middleware.o
    0x0800127c   0x0800127c   0x00000010   Code   RO         6802    i.BMI088_GYRO_NS_H  bmi088middleware.o
    0x0800128c   0x0800128c   0x00000010   Code   RO         6803    i.BMI088_GYRO_NS_L  bmi088middleware.o
    0x0800129c   0x0800129c   0x00000028   Code   RO         6163    i.BMI088_INIT       bmi088.o
    0x080012c4   0x080012c4   0x00000004   Code   RO         6164    i.BMI088_RUN        bmi088.o
    0x080012c8   0x080012c8   0x000001ac   Code   RO         6719    i.BMI088_Read       bmi088driver.o
    0x08001474   0x08001474   0x00000080   Code   RO         6720    i.BMI088_init       bmi088driver.o
    0x080014f4   0x080014f4   0x00000024   Code   RO         6721    i.BMI088_read_muli_reg  bmi088driver.o
    0x08001518   0x08001518   0x00000016   Code   RO         6722    i.BMI088_read_single_reg  bmi088driver.o
    0x0800152e   0x0800152e   0x00000002   PAD
    0x08001530   0x08001530   0x00000024   Code   RO         6804    i.BMI088_read_write_byte  bmi088middleware.o
    0x08001554   0x08001554   0x00000012   Code   RO         6723    i.BMI088_write_single_reg  bmi088driver.o
    0x08001566   0x08001566   0x000000ea   Code   RO         5967    i.BodyFrameToEarthFrame  bmi_imu.o
    0x08001650   0x08001650   0x00000002   Code   RO          686    i.BusFault_Handler  stm32f4xx_it.o
    0x08001652   0x08001652   0x00000002   PAD
    0x08001654   0x08001654   0x0000000c   Code   RO          687    i.CAN1_RX0_IRQHandler  stm32f4xx_it.o
    0x08001660   0x08001660   0x0000000c   Code   RO          688    i.CAN1_RX1_IRQHandler  stm32f4xx_it.o
    0x0800166c   0x0800166c   0x0000000c   Code   RO          689    i.CAN1_TX_IRQHandler  stm32f4xx_it.o
    0x08001678   0x08001678   0x0000000c   Code   RO          690    i.CAN2_RX0_IRQHandler  stm32f4xx_it.o
    0x08001684   0x08001684   0x0000000c   Code   RO          691    i.CAN2_RX1_IRQHandler  stm32f4xx_it.o
    0x08001690   0x08001690   0x0000000c   Code   RO          692    i.CAN2_TX_IRQHandler  stm32f4xx_it.o
    0x0800169c   0x0800169c   0x00000004   Code   RO         4781    i.CDC_Control_FS    usbd_cdc_if.o
    0x080016a0   0x080016a0   0x00000004   Code   RO         4782    i.CDC_DeInit_FS     usbd_cdc_if.o
    0x080016a4   0x080016a4   0x00000024   Code   RO         4783    i.CDC_Init_FS       usbd_cdc_if.o
    0x080016c8   0x080016c8   0x000000c8   Code   RO         4784    i.CDC_Receive_FS    usbd_cdc_if.o
    0x08001790   0x08001790   0x00000004   Code   RO         4785    i.CDC_TransmitCplt_FS  usbd_cdc_if.o
    0x08001794   0x08001794   0x0000002c   Code   RO         4786    i.CDC_Transmit_FS   usbd_cdc_if.o
    0x080017c0   0x080017c0   0x000003fc   Code   RO         6724    i.Calibrate_MPU_Offset  bmi088driver.o
    0x08001bbc   0x08001bbc   0x00000008   Code   RO         5790    i.DJI_MotorCalculateResultSet  dji_motor.o
    0x08001bc4   0x08001bc4   0x00000058   Code   RO         5791    i.DJI_MotorClassifyMotorData  dji_motor.o
    0x08001c1c   0x08001c1c   0x00000006   Code   RO         5793    i.DJI_MotorDisable  dji_motor.o
    0x08001c22   0x08001c22   0x0000001e   Code   RO         5794    i.DJI_MotorEnable   dji_motor.o
    0x08001c40   0x08001c40   0x00000014   Code   RO         5795    i.DJI_MotorGetSoftEcd  dji_motor.o
    0x08001c54   0x08001c54   0x0000013c   Code   RO         5796    i.DJI_MotorGroupInit  dji_motor.o
    0x08001d90   0x08001d90   0x00000024   Code   RO         5797    i.DJI_MotorInit     dji_motor.o
    0x08001db4   0x08001db4   0x00000014   Code   RO         5798    i.DJI_MotorListAdd  dji_motor.o
    0x08001dc8   0x08001dc8   0x00000076   Code   RO         5799    i.DJI_MotorListClassicify  dji_motor.o
    0x08001e3e   0x08001e3e   0x000000de   Code   RO         5800    i.DJI_MotorPidRUN   dji_motor.o
    0x08001f1c   0x08001f1c   0x0000004a   Code   RO         5801    i.DJI_MotorPidSet   dji_motor.o
    0x08001f66   0x08001f66   0x00000004   Code   RO         5803    i.DJI_MotorPreProcessHandlerSet  dji_motor.o
    0x08001f6a   0x08001f6a   0x00000036   Code   RO         5804    i.DJI_MotorReceiveMotordat  dji_motor.o
    0x08001fa0   0x08001fa0   0x00000090   Code   RO         5805    i.DJI_MotorSendData  dji_motor.o
    0x08002030   0x08002030   0x0000000e   Code   RO         5806    i.DJI_MotorSetTarget  dji_motor.o
    0x0800203e   0x0800203e   0x0000004a   Code   RO         5807    i.DJI_MotorUpdateTXD  dji_motor.o
    0x08002088   0x08002088   0x0000000c   Code   RO          693    i.DMA1_Stream1_IRQHandler  stm32f4xx_it.o
    0x08002094   0x08002094   0x0000000c   Code   RO          694    i.DMA2_Stream1_IRQHandler  stm32f4xx_it.o
    0x080020a0   0x080020a0   0x0000000c   Code   RO          695    i.DMA2_Stream2_IRQHandler  stm32f4xx_it.o
    0x080020ac   0x080020ac   0x0000000c   Code   RO          696    i.DMA2_Stream3_IRQHandler  stm32f4xx_it.o
    0x080020b8   0x080020b8   0x0000000c   Code   RO          697    i.DMA2_Stream6_IRQHandler  stm32f4xx_it.o
    0x080020c4   0x080020c4   0x0000000c   Code   RO          698    i.DMA2_Stream7_IRQHandler  stm32f4xx_it.o
    0x080020d0   0x080020d0   0x00000028   Code   RO         2017    i.DMA_CalcBaseAndBitshift  stm32f4xx_hal_dma.o
    0x080020f8   0x080020f8   0x00000054   Code   RO         2018    i.DMA_CheckFifoParam  stm32f4xx_hal_dma.o
    0x0800214c   0x0800214c   0x00000028   Code   RO         2019    i.DMA_SetConfig     stm32f4xx_hal_dma.o
    0x08002174   0x08002174   0x00000028   Code   RO         6205    i.DWT_CNT_Update    bsp_dwt.o
    0x0800219c   0x0800219c   0x00000034   Code   RO         6206    i.DWT_Delay         bsp_dwt.o
    0x080021d0   0x080021d0   0x00000044   Code   RO         6207    i.DWT_GetDeltaT     bsp_dwt.o
    0x08002214   0x08002214   0x00000044   Code   RO         6210    i.DWT_GetTimeline_s  bsp_dwt.o
    0x08002258   0x08002258   0x00000048   Code   RO         6212    i.DWT_Init          bsp_dwt.o
    0x080022a0   0x080022a0   0x00000098   Code   RO         6213    i.DWT_SysTimeUpdate  bsp_dwt.o
    0x08002338   0x08002338   0x00000002   Code   RO          699    i.DebugMon_Handler  stm32f4xx_it.o
    0x0800233a   0x0800233a   0x00000006   Code   RO          700    i.EXTI3_IRQHandler  stm32f4xx_it.o
    0x08002340   0x08002340   0x00000006   Code   RO          701    i.EXTI4_IRQHandler  stm32f4xx_it.o
    0x08002346   0x08002346   0x00000006   Code   RO          702    i.EXTI9_5_IRQHandler  stm32f4xx_it.o
    0x0800234c   0x0800234c   0x000000ea   Code   RO         5968    i.EarthFrameToBodyFrame  bmi_imu.o
    0x08002436   0x08002436   0x00000004   Code   RO           13    i.Error_Handler     main.o
    0x0800243a   0x0800243a   0x000000a8   Code   RO         7014    i.Get_ET07_DataDecode  app_et07.o
    0x080024e2   0x080024e2   0x00000004   Code   RO         5920    i.GimbalChangeMode  gimbal.o
    0x080024e6   0x080024e6   0x00000024   Code   RO         2709    i.HAL_CAN_ActivateNotification  stm32f4xx_hal_can.o
    0x0800250a   0x0800250a   0x000000bc   Code   RO         2710    i.HAL_CAN_AddTxMessage  stm32f4xx_hal_can.o
    0x080025c6   0x080025c6   0x00000002   PAD
    0x080025c8   0x080025c8   0x0000010c   Code   RO         2711    i.HAL_CAN_ConfigFilter  stm32f4xx_hal_can.o
    0x080026d4   0x080026d4   0x00000002   Code   RO         2714    i.HAL_CAN_ErrorCallback  stm32f4xx_hal_can.o
    0x080026d6   0x080026d6   0x000000f4   Code   RO         2717    i.HAL_CAN_GetRxMessage  stm32f4xx_hal_can.o
    0x080027ca   0x080027ca   0x0000002c   Code   RO         2719    i.HAL_CAN_GetTxMailboxesFreeLevel  stm32f4xx_hal_can.o
    0x080027f6   0x080027f6   0x000001fc   Code   RO         2721    i.HAL_CAN_IRQHandler  stm32f4xx_hal_can.o
    0x080029f2   0x080029f2   0x0000011a   Code   RO         2722    i.HAL_CAN_Init      stm32f4xx_hal_can.o
    0x08002b0c   0x08002b0c   0x00000138   Code   RO          413    i.HAL_CAN_MspInit   can.o
    0x08002c44   0x08002c44   0x00000002   Code   RO         2729    i.HAL_CAN_RxFifo0FullCallback  stm32f4xx_hal_can.o
    0x08002c46   0x08002c46   0x00000002   PAD
    0x08002c48   0x08002c48   0x00000034   Code   RO         5469    i.HAL_CAN_RxFifo0MsgPendingCallback  callbacks.o
    0x08002c7c   0x08002c7c   0x00000002   Code   RO         2731    i.HAL_CAN_RxFifo1FullCallback  stm32f4xx_hal_can.o
    0x08002c7e   0x08002c7e   0x00000002   PAD
    0x08002c80   0x08002c80   0x00000018   Code   RO         5470    i.HAL_CAN_RxFifo1MsgPendingCallback  callbacks.o
    0x08002c98   0x08002c98   0x00000002   Code   RO         2733    i.HAL_CAN_SleepCallback  stm32f4xx_hal_can.o
    0x08002c9a   0x08002c9a   0x00000056   Code   RO         2734    i.HAL_CAN_Start     stm32f4xx_hal_can.o
    0x08002cf0   0x08002cf0   0x00000002   Code   RO         2736    i.HAL_CAN_TxMailbox0AbortCallback  stm32f4xx_hal_can.o
    0x08002cf2   0x08002cf2   0x00000002   Code   RO         2737    i.HAL_CAN_TxMailbox0CompleteCallback  stm32f4xx_hal_can.o
    0x08002cf4   0x08002cf4   0x00000002   Code   RO         2738    i.HAL_CAN_TxMailbox1AbortCallback  stm32f4xx_hal_can.o
    0x08002cf6   0x08002cf6   0x00000002   Code   RO         2739    i.HAL_CAN_TxMailbox1CompleteCallback  stm32f4xx_hal_can.o
    0x08002cf8   0x08002cf8   0x00000002   Code   RO         2740    i.HAL_CAN_TxMailbox2AbortCallback  stm32f4xx_hal_can.o
    0x08002cfa   0x08002cfa   0x00000002   Code   RO         2741    i.HAL_CAN_TxMailbox2CompleteCallback  stm32f4xx_hal_can.o
    0x08002cfc   0x08002cfc   0x00000002   Code   RO         2743    i.HAL_CAN_WakeUpFromRxMsgCallback  stm32f4xx_hal_can.o
    0x08002cfe   0x08002cfe   0x00000092   Code   RO         2020    i.HAL_DMA_Abort     stm32f4xx_hal_dma.o
    0x08002d90   0x08002d90   0x00000024   Code   RO         2021    i.HAL_DMA_Abort_IT  stm32f4xx_hal_dma.o
    0x08002db4   0x08002db4   0x000001a0   Code   RO         2025    i.HAL_DMA_IRQHandler  stm32f4xx_hal_dma.o
    0x08002f54   0x08002f54   0x000000d4   Code   RO         2026    i.HAL_DMA_Init      stm32f4xx_hal_dma.o
    0x08003028   0x08003028   0x0000006e   Code   RO         2030    i.HAL_DMA_Start_IT  stm32f4xx_hal_dma.o
    0x08003096   0x08003096   0x00000002   PAD
    0x08003098   0x08003098   0x00000024   Code   RO         2457    i.HAL_Delay         stm32f4xx_hal.o
    0x080030bc   0x080030bc   0x00000002   Code   RO         1911    i.HAL_GPIO_EXTI_Callback  stm32f4xx_hal_gpio.o
    0x080030be   0x080030be   0x00000002   PAD
    0x080030c0   0x080030c0   0x00000018   Code   RO         1912    i.HAL_GPIO_EXTI_IRQHandler  stm32f4xx_hal_gpio.o
    0x080030d8   0x080030d8   0x000001d0   Code   RO         1913    i.HAL_GPIO_Init     stm32f4xx_hal_gpio.o
    0x080032a8   0x080032a8   0x0000000a   Code   RO         1917    i.HAL_GPIO_WritePin  stm32f4xx_hal_gpio.o
    0x080032b2   0x080032b2   0x00000002   PAD
    0x080032b4   0x080032b4   0x0000000c   Code   RO         2463    i.HAL_GetTick       stm32f4xx_hal.o
    0x080032c0   0x080032c0   0x00000010   Code   RO         2469    i.HAL_IncTick       stm32f4xx_hal.o
    0x080032d0   0x080032d0   0x00000034   Code   RO         2470    i.HAL_Init          stm32f4xx_hal.o
    0x08003304   0x08003304   0x00000040   Code   RO         2471    i.HAL_InitTick      stm32f4xx_hal.o
    0x08003344   0x08003344   0x00000030   Code   RO          949    i.HAL_MspInit       stm32f4xx_hal_msp.o
    0x08003374   0x08003374   0x0000001a   Code   RO         2305    i.HAL_NVIC_EnableIRQ  stm32f4xx_hal_cortex.o
    0x0800338e   0x0800338e   0x00000002   PAD
    0x08003390   0x08003390   0x00000040   Code   RO         2311    i.HAL_NVIC_SetPriority  stm32f4xx_hal_cortex.o
    0x080033d0   0x080033d0   0x00000024   Code   RO         2312    i.HAL_NVIC_SetPriorityGrouping  stm32f4xx_hal_cortex.o
    0x080033f4   0x080033f4   0x00000002   Code   RO         1212    i.HAL_PCDEx_LPM_Callback  stm32f4xx_hal_pcd_ex.o
    0x080033f6   0x080033f6   0x00000008   Code   RO         1213    i.HAL_PCDEx_SetRxFiFo  stm32f4xx_hal_pcd_ex.o
    0x080033fe   0x080033fe   0x00000044   Code   RO         1214    i.HAL_PCDEx_SetTxFiFo  stm32f4xx_hal_pcd_ex.o
    0x08003442   0x08003442   0x00000008   Code   RO         4859    i.HAL_PCD_ConnectCallback  usbd_conf.o
    0x0800344a   0x0800344a   0x00000012   Code   RO         4860    i.HAL_PCD_DataInStageCallback  usbd_conf.o
    0x0800345c   0x0800345c   0x00000014   Code   RO         4861    i.HAL_PCD_DataOutStageCallback  usbd_conf.o
    0x08003470   0x08003470   0x00000008   Code   RO         4862    i.HAL_PCD_DisconnectCallback  usbd_conf.o
    0x08003478   0x08003478   0x0000001e   Code   RO          982    i.HAL_PCD_EP_Abort  stm32f4xx_hal_pcd.o
    0x08003496   0x08003496   0x0000004a   Code   RO          983    i.HAL_PCD_EP_Close  stm32f4xx_hal_pcd.o
    0x080034e0   0x080034e0   0x0000005a   Code   RO          984    i.HAL_PCD_EP_ClrStall  stm32f4xx_hal_pcd.o
    0x0800353a   0x0800353a   0x00000012   Code   RO          986    i.HAL_PCD_EP_GetRxCount  stm32f4xx_hal_pcd.o
    0x0800354c   0x0800354c   0x00000062   Code   RO          987    i.HAL_PCD_EP_Open   stm32f4xx_hal_pcd.o
    0x080035ae   0x080035ae   0x00000038   Code   RO          988    i.HAL_PCD_EP_Receive  stm32f4xx_hal_pcd.o
    0x080035e6   0x080035e6   0x00000072   Code   RO          989    i.HAL_PCD_EP_SetStall  stm32f4xx_hal_pcd.o
    0x08003658   0x08003658   0x00000032   Code   RO          990    i.HAL_PCD_EP_Transmit  stm32f4xx_hal_pcd.o
    0x0800368a   0x0800368a   0x00000002   PAD
    0x0800368c   0x0800368c   0x0000054c   Code   RO          992    i.HAL_PCD_IRQHandler  stm32f4xx_hal_pcd.o
    0x08003bd8   0x08003bd8   0x00000008   Code   RO         4863    i.HAL_PCD_ISOINIncompleteCallback  usbd_conf.o
    0x08003be0   0x08003be0   0x00000008   Code   RO         4864    i.HAL_PCD_ISOOUTIncompleteCallback  usbd_conf.o
    0x08003be8   0x08003be8   0x000000ca   Code   RO          995    i.HAL_PCD_Init      stm32f4xx_hal_pcd.o
    0x08003cb2   0x08003cb2   0x00000002   PAD
    0x08003cb4   0x08003cb4   0x00000084   Code   RO         4866    i.HAL_PCD_MspInit   usbd_conf.o
    0x08003d38   0x08003d38   0x0000002c   Code   RO         4867    i.HAL_PCD_ResetCallback  usbd_conf.o
    0x08003d64   0x08003d64   0x00000008   Code   RO         4868    i.HAL_PCD_ResumeCallback  usbd_conf.o
    0x08003d6c   0x08003d6c   0x00000008   Code   RO         4869    i.HAL_PCD_SOFCallback  usbd_conf.o
    0x08003d74   0x08003d74   0x00000026   Code   RO         1001    i.HAL_PCD_SetAddress  stm32f4xx_hal_pcd.o
    0x08003d9a   0x08003d9a   0x0000000e   Code   RO         4870    i.HAL_PCD_SetupStageCallback  usbd_conf.o
    0x08003da8   0x08003da8   0x00000042   Code   RO         1004    i.HAL_PCD_Start     stm32f4xx_hal_pcd.o
    0x08003dea   0x08003dea   0x00000002   PAD
    0x08003dec   0x08003dec   0x00000030   Code   RO         4871    i.HAL_PCD_SuspendCallback  usbd_conf.o
    0x08003e1c   0x08003e1c   0x00000134   Code   RO         1559    i.HAL_RCC_ClockConfig  stm32f4xx_hal_rcc.o
    0x08003f50   0x08003f50   0x0000000c   Code   RO         1564    i.HAL_RCC_GetHCLKFreq  stm32f4xx_hal_rcc.o
    0x08003f5c   0x08003f5c   0x00000020   Code   RO         1566    i.HAL_RCC_GetPCLK1Freq  stm32f4xx_hal_rcc.o
    0x08003f7c   0x08003f7c   0x00000020   Code   RO         1567    i.HAL_RCC_GetPCLK2Freq  stm32f4xx_hal_rcc.o
    0x08003f9c   0x08003f9c   0x00000064   Code   RO         1568    i.HAL_RCC_GetSysClockFreq  stm32f4xx_hal_rcc.o
    0x08004000   0x08004000   0x00000358   Code   RO         1571    i.HAL_RCC_OscConfig  stm32f4xx_hal_rcc.o
    0x08004358   0x08004358   0x000000bc   Code   RO         2953    i.HAL_SPI_Init      stm32f4xx_hal_spi.o
    0x08004414   0x08004414   0x00000100   Code   RO          489    i.HAL_SPI_MspInit   spi.o
    0x08004514   0x08004514   0x000001e6   Code   RO         2962    i.HAL_SPI_TransmitReceive  stm32f4xx_hal_spi.o
    0x080046fa   0x080046fa   0x00000028   Code   RO         2316    i.HAL_SYSTICK_Config  stm32f4xx_hal_cortex.o
    0x08004722   0x08004722   0x00000002   Code   RO         3970    i.HAL_TIMEx_BreakCallback  stm32f4xx_hal_tim_ex.o
    0x08004724   0x08004724   0x00000002   Code   RO         3971    i.HAL_TIMEx_CommutCallback  stm32f4xx_hal_tim_ex.o
    0x08004726   0x08004726   0x00000054   Code   RO         3973    i.HAL_TIMEx_ConfigBreakDeadTime  stm32f4xx_hal_tim_ex.o
    0x0800477a   0x0800477a   0x00000002   PAD
    0x0800477c   0x0800477c   0x00000090   Code   RO         3989    i.HAL_TIMEx_MasterConfigSynchronization  stm32f4xx_hal_tim_ex.o
    0x0800480c   0x0800480c   0x0000005a   Code   RO         3266    i.HAL_TIM_Base_Init  stm32f4xx_hal_tim.o
    0x08004866   0x08004866   0x00000002   PAD
    0x08004868   0x08004868   0x000001a4   Code   RO          531    i.HAL_TIM_Base_MspInit  tim.o
    0x08004a0c   0x08004a0c   0x00000078   Code   RO         3269    i.HAL_TIM_Base_Start  stm32f4xx_hal_tim.o
    0x08004a84   0x08004a84   0x00000080   Code   RO         3271    i.HAL_TIM_Base_Start_IT  stm32f4xx_hal_tim.o
    0x08004b04   0x08004b04   0x000000dc   Code   RO         3275    i.HAL_TIM_ConfigClockSource  stm32f4xx_hal_tim.o
    0x08004be0   0x08004be0   0x00000002   Code   RO         3300    i.HAL_TIM_IC_CaptureCallback  stm32f4xx_hal_tim.o
    0x08004be2   0x08004be2   0x00000130   Code   RO         3314    i.HAL_TIM_IRQHandler  stm32f4xx_hal_tim.o
    0x08004d12   0x08004d12   0x00000002   PAD
    0x08004d14   0x08004d14   0x000000b0   Code   RO          532    i.HAL_TIM_MspPostInit  tim.o
    0x08004dc4   0x08004dc4   0x00000002   Code   RO         3317    i.HAL_TIM_OC_DelayElapsedCallback  stm32f4xx_hal_tim.o
    0x08004dc6   0x08004dc6   0x000000cc   Code   RO         3338    i.HAL_TIM_PWM_ConfigChannel  stm32f4xx_hal_tim.o
    0x08004e92   0x08004e92   0x0000005a   Code   RO         3341    i.HAL_TIM_PWM_Init  stm32f4xx_hal_tim.o
    0x08004eec   0x08004eec   0x00000002   Code   RO         3343    i.HAL_TIM_PWM_MspInit  stm32f4xx_hal_tim.o
    0x08004eee   0x08004eee   0x00000002   Code   RO         3344    i.HAL_TIM_PWM_PulseFinishedCallback  stm32f4xx_hal_tim.o
    0x08004ef0   0x08004ef0   0x000000d0   Code   RO         3346    i.HAL_TIM_PWM_Start  stm32f4xx_hal_tim.o
    0x08004fc0   0x08004fc0   0x0000007c   Code   RO         3349    i.HAL_TIM_PWM_Stop  stm32f4xx_hal_tim.o
    0x0800503c   0x0800503c   0x00000100   Code   RO         5471    i.HAL_TIM_PeriodElapsedCallback  callbacks.o
    0x0800513c   0x0800513c   0x00000002   Code   RO         3357    i.HAL_TIM_TriggerCallback  stm32f4xx_hal_tim.o
    0x0800513e   0x0800513e   0x00000002   Code   RO         5472    i.HAL_UARTEx_RxEventCallback  callbacks.o
    0x08005140   0x08005140   0x00000002   Code   RO         4263    i.HAL_UART_ErrorCallback  stm32f4xx_hal_uart.o
    0x08005142   0x08005142   0x00000002   PAD
    0x08005144   0x08005144   0x00000270   Code   RO         4266    i.HAL_UART_IRQHandler  stm32f4xx_hal_uart.o
    0x080053b4   0x080053b4   0x00000064   Code   RO         4267    i.HAL_UART_Init     stm32f4xx_hal_uart.o
    0x08005418   0x08005418   0x00000230   Code   RO          633    i.HAL_UART_MspInit  usart.o
    0x08005648   0x08005648   0x00000002   Code   RO         5473    i.HAL_UART_RxCpltCallback  callbacks.o
    0x0800564a   0x0800564a   0x00000002   PAD
    0x0800564c   0x0800564c   0x0000007c   Code   RO         4276    i.HAL_UART_Transmit_DMA  stm32f4xx_hal_uart.o
    0x080056c8   0x080056c8   0x00000002   Code   RO         4278    i.HAL_UART_TxCpltCallback  stm32f4xx_hal_uart.o
    0x080056ca   0x080056ca   0x00000002   Code   RO         4279    i.HAL_UART_TxHalfCpltCallback  stm32f4xx_hal_uart.o
    0x080056cc   0x080056cc   0x000000fc   Code   RO         6313    i.H_K_R_Adjustment  kalman_filter.o
    0x080057c8   0x080057c8   0x00000002   Code   RO          703    i.HardFault_Handler  stm32f4xx_it.o
    0x080057ca   0x080057ca   0x00000002   PAD
    0x080057cc   0x080057cc   0x00000234   Code   RO         5970    i.IMU_Param_Correction  bmi_imu.o
    0x08005a00   0x08005a00   0x00000158   Code   RO         6541    i.IMU_QuaternionEKF_F_Linearization_P_Fading  quaternionekf.o
    0x08005b58   0x08005b58   0x000000dc   Code   RO         6542    i.IMU_QuaternionEKF_Init  quaternionekf.o
    0x08005c34   0x08005c34   0x00000034   Code   RO         6543    i.IMU_QuaternionEKF_Observe  quaternionekf.o
    0x08005c68   0x08005c68   0x000000c4   Code   RO         6544    i.IMU_QuaternionEKF_SetH  quaternionekf.o
    0x08005d2c   0x08005d2c   0x00000414   Code   RO         6545    i.IMU_QuaternionEKF_Update  quaternionekf.o
    0x08006140   0x08006140   0x000003b4   Code   RO         6546    i.IMU_QuaternionEKF_xhatUpdate  quaternionekf.o
    0x080064f4   0x080064f4   0x00000060   Code   RO         5971    i.IMU_Temperature_Ctrl  bmi_imu.o
    0x08006554   0x08006554   0x00000074   Code   RO         5723    i.IMUecdZeroCrossing  addons.o
    0x080065c8   0x080065c8   0x000000b8   Code   RO         5972    i.INS_Init          bmi_imu.o
    0x08006680   0x08006680   0x000001d8   Code   RO         5973    i.INS_Task          bmi_imu.o
    0x08006858   0x08006858   0x00000036   Code   RO         4695    i.IntToUnicode      usbd_desc.o
    0x0800688e   0x0800688e   0x00000002   PAD
    0x08006890   0x08006890   0x00000020   Code   RO         7794    i.JustFloat         vofa.o
    0x080068b0   0x080068b0   0x000003e8   Code   RO         6314    i.Kalman_Filter_Init  kalman_filter.o
    0x08006c98   0x08006c98   0x00000048   Code   RO         6315    i.Kalman_Filter_Measure  kalman_filter.o
    0x08006ce0   0x08006ce0   0x0000006a   Code   RO         6316    i.Kalman_Filter_P_Update  kalman_filter.o
    0x08006d4a   0x08006d4a   0x0000006c   Code   RO         6317    i.Kalman_Filter_PminusUpdate  kalman_filter.o
    0x08006db6   0x08006db6   0x000000cc   Code   RO         6318    i.Kalman_Filter_SetK  kalman_filter.o
    0x08006e82   0x08006e82   0x00000002   PAD
    0x08006e84   0x08006e84   0x000000e8   Code   RO         6319    i.Kalman_Filter_Update  kalman_filter.o
    0x08006f6c   0x08006f6c   0x00000074   Code   RO         6320    i.Kalman_Filter_xhatMinusUpdate  kalman_filter.o
    0x08006fe0   0x08006fe0   0x00000084   Code   RO         6321    i.Kalman_Filter_xhatUpdate  kalman_filter.o
    0x08007064   0x08007064   0x00000048   Code   RO          414    i.MX_CAN1_Init      can.o
    0x080070ac   0x080070ac   0x00000048   Code   RO          415    i.MX_CAN2_Init      can.o
    0x080070f4   0x080070f4   0x0000008c   Code   RO          461    i.MX_DMA_Init       dma.o
    0x08007180   0x08007180   0x0000015c   Code   RO          280    i.MX_GPIO_Init      gpio.o
    0x080072dc   0x080072dc   0x00000048   Code   RO          490    i.MX_SPI1_Init      spi.o
    0x08007324   0x08007324   0x00000064   Code   RO          533    i.MX_TIM10_Init     tim.o
    0x08007388   0x08007388   0x00000034   Code   RO          534    i.MX_TIM11_Init     tim.o
    0x080073bc   0x080073bc   0x00000050   Code   RO          535    i.MX_TIM12_Init     tim.o
    0x0800740c   0x0800740c   0x00000038   Code   RO          536    i.MX_TIM13_Init     tim.o
    0x08007444   0x08007444   0x00000038   Code   RO          537    i.MX_TIM14_Init     tim.o
    0x0800747c   0x0800747c   0x000000cc   Code   RO          538    i.MX_TIM1_Init      tim.o
    0x08007548   0x08007548   0x0000009c   Code   RO          539    i.MX_TIM4_Init      tim.o
    0x080075e4   0x080075e4   0x00000044   Code   RO          540    i.MX_TIM6_Init      tim.o
    0x08007628   0x08007628   0x00000068   Code   RO          541    i.MX_TIM8_Init      tim.o
    0x08007690   0x08007690   0x00000050   Code   RO          542    i.MX_TIM9_Init      tim.o
    0x080076e0   0x080076e0   0x00000038   Code   RO          634    i.MX_USART1_UART_Init  usart.o
    0x08007718   0x08007718   0x00000044   Code   RO          635    i.MX_USART3_UART_Init  usart.o
    0x0800775c   0x0800775c   0x00000038   Code   RO          636    i.MX_USART6_UART_Init  usart.o
    0x08007794   0x08007794   0x00000054   Code   RO         4638    i.MX_USB_DEVICE_Init  usb_device.o
    0x080077e8   0x080077e8   0x00000002   Code   RO          704    i.MemManage_Handler  stm32f4xx_it.o
    0x080077ea   0x080077ea   0x00000002   Code   RO          705    i.NMI_Handler       stm32f4xx_it.o
    0x080077ec   0x080077ec   0x000001f4   Code   RO         6401    i.OLS_Derivative    user_lib.o
    0x080079e0   0x080079e0   0x00000042   Code   RO         6402    i.OLS_Init          user_lib.o
    0x08007a22   0x08007a22   0x00000002   PAD
    0x08007a24   0x08007a24   0x0000000c   Code   RO          706    i.OTG_FS_IRQHandler  stm32f4xx_it.o
    0x08007a30   0x08007a30   0x000000cc   Code   RO         1008    i.PCD_EP_OutXfrComplete_int  stm32f4xx_hal_pcd.o
    0x08007afc   0x08007afc   0x00000098   Code   RO         1009    i.PCD_WriteEmptyTxFifo  stm32f4xx_hal_pcd.o
    0x08007b94   0x08007b94   0x00000454   Code   RO         6615    i.PID_Calculate     controller.o
    0x08007fe8   0x08007fe8   0x0000006e   Code   RO         6616    i.PID_Init          controller.o
    0x08008056   0x08008056   0x00000002   PAD
    0x08008058   0x08008058   0x00000128   Code   RO         5587    i.PID_calc          pid.o
    0x08008180   0x08008180   0x00000040   Code   RO         5588    i.PID_clear         pid.o
    0x080081c0   0x080081c0   0x0000005c   Code   RO         5589    i.PID_init          pid.o
    0x0800821c   0x0800821c   0x00000002   Code   RO          707    i.PendSV_Handler    stm32f4xx_it.o
    0x0800821e   0x0800821e   0x00000002   PAD
    0x08008220   0x08008220   0x0000006c   Code   RO         2991    i.SPI_EndRxTxTransaction  stm32f4xx_hal_spi.o
    0x0800828c   0x0800828c   0x000000b8   Code   RO         2996    i.SPI_WaitFlagStateUntilTimeout  stm32f4xx_hal_spi.o
    0x08008344   0x08008344   0x00000002   Code   RO          708    i.SVC_Handler       stm32f4xx_it.o
    0x08008346   0x08008346   0x0000000a   Code   RO         5225    i.SWAPBYTE          usbd_ctlreq.o
    0x08008350   0x08008350   0x00000004   Code   RO          709    i.SysTick_Handler   stm32f4xx_it.o
    0x08008354   0x08008354   0x00000094   Code   RO           14    i.SystemClock_Config  main.o
    0x080083e8   0x080083e8   0x00000010   Code   RO         4601    i.SystemInit        system_stm32f4xx.o
    0x080083f8   0x080083f8   0x0000001c   Code   RO          710    i.TIM1_BRK_TIM9_IRQHandler  stm32f4xx_it.o
    0x08008414   0x08008414   0x0000001c   Code   RO          711    i.TIM1_TRG_COM_TIM11_IRQHandler  stm32f4xx_it.o
    0x08008430   0x08008430   0x0000000c   Code   RO          712    i.TIM6_DAC_IRQHandler  stm32f4xx_it.o
    0x0800843c   0x0800843c   0x0000001c   Code   RO          713    i.TIM8_BRK_TIM12_IRQHandler  stm32f4xx_it.o
    0x08008458   0x08008458   0x0000001c   Code   RO          714    i.TIM8_TRG_COM_TIM14_IRQHandler  stm32f4xx_it.o
    0x08008474   0x08008474   0x0000001c   Code   RO          715    i.TIM8_UP_TIM13_IRQHandler  stm32f4xx_it.o
    0x08008490   0x08008490   0x000000d8   Code   RO         3359    i.TIM_Base_SetConfig  stm32f4xx_hal_tim.o
    0x08008568   0x08008568   0x0000001a   Code   RO         3360    i.TIM_CCxChannelCmd  stm32f4xx_hal_tim.o
    0x08008582   0x08008582   0x00000014   Code   RO         3370    i.TIM_ETR_SetConfig  stm32f4xx_hal_tim.o
    0x08008596   0x08008596   0x00000010   Code   RO         3371    i.TIM_ITRx_SetConfig  stm32f4xx_hal_tim.o
    0x080085a6   0x080085a6   0x00000002   PAD
    0x080085a8   0x080085a8   0x00000060   Code   RO         3372    i.TIM_OC1_SetConfig  stm32f4xx_hal_tim.o
    0x08008608   0x08008608   0x0000006c   Code   RO         3373    i.TIM_OC2_SetConfig  stm32f4xx_hal_tim.o
    0x08008674   0x08008674   0x00000068   Code   RO         3374    i.TIM_OC3_SetConfig  stm32f4xx_hal_tim.o
    0x080086dc   0x080086dc   0x00000050   Code   RO         3375    i.TIM_OC4_SetConfig  stm32f4xx_hal_tim.o
    0x0800872c   0x0800872c   0x0000002a   Code   RO         6282    i.TIM_Set_PWM       bsp_pwm.o
    0x08008756   0x08008756   0x00000022   Code   RO         3377    i.TIM_TI1_ConfigInputStage  stm32f4xx_hal_tim.o
    0x08008778   0x08008778   0x00000024   Code   RO         3379    i.TIM_TI2_ConfigInputStage  stm32f4xx_hal_tim.o
    0x0800879c   0x0800879c   0x00000010   Code   RO         4280    i.UART_DMAAbortOnError  stm32f4xx_hal_uart.o
    0x080087ac   0x080087ac   0x0000004a   Code   RO         4281    i.UART_DMAError     stm32f4xx_hal_uart.o
    0x080087f6   0x080087f6   0x00000042   Code   RO         4286    i.UART_DMATransmitCplt  stm32f4xx_hal_uart.o
    0x08008838   0x08008838   0x0000000a   Code   RO         4288    i.UART_DMATxHalfCplt  stm32f4xx_hal_uart.o
    0x08008842   0x08008842   0x0000004e   Code   RO         4290    i.UART_EndRxTransfer  stm32f4xx_hal_uart.o
    0x08008890   0x08008890   0x0000001c   Code   RO         4291    i.UART_EndTxTransfer  stm32f4xx_hal_uart.o
    0x080088ac   0x080088ac   0x000000c2   Code   RO         4292    i.UART_Receive_IT   stm32f4xx_hal_uart.o
    0x0800896e   0x0800896e   0x00000002   PAD
    0x08008970   0x08008970   0x0000010c   Code   RO         4293    i.UART_SetConfig    stm32f4xx_hal_uart.o
    0x08008a7c   0x08008a7c   0x0000000c   Code   RO          716    i.USART1_IRQHandler  stm32f4xx_it.o
    0x08008a88   0x08008a88   0x00000014   Code   RO          717    i.USART3_IRQHandler  stm32f4xx_it.o
    0x08008a9c   0x08008a9c   0x00000014   Code   RO          718    i.USART6_IRQHandler  stm32f4xx_it.o
    0x08008ab0   0x08008ab0   0x00000076   Code   RO         5363    i.USBD_CDC_DataIn   usbd_cdc.o
    0x08008b26   0x08008b26   0x0000003c   Code   RO         5364    i.USBD_CDC_DataOut  usbd_cdc.o
    0x08008b62   0x08008b62   0x00000002   PAD
    0x08008b64   0x08008b64   0x00000090   Code   RO         5365    i.USBD_CDC_DeInit   usbd_cdc.o
    0x08008bf4   0x08008bf4   0x00000036   Code   RO         5366    i.USBD_CDC_EP0_RxReady  usbd_cdc.o
    0x08008c2a   0x08008c2a   0x00000002   PAD
    0x08008c2c   0x08008c2c   0x0000000c   Code   RO         5367    i.USBD_CDC_GetDeviceQualifierDescriptor  usbd_cdc.o
    0x08008c38   0x08008c38   0x0000003c   Code   RO         5368    i.USBD_CDC_GetFSCfgDesc  usbd_cdc.o
    0x08008c74   0x08008c74   0x00000040   Code   RO         5369    i.USBD_CDC_GetHSCfgDesc  usbd_cdc.o
    0x08008cb4   0x08008cb4   0x0000003c   Code   RO         5370    i.USBD_CDC_GetOtherSpeedCfgDesc  usbd_cdc.o
    0x08008cf0   0x08008cf0   0x00000118   Code   RO         5371    i.USBD_CDC_Init     usbd_cdc.o
    0x08008e08   0x08008e08   0x00000038   Code   RO         5372    i.USBD_CDC_ReceivePacket  usbd_cdc.o
    0x08008e40   0x08008e40   0x00000016   Code   RO         5373    i.USBD_CDC_RegisterInterface  usbd_cdc.o
    0x08008e56   0x08008e56   0x0000001a   Code   RO         5374    i.USBD_CDC_SetRxBuffer  usbd_cdc.o
    0x08008e70   0x08008e70   0x0000001e   Code   RO         5375    i.USBD_CDC_SetTxBuffer  usbd_cdc.o
    0x08008e8e   0x08008e8e   0x000000d4   Code   RO         5376    i.USBD_CDC_Setup    usbd_cdc.o
    0x08008f62   0x08008f62   0x00000002   PAD
    0x08008f64   0x08008f64   0x00000050   Code   RO         5377    i.USBD_CDC_TransmitPacket  usbd_cdc.o
    0x08008fb4   0x08008fb4   0x00000014   Code   RO         5066    i.USBD_ClrClassConfig  usbd_core.o
    0x08008fc8   0x08008fc8   0x00000004   Code   RO         5067    i.USBD_CoreFindEP   usbd_core.o
    0x08008fcc   0x08008fcc   0x00000004   Code   RO         5068    i.USBD_CoreFindIF   usbd_core.o
    0x08008fd0   0x08008fd0   0x00000010   Code   RO         5303    i.USBD_CtlContinueRx  usbd_ioreq.o
    0x08008fe0   0x08008fe0   0x00000010   Code   RO         5304    i.USBD_CtlContinueSendData  usbd_ioreq.o
    0x08008ff0   0x08008ff0   0x00000016   Code   RO         5226    i.USBD_CtlError     usbd_ctlreq.o
    0x08009006   0x08009006   0x0000001e   Code   RO         5305    i.USBD_CtlPrepareRx  usbd_ioreq.o
    0x08009024   0x08009024   0x00000016   Code   RO         5306    i.USBD_CtlReceiveStatus  usbd_ioreq.o
    0x0800903a   0x0800903a   0x0000001a   Code   RO         5307    i.USBD_CtlSendData  usbd_ioreq.o
    0x08009054   0x08009054   0x00000016   Code   RO         5308    i.USBD_CtlSendStatus  usbd_ioreq.o
    0x0800906a   0x0800906a   0x00000002   PAD
    0x0800906c   0x0800906c   0x00000020   Code   RO         4696    i.USBD_FS_ConfigStrDescriptor  usbd_desc.o
    0x0800908c   0x0800908c   0x0000000c   Code   RO         4697    i.USBD_FS_DeviceDescriptor  usbd_desc.o
    0x08009098   0x08009098   0x00000024   Code   RO         4698    i.USBD_FS_InterfaceStrDescriptor  usbd_desc.o
    0x080090bc   0x080090bc   0x0000000c   Code   RO         4699    i.USBD_FS_LangIDStrDescriptor  usbd_desc.o
    0x080090c8   0x080090c8   0x00000028   Code   RO         4700    i.USBD_FS_ManufacturerStrDescriptor  usbd_desc.o
    0x080090f0   0x080090f0   0x0000002c   Code   RO         4701    i.USBD_FS_ProductStrDescriptor  usbd_desc.o
    0x0800911c   0x0800911c   0x00000038   Code   RO         4702    i.USBD_FS_SerialStrDescriptor  usbd_desc.o
    0x08009154   0x08009154   0x000000e6   Code   RO         5227    i.USBD_GetDescriptor  usbd_ctlreq.o
    0x0800923a   0x0800923a   0x0000003a   Code   RO         5070    i.USBD_GetEpDesc    usbd_core.o
    0x08009274   0x08009274   0x00000014   Code   RO         5228    i.USBD_GetLen       usbd_ctlreq.o
    0x08009288   0x08009288   0x0000000e   Code   RO         5071    i.USBD_GetNextDesc  usbd_core.o
    0x08009296   0x08009296   0x0000004e   Code   RO         5229    i.USBD_GetString    usbd_ctlreq.o
    0x080092e4   0x080092e4   0x00000018   Code   RO         4872    i.USBD_Get_USB_Status  usbd_conf.o
    0x080092fc   0x080092fc   0x00000026   Code   RO         5072    i.USBD_Init         usbd_core.o
    0x08009322   0x08009322   0x00000012   Code   RO         4873    i.USBD_LL_ClearStallEP  usbd_conf.o
    0x08009334   0x08009334   0x00000012   Code   RO         4874    i.USBD_LL_CloseEP   usbd_conf.o
    0x08009346   0x08009346   0x000000b2   Code   RO         5073    i.USBD_LL_DataInStage  usbd_core.o
    0x080093f8   0x080093f8   0x00000096   Code   RO         5074    i.USBD_LL_DataOutStage  usbd_core.o
    0x0800948e   0x0800948e   0x00000004   Code   RO         5075    i.USBD_LL_DevConnected  usbd_core.o
    0x08009492   0x08009492   0x0000001e   Code   RO         5076    i.USBD_LL_DevDisconnected  usbd_core.o
    0x080094b0   0x080094b0   0x00000008   Code   RO         4878    i.USBD_LL_GetRxDataSize  usbd_conf.o
    0x080094b8   0x080094b8   0x00000060   Code   RO         4879    i.USBD_LL_Init      usbd_conf.o
    0x08009518   0x08009518   0x0000001e   Code   RO         4880    i.USBD_LL_IsStallEP  usbd_conf.o
    0x08009536   0x08009536   0x00000028   Code   RO         5077    i.USBD_LL_IsoINIncomplete  usbd_core.o
    0x0800955e   0x0800955e   0x00000028   Code   RO         5078    i.USBD_LL_IsoOUTIncomplete  usbd_core.o
    0x08009586   0x08009586   0x00000018   Code   RO         4881    i.USBD_LL_OpenEP    usbd_conf.o
    0x0800959e   0x0800959e   0x00000012   Code   RO         4882    i.USBD_LL_PrepareReceive  usbd_conf.o
    0x080095b0   0x080095b0   0x0000005c   Code   RO         5079    i.USBD_LL_Reset     usbd_core.o
    0x0800960c   0x0800960c   0x00000014   Code   RO         5080    i.USBD_LL_Resume    usbd_core.o
    0x08009620   0x08009620   0x0000001a   Code   RO         5081    i.USBD_LL_SOF       usbd_core.o
    0x0800963a   0x0800963a   0x00000006   Code   RO         5082    i.USBD_LL_SetSpeed  usbd_core.o
    0x08009640   0x08009640   0x00000012   Code   RO         4883    i.USBD_LL_SetUSBAddress  usbd_conf.o
    0x08009652   0x08009652   0x00000060   Code   RO         5083    i.USBD_LL_SetupStage  usbd_core.o
    0x080096b2   0x080096b2   0x00000012   Code   RO         4884    i.USBD_LL_StallEP   usbd_conf.o
    0x080096c4   0x080096c4   0x00000012   Code   RO         4885    i.USBD_LL_Start     usbd_conf.o
    0x080096d6   0x080096d6   0x0000001a   Code   RO         5084    i.USBD_LL_Suspend   usbd_core.o
    0x080096f0   0x080096f0   0x00000012   Code   RO         4887    i.USBD_LL_Transmit  usbd_conf.o
    0x08009702   0x08009702   0x00000030   Code   RO         5230    i.USBD_ParseSetupRequest  usbd_ctlreq.o
    0x08009732   0x08009732   0x0000003a   Code   RO         5085    i.USBD_RegisterClass  usbd_core.o
    0x0800976c   0x0800976c   0x00000014   Code   RO         5087    i.USBD_SetClassConfig  usbd_core.o
    0x08009780   0x08009780   0x000000b8   Code   RO         5231    i.USBD_SetConfig    usbd_ctlreq.o
    0x08009838   0x08009838   0x00000004   Code   RO         5088    i.USBD_Start        usbd_core.o
    0x0800983c   0x0800983c   0x0000012c   Code   RO         5232    i.USBD_StdDevReq    usbd_ctlreq.o
    0x08009968   0x08009968   0x00000160   Code   RO         5233    i.USBD_StdEPReq     usbd_ctlreq.o
    0x08009ac8   0x08009ac8   0x00000072   Code   RO         5234    i.USBD_StdItfReq    usbd_ctlreq.o
    0x08009b3a   0x08009b3a   0x00000002   Code   RO         4888    i.USBD_static_free  usbd_conf.o
    0x08009b3c   0x08009b3c   0x00000008   Code   RO         4889    i.USBD_static_malloc  usbd_conf.o
    0x08009b44   0x08009b44   0x00000080   Code   RO         1254    i.USB_ActivateEndpoint  stm32f4xx_ll_usb.o
    0x08009bc4   0x08009bc4   0x0000001c   Code   RO         1256    i.USB_ActivateSetup  stm32f4xx_ll_usb.o
    0x08009be0   0x08009be0   0x00000084   Code   RO         1258    i.USB_CoreInit      stm32f4xx_ll_usb.o
    0x08009c64   0x08009c64   0x0000003c   Code   RO         1259    i.USB_CoreReset     stm32f4xx_ll_usb.o
    0x08009ca0   0x08009ca0   0x000000d0   Code   RO         1262    i.USB_DeactivateEndpoint  stm32f4xx_ll_usb.o
    0x08009d70   0x08009d70   0x0000001c   Code   RO         1263    i.USB_DevConnect    stm32f4xx_ll_usb.o
    0x08009d8c   0x08009d8c   0x0000001c   Code   RO         1264    i.USB_DevDisconnect  stm32f4xx_ll_usb.o
    0x08009da8   0x08009da8   0x00000170   Code   RO         1265    i.USB_DevInit       stm32f4xx_ll_usb.o
    0x08009f18   0x08009f18   0x0000000c   Code   RO         1266    i.USB_DisableGlobalInt  stm32f4xx_ll_usb.o
    0x08009f24   0x08009f24   0x00000058   Code   RO         1269    i.USB_EP0_OutStart  stm32f4xx_ll_usb.o
    0x08009f7c   0x08009f7c   0x00000058   Code   RO         1270    i.USB_EPClearStall  stm32f4xx_ll_usb.o
    0x08009fd4   0x08009fd4   0x00000058   Code   RO         1271    i.USB_EPSetStall    stm32f4xx_ll_usb.o
    0x0800a02c   0x0800a02c   0x00000238   Code   RO         1272    i.USB_EPStartXfer   stm32f4xx_ll_usb.o
    0x0800a264   0x0800a264   0x0000009c   Code   RO         1273    i.USB_EPStopXfer    stm32f4xx_ll_usb.o
    0x0800a300   0x0800a300   0x0000000c   Code   RO         1274    i.USB_EnableGlobalInt  stm32f4xx_ll_usb.o
    0x0800a30c   0x0800a30c   0x00000038   Code   RO         1275    i.USB_FlushRxFifo   stm32f4xx_ll_usb.o
    0x0800a344   0x0800a344   0x0000003c   Code   RO         1276    i.USB_FlushTxFifo   stm32f4xx_ll_usb.o
    0x0800a380   0x0800a380   0x0000001a   Code   RO         1278    i.USB_GetDevSpeed   stm32f4xx_ll_usb.o
    0x0800a39a   0x0800a39a   0x00000008   Code   RO         1280    i.USB_GetMode       stm32f4xx_ll_usb.o
    0x0800a3a2   0x0800a3a2   0x0000000e   Code   RO         1288    i.USB_ReadDevAllInEpInterrupt  stm32f4xx_ll_usb.o
    0x0800a3b0   0x0800a3b0   0x0000000e   Code   RO         1289    i.USB_ReadDevAllOutEpInterrupt  stm32f4xx_ll_usb.o
    0x0800a3be   0x0800a3be   0x00000024   Code   RO         1290    i.USB_ReadDevInEPInterrupt  stm32f4xx_ll_usb.o
    0x0800a3e2   0x0800a3e2   0x00000010   Code   RO         1291    i.USB_ReadDevOutEPInterrupt  stm32f4xx_ll_usb.o
    0x0800a3f2   0x0800a3f2   0x00000008   Code   RO         1292    i.USB_ReadInterrupts  stm32f4xx_ll_usb.o
    0x0800a3fa   0x0800a3fa   0x0000003e   Code   RO         1293    i.USB_ReadPacket    stm32f4xx_ll_usb.o
    0x0800a438   0x0800a438   0x0000005c   Code   RO         1295    i.USB_SetCurrentMode  stm32f4xx_ll_usb.o
    0x0800a494   0x0800a494   0x00000022   Code   RO         1296    i.USB_SetDevAddress  stm32f4xx_ll_usb.o
    0x0800a4b6   0x0800a4b6   0x00000002   PAD
    0x0800a4b8   0x0800a4b8   0x000000e8   Code   RO         1298    i.USB_SetTurnaroundTime  stm32f4xx_ll_usb.o
    0x0800a5a0   0x0800a5a0   0x00000026   Code   RO         1301    i.USB_WritePacket   stm32f4xx_ll_usb.o
    0x0800a5c6   0x0800a5c6   0x00000002   Code   RO          719    i.UsageFault_Handler  stm32f4xx_it.o
    0x0800a5c8   0x0800a5c8   0x00000018   Code   RO         7405    i.VisionConnectINIT  visionconnect.o
    0x0800a5e0   0x0800a5e0   0x00000018   Code   RO         7406    i.VisionConnectSend  visionconnect.o
    0x0800a5f8   0x0800a5f8   0x00000028   Code   RO         7407    i.VisionConnectUpdateTX  visionconnect.o
    0x0800a620   0x0800a620   0x0000001c   Code   RO         7408    i.VisionGetState    visionconnect.o
    0x0800a63c   0x0800a63c   0x000000a8   Code   RO         7041    i.W_BUS_IDLEHandler  bsp_wbus.o
    0x0800a6e4   0x0800a6e4   0x00000060   Code   RO         7042    i.W_BUS_Init        bsp_wbus.o
    0x0800a744   0x0800a744   0x00000026   Code   RO         8300    i.__ARM_fpclassifyf  m_wm.l(fpclassifyf.o)
    0x0800a76a   0x0800a76a   0x00000020   Code   RO         2318    i.__NVIC_SetPriority  stm32f4xx_hal_cortex.o
    0x0800a78a   0x0800a78a   0x00000002   PAD
    0x0800a78c   0x0800a78c   0x00000118   Code   RO         8119    i.__hardfp_acosf    m_wm.l(acosf.o)
    0x0800a8a4   0x0800a8a4   0x0000012c   Code   RO         8131    i.__hardfp_asinf    m_wm.l(asinf.o)
    0x0800a9d0   0x0800a9d0   0x00000250   Code   RO         8143    i.__hardfp_atan2f   m_wm.l(atan2f.o)
    0x0800ac20   0x0800ac20   0x00000118   Code   RO         8155    i.__hardfp_ceil     m_wm.l(ceil.o)
    0x0800ad38   0x0800ad38   0x0000003a   Code   RO         8205    i.__hardfp_sqrtf    m_wm.l(sqrtf_full.o)
    0x0800ad72   0x0800ad72   0x00000006   Code   RO         8303    i.__mathlib_flt_infnan  m_wm.l(funder.o)
    0x0800ad78   0x0800ad78   0x00000006   Code   RO         8304    i.__mathlib_flt_infnan2  m_wm.l(funder.o)
    0x0800ad7e   0x0800ad7e   0x00000002   PAD
    0x0800ad80   0x0800ad80   0x00000010   Code   RO         8305    i.__mathlib_flt_invalid  m_wm.l(funder.o)
    0x0800ad90   0x0800ad90   0x00000010   Code   RO         8308    i.__mathlib_flt_underflow  m_wm.l(funder.o)
    0x0800ada0   0x0800ada0   0x0000000e   Code   RO         8384    i.__scatterload_copy  mc_w.l(handlers.o)
    0x0800adae   0x0800adae   0x00000002   Code   RO         8385    i.__scatterload_null  mc_w.l(handlers.o)
    0x0800adb0   0x0800adb0   0x0000000e   Code   RO         8386    i.__scatterload_zeroinit  mc_w.l(handlers.o)
    0x0800adbe   0x0800adbe   0x00000002   PAD
    0x0800adc0   0x0800adc0   0x0000000c   Code   RO         8354    i.__set_errno       mc_w.l(errno.o)
    0x0800adcc   0x0800adcc   0x00000128   Code   RO         6725    i.bmi088_accel_init  bmi088driver.o
    0x0800aef4   0x0800aef4   0x000000fc   Code   RO         6726    i.bmi088_gyro_init  bmi088driver.o
    0x0800aff0   0x0800aff0   0x000000ac   Code   RO         6894    i.connectionFifoWrite  mcuconnect.o
    0x0800b09c   0x0800b09c   0x00000090   Code   RO         6895    i.connectionINIT    mcuconnect.o
    0x0800b12c   0x0800b12c   0x000000fc   Code   RO         6896    i.connectionRcceiveData  mcuconnect.o
    0x0800b228   0x0800b228   0x000000c4   Code   RO         6897    i.connectionSendData  mcuconnect.o
    0x0800b2ec   0x0800b2ec   0x00000078   Code   RO         6898    i.connectionUnpackData  mcuconnect.o
    0x0800b364   0x0800b364   0x00000054   Code   RO         5726    i.ecdZeroCrossing   addons.o
    0x0800b3b8   0x0800b3b8   0x000000b2   Code   RO         6619    i.f_Changing_Integration_Rate  controller.o
    0x0800b46a   0x0800b46a   0x000000b8   Code   RO         6620    i.f_Derivative_On_Measurement  controller.o
    0x0800b522   0x0800b522   0x0000009a   Code   RO         6621    i.f_Integral_Limit  controller.o
    0x0800b5bc   0x0800b5bc   0x0000002c   Code   RO         7537    i.fifo_s_get        fifo.o
    0x0800b5e8   0x0800b5e8   0x00000016   Code   RO         7540    i.fifo_s_init       fifo.o
    0x0800b5fe   0x0800b5fe   0x0000007c   Code   RO         7546    i.fifo_s_puts       fifo.o
    0x0800b67a   0x0800b67a   0x00000004   Code   RO         7548    i.fifo_s_used       fifo.o
    0x0800b67e   0x0800b67e   0x00000014   Code   RO         5560    i.floatTOint        tools.o
    0x0800b692   0x0800b692   0x00000020   Code   RO         6407    i.float_constrain   user_lib.o
    0x0800b6b2   0x0800b6b2   0x00000022   Code   RO         6409    i.float_rounding    user_lib.o
    0x0800b6d4   0x0800b6d4   0x00000050   Code   RO         8237    i.free              mc_w.l(malloc.o)
    0x0800b724   0x0800b724   0x0000002c   Code   RO         7461    i.get_CRC16_check_sum  crc8_crc16.o
    0x0800b750   0x0800b750   0x0000001c   Code   RO         7462    i.get_CRC8_check_sum  crc8_crc16.o
    0x0800b76c   0x0800b76c   0x0000000a   Code   RO         5921    i.gimbalINIT        gimbal.o
    0x0800b776   0x0800b776   0x00000084   Code   RO         5922    i.gimbalRun         gimbal.o
    0x0800b7fa   0x0800b7fa   0x00000002   PAD
    0x0800b7fc   0x0800b7fc   0x000000b0   Code   RO         7723    i.init_referee_struct_data  referee.o
    0x0800b8ac   0x0800b8ac   0x0000002c   Code   RO         6547    i.invSqrt           quaternionekf.o
    0x0800b8d8   0x0800b8d8   0x00000334   Code   RO           15    i.main              main.o
    0x0800bc0c   0x0800bc0c   0x0000006c   Code   RO         8238    i.malloc            mc_w.l(malloc.o)
    0x0800bc78   0x0800bc78   0x0000001e   Code   RO         5590    i.pidINIT           pid.o
    0x0800bc96   0x0800bc96   0x00000002   PAD
    0x0800bc98   0x0800bc98   0x0000004c   Code   RO         7724    i.refereeINIT       referee.o
    0x0800bce4   0x0800bce4   0x00000094   Code   RO         7725    i.refereeReceiveHandler  referee.o
    0x0800bd78   0x0800bd78   0x00000194   Code   RO         7726    i.referee_data_solve  referee.o
    0x0800bf0c   0x0800bf0c   0x00000104   Code   RO         7727    i.referee_unpack_fifo_data  referee.o
    0x0800c010   0x0800c010   0x000000b4   Code   RO         7728    i.referee_usart_init  referee.o
    0x0800c0c4   0x0800c0c4   0x00000484   Code   RO         7203    i.remote_controller  robotmodmanage.o
    0x0800c548   0x0800c548   0x00000024   Code   RO         7111    i.shooterINIT       shooter.o
    0x0800c56c   0x0800c56c   0x0000011c   Code   RO         7112    i.shooterRun        shooter.o
    0x0800c688   0x0800c688   0x000000e0   Code   RO         7113    i.shooterStuckProcess  shooter.o
    0x0800c768   0x0800c768   0x0000003e   Code   RO         8207    i.sqrtf             m_wm.l(sqrtf_full.o)
    0x0800c7a6   0x0800c7a6   0x00000002   PAD
    0x0800c7a8   0x0800c7a8   0x00000010   Code   RO         7204    i.tune              robotmodmanage.o
    0x0800c7b8   0x0800c7b8   0x00000018   Code   RO         7205    i.tuneINIT          robotmodmanage.o
    0x0800c7d0   0x0800c7d0   0x00000040   Code   RO         7206    i.tuneRun           robotmodmanage.o
    0x0800c810   0x0800c810   0x0000003c   Code   RO         7463    i.verify_CRC16_check_sum  crc8_crc16.o
    0x0800c84c   0x0800c84c   0x00000026   Code   RO         7464    i.verify_CRC8_check_sum  crc8_crc16.o
    0x0800c872   0x0800c872   0x00000008   Data   RO         2032    .constdata          stm32f4xx_hal_dma.o
    0x0800c87a   0x0800c87a   0x00000010   Data   RO         4602    .constdata          system_stm32f4xx.o
    0x0800c88a   0x0800c88a   0x00000008   Data   RO         4603    .constdata          system_stm32f4xx.o
    0x0800c892   0x0800c892   0x00000002   PAD
    0x0800c894   0x0800c894   0x00000030   Data   RO         5977    .constdata          bmi_imu.o
    0x0800c8c4   0x0800c8c4   0x00000090   Data   RO         6549    .constdata          quaternionekf.o
    0x0800c954   0x0800c954   0x00000300   Data   RO         7466    .constdata          crc8_crc16.o
    0x0800cc54   0x0800cc54   0x00000804   Data   RO         8096    .constdata          arm_cortexM4lf_math.lib(arm_common_tables.o)
    0x0800d458   0x0800d458   0x00000020   Data   RO         8382    Region$$Table       anon$$obj.o


    Execution Region RW_IRAM1 (Exec base: 0x20000000, Load base: 0x0800d478, Size: 0x000051d0, Max: 0x0001c000, ABSOLUTE, COMPRESSED[0x0000015c])

    Exec Addr    Load Addr    Size         Type   Attr      Idx    E Section Name        Object

    0x20000000   COMPRESSED   0x00000001   Data   RW           20    .data               main.o
    0x20000001   COMPRESSED   0x00000003   PAD
    0x20000004   COMPRESSED   0x00000004   Data   RW          417    .data               can.o
    0x20000008   COMPRESSED   0x0000000c   Data   RW         2477    .data               stm32f4xx_hal.o
    0x20000014   COMPRESSED   0x00000004   Data   RW         4604    .data               system_stm32f4xx.o
    0x20000018   COMPRESSED   0x0000001c   Data   RW         4704    .data               usbd_desc.o
    0x20000034   COMPRESSED   0x00000032   Data   RW         4705    .data               usbd_desc.o
    0x20000066   COMPRESSED   0x00000002   PAD
    0x20000068   COMPRESSED   0x00000014   Data   RW         4788    .data               usbd_cdc_if.o
    0x2000007c   COMPRESSED   0x00000001   Data   RW         5235    .data               usbd_ctlreq.o
    0x2000007d   COMPRESSED   0x00000003   PAD
    0x20000080   COMPRESSED   0x00000053   Data   RW         5378    .data               usbd_cdc.o
    0x200000d3   COMPRESSED   0x00000001   PAD
    0x200000d4   COMPRESSED   0x00000038   Data   RW         5379    .data               usbd_cdc.o
    0x2000010c   COMPRESSED   0x00000014   Data   RW         5592    .data               pid.o
    0x20000120   COMPRESSED   0x00000014   Data   RW         5593    .data               pid.o
    0x20000134   COMPRESSED   0x00000014   Data   RW         5596    .data               pid.o
    0x20000148   COMPRESSED   0x00000014   Data   RW         5597    .data               pid.o
    0x2000015c   COMPRESSED   0x00000014   Data   RW         5598    .data               pid.o
    0x20000170   COMPRESSED   0x00000014   Data   RW         5599    .data               pid.o
    0x20000184   COMPRESSED   0x00000044   Data   RW         5978    .data               bmi_imu.o
    0x200001c8   COMPRESSED   0x00000040   Data   RW         6214    .data               bsp_dwt.o
    0x20000208   COMPRESSED   0x00000004   Data   RW         6322    .data               kalman_filter.o
    0x2000020c   COMPRESSED   0x00000014   Data   RW         6418    .data               user_lib.o
    0x20000220   COMPRESSED   0x000000d4   Data   RW         6550    .data               quaternionekf.o
    0x200002f4   COMPRESSED   0x00000048   Data   RW         6728    .data               bmi088driver.o
    0x2000033c   COMPRESSED   0x00000004   Data   RW         6805    .data               bmi088middleware.o
    0x20000340   COMPRESSED   0x0000000c   Data   RW         6899    .data               mcuconnect.o
    0x2000034c   COMPRESSED   0x00000002   Data   RW         7044    .data               bsp_wbus.o
    0x2000034e   COMPRESSED   0x00000007   Data   RW         7209    .data               robotmodmanage.o
    0x20000355   COMPRESSED   0x00000004   Data   RW         7410    .data               visionconnect.o
    0x20000359   COMPRESSED   0x00000001   PAD
    0x2000035a   COMPRESSED   0x00000002   Data   RW         7467    .data               crc8_crc16.o
    0x2000035c   COMPRESSED   0x00000042   Data   RW         7730    .data               referee.o
    0x2000039e   COMPRESSED   0x00000002   PAD
    0x200003a0   COMPRESSED   0x00000004   Data   RW         8350    .data               mc_w.l(mvars.o)
    0x200003a4   COMPRESSED   0x00000004   Data   RW         8351    .data               mc_w.l(mvars.o)
    0x200003a8   COMPRESSED   0x00000004   Data   RW         8355    .data               mc_w.l(errno.o)
    0x200003ac        -       0x000009f4   Zero   RW           16    .bss                main.o
    0x20000da0        -       0x00000010   Zero   RW           18    .bss                main.o
    0x20000db0        -       0x0000000c   Zero   RW           19    .bss                main.o
    0x20000dbc        -       0x00000050   Zero   RW          416    .bss                can.o
    0x20000e0c        -       0x00000118   Zero   RW          491    .bss                spi.o
    0x20000f24        -       0x000002d0   Zero   RW          543    .bss                tim.o
    0x200011f4        -       0x00000258   Zero   RW          637    .bss                usart.o
    0x2000144c        -       0x000002dc   Zero   RW         4639    .bss                usb_device.o
    0x20001728        -       0x00000200   Zero   RW         4703    .bss                usbd_desc.o
    0x20001928        -       0x00001000   Zero   RW         4787    .bss                usbd_cdc_if.o
    0x20002928        -       0x00000704   Zero   RW         4890    .bss                usbd_conf.o
    0x2000302c        -       0x0000013c   Zero   RW         5976    .bss                bmi_imu.o
    0x20003168        -       0x00000270   Zero   RW         6548    .bss                quaternionekf.o
    0x200033d8        -       0x00000040   Zero   RW         6727    .bss                bmi088driver.o
    0x20003418        -       0x00000032   Zero   RW         7043    .bss                bsp_wbus.o
    0x2000344a        -       0x00000018   Zero   RW         7087    .bss                rc_task.o
    0x20003462   COMPRESSED   0x00000002   PAD
    0x20003464        -       0x00000014   Zero   RW         7208    .bss                robotmodmanage.o
    0x20003478        -       0x0000000d   Zero   RW         7409    .bss                visionconnect.o
    0x20003485   COMPRESSED   0x00000003   PAD
    0x20003488        -       0x00000943   Zero   RW         7729    .bss                referee.o
    0x20003dcb   COMPRESSED   0x00000005   PAD
    0x20003dd0        -       0x00001000   Zero   RW            2    HEAP                startup_stm32f407xx.o
    0x20004dd0        -       0x00000400   Zero   RW            1    STACK               startup_stm32f407xx.o


    Execution Region RW_IRAM2 (Exec base: 0x2001c000, Load base: 0x0800d5d4, Size: 0x00000000, Max: 0x00004000, ABSOLUTE)

    **** No section assigned to this execution region ****


==============================================================================

Image component sizes


      Code (inc. data)   RO Data    RW Data    ZI Data      Debug   Object Name

       200         26          0          0          0       4715   addons.o
       168          0          0          0          0       1714   app_et07.o
        44          8          0          0          0       1779   bmi088.o
      2200        108          0         72         64      11741   bmi088driver.o
       100         30          0          4          0       3828   bmi088middleware.o
      1784        116         48         68        316      12118   bmi_imu.o
       452         70          0         64          0       5210   bsp_dwt.o
        42          0          0          0          0       1070   bsp_pwm.o
       264         40          0          2         50       2362   bsp_wbus.o
       336        106          0          0          0       4311   callbacks.o
       456         46          0          4         80       2794   can.o
      1734         14          0          0          0       9781   controller.o
       170         18        768          2          0       4067   crc8_crc16.o
      1228         22          0          0          0      14137   dji_motor.o
       140          4          0          0          0        962   dma.o
       194          0          0          0          0      10125   fifo.o
       146          0          0          0          0       4982   gimbal.o
       348         20          0          0          0     714007   gpio.o
      2222         22          0          4          0      23559   kalman_filter.o
       972        118          0          1       2576     715811   main.o
       884         26          0         12          0       6513   mcuconnect.o
       482         14          0        120          0       5272   pid.o
      2848        174        144        212        624      11639   quaternionekf.o
         0          0          0          0         24        694   rc_task.o
      1244         92          0         66       2371      16823   referee.o
      1260        120          0          7         20     589839   robotmodmanage.o
       544         26          0          0          0       4044   shooter.o
       328         32          0          0        280       2131   spi.o
        36          8        392          0       5120        892   startup_stm32f407xx.o
       180         28          0         12          0       9849   stm32f4xx_hal.o
      1678          6          0          0          0      15881   stm32f4xx_hal_can.o
       198         14          0          0          0      34123   stm32f4xx_hal_cortex.o
      1084         16          8          0          0       7866   stm32f4xx_hal_dma.o
       500         52          0          0          0       3772   stm32f4xx_hal_gpio.o
        48          6          0          0          0        970   stm32f4xx_hal_msp.o
      2548         16          0          0          0      14712   stm32f4xx_hal_pcd.o
        78          0          0          0          0       2709   stm32f4xx_hal_pcd_ex.o
      1340         82          0          0          0       6244   stm32f4xx_hal_rcc.o
       966         14          0          0          0       5161   stm32f4xx_hal_spi.o
      2234        180          0          0          0      20514   stm32f4xx_hal_tim.o
       232         28          0          0          0       3665   stm32f4xx_hal_tim_ex.o
      1588         30          0          0          0      11999   stm32f4xx_hal_uart.o
       398        148          0          0          0      20263   stm32f4xx_it.o
      2688        116          0          0          0      25048   stm32f4xx_ll_usb.o
        16          4         24          4          0       1295   system_stm32f4xx.o
      1552        166          0          0        720       9311   tim.o
        20          0          0          0          0       1277   tools.o
       740         80          0          0        600       3904   usart.o
        84         18          0          0        732       6768   usb_device.o
      1278         36          0        139          0      15437   usbd_cdc.o
       292         46          0         20       4096       7949   usbd_cdc_if.o
       642         24          0          0       1796      18404   usbd_conf.o
       928          0          0          0          0      16863   usbd_core.o
      1358         28          0          1          0      16160   usbd_ctlreq.o
       286        104          0         78        512       6849   usbd_desc.o
       132          0          0          0          0       4912   usbd_ioreq.o
       632          6          0         20          0       7197   user_lib.o
       116          4          0          4         13       4857   visionconnect.o
        32          6          0          0          0       1132   vofa.o

    ----------------------------------------------------------------------
     44760       2518       1418        928      20004    2492011   Object Totals
         0          0         32          0          0          0   (incl. Generated)
        66          0          2         12         10          0   (incl. Padding)

    ----------------------------------------------------------------------

      Code (inc. data)   RO Data    RW Data    ZI Data      Debug   Library Member Name

         0          0       2052          0          0       4704   arm_common_tables.o
       120         12          0          0          0      17170   arm_cos_f32.o
       264          0          0          0          0       1826   arm_mat_add_f32.o
         8          0          0          0          0        999   arm_mat_init_f32.o
      1328          4          0          0          0       4782   arm_mat_inverse_f32.o
       316          4          0          0          0       2375   arm_mat_mult_f32.o
       264          0          0          0          0       1826   arm_mat_sub_f32.o
       276          0          0          0          0       2240   arm_mat_trans_f32.o
       148         18          0          0          0        814   arm_sin_f32.o
       280         46          0          0          0        176   acosf.o
       300         42          0          0          0        176   asinf.o
       592         90          0          0          0        184   atan2f.o
       280         28          0          0          0        156   ceil.o
        38          0          0          0          0        116   fpclassifyf.o
        44         12          0          0          0        464   funder.o
       120          0          0          0          0        272   sqrtf_full.o
        86          0          0          0          0          0   __dczerorl2.o
         0          0          0          0          0          0   entry.o
         0          0          0          0          0          0   entry10a.o
         0          0          0          0          0          0   entry11a.o
         8          4          0          0          0          0   entry2.o
         4          0          0          0          0          0   entry5.o
         0          0          0          0          0          0   entry7b.o
         0          0          0          0          0          0   entry8b.o
         8          4          0          0          0          0   entry9a.o
        12          6          0          4          0         68   errno.o
        30          0          0          0          0          0   handlers.o
        36          8          0          0          0         68   init.o
         0          0          0          0          0          0   iusefp.o
        30          0          0          0          0         68   llshl.o
        36          0          0          0          0         68   llsshr.o
        32          0          0          0          0         68   llushr.o
       188         20          0          0          0        160   malloc.o
        36          0          0          0          0         68   memcpya.o
        36          0          0          0          0        108   memseta.o
         0          0          0          8          0          0   mvars.o
        98          0          0          0          0         92   uldiv.o
        48          0          0          0          0         68   cdcmple.o
        48          0          0          0          0         68   cdrcmple.o
        56          0          0          0          0         88   d2f.o
       334          0          0          0          0        148   dadd.o
       186          0          0          0          0        176   depilogue.o
        50          0          0          0          0         76   dfixui.o
        34          0          0          0          0         76   dflti.o
       228          0          0          0          0         96   dmul.o
        38          0          0          0          0         68   f2d.o
       110          0          0          0          0        168   fepilogue.o

    ----------------------------------------------------------------------
      6162        298       2052         12          0      40080   Library Totals
        12          0          0          0          0          0   (incl. Padding)

    ----------------------------------------------------------------------

      Code (inc. data)   RO Data    RW Data    ZI Data      Debug   Library Name

      2724         38       2052          0          0      36736   arm_cortexM4lf_math.lib
      1654        218          0          0          0       1544   m_wm.l
       640         42          0         12          0        768   mc_w.l
      1132          0          0          0          0       1032   mf_w.l

    ----------------------------------------------------------------------
      6162        298       2052         12          0      40080   Library Totals

    ----------------------------------------------------------------------

==============================================================================


      Code (inc. data)   RO Data    RW Data    ZI Data      Debug   

     50922       2816       3470        940      20004    2490291   Grand Totals
     50922       2816       3470        348      20004    2490291   ELF Image Totals (compressed)
     50922       2816       3470        348          0          0   ROM Totals

==============================================================================

    Total RO  Size (Code + RO Data)                54392 (  53.12kB)
    Total RW  Size (RW Data + ZI Data)             20944 (  20.45kB)
    Total ROM Size (Code + RO Data + RW Data)      54740 (  53.46kB)

==============================================================================

