<html>
<body>
<pre>
<h1>µVision Build Log</h1>
<h2>Tool Versions:</h2>
IDE-Version: ¦ÌVision V5.42.0.0
Copyright (C) 2025 ARM Ltd and ARM Germany GmbH. All rights reserved.
License Information: 1 Windows, HP Inc., LIC=14HV2-98F1W-UHZ8H-WSBKW-JBCK7-3VER0
 
Tool Versions:
Toolchain:       MDK-ARM Plus  Version: 5.42.0.0
Toolchain Path:  D:\qianrushi\keil_v5\ARM\ARMCC\Bin
C Compiler:      Armcc.exe V5.06 update 7 (build 960)
Assembler:       Armasm.exe V5.06 update 7 (build 960)
Linker/Locator:  ArmLink.exe V5.06 update 7 (build 960)
Library Manager: ArmAr.exe V5.06 update 7 (build 960)
Hex Converter:   FromElf.exe V5.06 update 7 (build 960)
CPU DLL:         SARMCM3.DLL V5.42.0.0
Dialog DLL:      DCM.DLL V1.17.5.0
Target DLL:      CMSIS_AGDI.dll V1.33.22.0
Dialog DLL:      TCM.DLL V1.56.6.0
 
<h2>Project:</h2>
c:\Users\admin\Desktop\RoboMaster\code\omni\NEXT-E_Robot_Component_Library\example\Gimbal\MDK-ARM\Gimbal.uvprojx
Project File Date:  06/19/2025

<h2>Output:</h2>
*** Using Compiler 'V5.06 update 7 (build 960)', folder: 'D:\qianrushi\keil_v5\ARM\ARMCC\Bin'
Build target 'Gimbal'
compiling gimbal.c...
compiling dma.c...
compiling gpio.c...
compiling usbd_desc.c...
compiling pid.c...
compiling spi.c...
compiling can.c...
compiling usart.c...
compiling usbd_core.c...
compiling usb_device.c...
compiling CallBacks.c...
compiling usbd_conf.c...
compiling stm32f4xx_hal_msp.c...
compiling tim.c...
compiling usbd_ioreq.c...
compiling addOns.c...
compiling usbd_cdc_if.c...
compiling usbd_ctlreq.c...
compiling usbd_cdc.c...
compiling chassis.c...
compiling DJI_Motor.c...
compiling stm32f4xx_it.c...
compiling main.c...
compiling bsp_PWM.c...
compiling bsp_dwt.c...
compiling user_lib.c...
compiling BMI088Middleware.c...
compiling BMI_IMU.c...
compiling app_et07.c...
compiling remote_control.c...
compiling RC_task.c...
compiling transfer_function.c...
compiling bsp_wbus.c...
compiling CRC8_CRC16.c...
compiling BMI088driver.c...
compiling BMI088.c...
compiling shooter.c...
compiling RobotModManage.c...
compiling MCUConnect.c...
compiling referee.c...
compiling Vofa.c...
compiling VisionConnect.c...
compiling controller.c...
linking...
Program Size: Code=67526 RO-data=3474 RW-data=1708 ZI-data=19988  
FromELF: creating hex file...
"Gimbal\Gimbal.axf" - 0 Error(s), 0 Warning(s).

<h2>Software Packages used:</h2>

Package Vendor: ARM
                https://www.keil.com/pack/ARM.CMSIS.6.1.0.pack
                ARM::CMSIS@6.1.0
                CMSIS (Common Microcontroller Software Interface Standard)
   * Component: CORE Version: 6.1.0

Package Vendor: Keil
                https://www.keil.com/pack/Keil.STM32F4xx_DFP.3.0.0.pack
                Keil::STM32F4xx_DFP@3.0.0
                STMicroelectronics STM32F4 Series Device Support

<h2>Collection of Component include folders:</h2>
  ./RTE/_Gimbal
  C:/Users/admin/AppData/Local/Arm/Packs/ARM/CMSIS/6.1.0/CMSIS/Core/Include

<h2>Collection of Component Files used:</h2>

   * Component: ARM::CMSIS:CORE@6.1.0
      Include file:  CMSIS/Core/Include/tz_context.h
Build Time Elapsed:  00:00:07
</pre>
</body>
</html>
