Component: ARM Compiler 5.06 update 7 (build 960) Tool: armlink [4d3601]

==============================================================================

Section Cross References

    startup_stm32f407xx.o(STACK) refers (Special) to heapauxi.o(.text) for __use_two_region_memory
    startup_stm32f407xx.o(HEAP) refers (Special) to heapauxi.o(.text) for __use_two_region_memory
    startup_stm32f407xx.o(RESET) refers (Special) to heapauxi.o(.text) for __use_two_region_memory
    startup_stm32f407xx.o(RESET) refers to startup_stm32f407xx.o(STACK) for __initial_sp
    startup_stm32f407xx.o(RESET) refers to startup_stm32f407xx.o(.text) for Reset_Handler
    startup_stm32f407xx.o(RESET) refers to stm32f4xx_it.o(i.NMI_Handler) for NMI_Handler
    startup_stm32f407xx.o(RESET) refers to stm32f4xx_it.o(i.HardFault_Handler) for HardFault_Handler
    startup_stm32f407xx.o(RESET) refers to stm32f4xx_it.o(i.MemManage_Handler) for MemManage_Handler
    startup_stm32f407xx.o(RESET) refers to stm32f4xx_it.o(i.BusFault_Handler) for BusFault_Handler
    startup_stm32f407xx.o(RESET) refers to stm32f4xx_it.o(i.UsageFault_Handler) for UsageFault_Handler
    startup_stm32f407xx.o(RESET) refers to stm32f4xx_it.o(i.SVC_Handler) for SVC_Handler
    startup_stm32f407xx.o(RESET) refers to stm32f4xx_it.o(i.DebugMon_Handler) for DebugMon_Handler
    startup_stm32f407xx.o(RESET) refers to stm32f4xx_it.o(i.PendSV_Handler) for PendSV_Handler
    startup_stm32f407xx.o(RESET) refers to stm32f4xx_it.o(i.SysTick_Handler) for SysTick_Handler
    startup_stm32f407xx.o(RESET) refers to stm32f4xx_it.o(i.DMA1_Stream1_IRQHandler) for DMA1_Stream1_IRQHandler
    startup_stm32f407xx.o(RESET) refers to stm32f4xx_it.o(i.CAN1_TX_IRQHandler) for CAN1_TX_IRQHandler
    startup_stm32f407xx.o(RESET) refers to stm32f4xx_it.o(i.CAN1_RX0_IRQHandler) for CAN1_RX0_IRQHandler
    startup_stm32f407xx.o(RESET) refers to stm32f4xx_it.o(i.CAN1_RX1_IRQHandler) for CAN1_RX1_IRQHandler
    startup_stm32f407xx.o(RESET) refers to stm32f4xx_it.o(i.TIM1_UP_TIM10_IRQHandler) for TIM1_UP_TIM10_IRQHandler
    startup_stm32f407xx.o(RESET) refers to stm32f4xx_it.o(i.TIM1_TRG_COM_TIM11_IRQHandler) for TIM1_TRG_COM_TIM11_IRQHandler
    startup_stm32f407xx.o(RESET) refers to stm32f4xx_it.o(i.USART1_IRQHandler) for USART1_IRQHandler
    startup_stm32f407xx.o(RESET) refers to stm32f4xx_it.o(i.USART3_IRQHandler) for USART3_IRQHandler
    startup_stm32f407xx.o(RESET) refers to stm32f4xx_it.o(i.TIM8_BRK_TIM12_IRQHandler) for TIM8_BRK_TIM12_IRQHandler
    startup_stm32f407xx.o(RESET) refers to stm32f4xx_it.o(i.TIM8_UP_TIM13_IRQHandler) for TIM8_UP_TIM13_IRQHandler
    startup_stm32f407xx.o(RESET) refers to stm32f4xx_it.o(i.TIM8_TRG_COM_TIM14_IRQHandler) for TIM8_TRG_COM_TIM14_IRQHandler
    startup_stm32f407xx.o(RESET) refers to stm32f4xx_it.o(i.DMA2_Stream1_IRQHandler) for DMA2_Stream1_IRQHandler
    startup_stm32f407xx.o(RESET) refers to stm32f4xx_it.o(i.DMA2_Stream2_IRQHandler) for DMA2_Stream2_IRQHandler
    startup_stm32f407xx.o(RESET) refers to stm32f4xx_it.o(i.CAN2_TX_IRQHandler) for CAN2_TX_IRQHandler
    startup_stm32f407xx.o(RESET) refers to stm32f4xx_it.o(i.CAN2_RX0_IRQHandler) for CAN2_RX0_IRQHandler
    startup_stm32f407xx.o(RESET) refers to stm32f4xx_it.o(i.CAN2_RX1_IRQHandler) for CAN2_RX1_IRQHandler
    startup_stm32f407xx.o(RESET) refers to stm32f4xx_it.o(i.DMA2_Stream6_IRQHandler) for DMA2_Stream6_IRQHandler
    startup_stm32f407xx.o(RESET) refers to stm32f4xx_it.o(i.DMA2_Stream7_IRQHandler) for DMA2_Stream7_IRQHandler
    startup_stm32f407xx.o(RESET) refers to stm32f4xx_it.o(i.USART6_IRQHandler) for USART6_IRQHandler
    startup_stm32f407xx.o(.text) refers (Special) to heapauxi.o(.text) for __use_two_region_memory
    startup_stm32f407xx.o(.text) refers to system_stm32f4xx.o(i.SystemInit) for SystemInit
    startup_stm32f407xx.o(.text) refers to __main.o(!!!main) for __main
    startup_stm32f407xx.o(.text) refers to startup_stm32f407xx.o(HEAP) for Heap_Mem
    startup_stm32f407xx.o(.text) refers to startup_stm32f407xx.o(STACK) for Stack_Mem
    main.o(i.SystemClock_Config) refers to rt_memclr_w.o(.text) for __aeabi_memclr4
    main.o(i.SystemClock_Config) refers to stm32f4xx_hal_rcc.o(i.HAL_RCC_OscConfig) for HAL_RCC_OscConfig
    main.o(i.SystemClock_Config) refers to main.o(i.Error_Handler) for Error_Handler
    main.o(i.SystemClock_Config) refers to stm32f4xx_hal_rcc.o(i.HAL_RCC_ClockConfig) for HAL_RCC_ClockConfig
    main.o(i.main) refers to stm32f4xx_hal.o(i.HAL_Init) for HAL_Init
    main.o(i.main) refers to main.o(i.SystemClock_Config) for SystemClock_Config
    main.o(i.main) refers to gpio.o(i.MX_GPIO_Init) for MX_GPIO_Init
    main.o(i.main) refers to dma.o(i.MX_DMA_Init) for MX_DMA_Init
    main.o(i.main) refers to tim.o(i.MX_TIM12_Init) for MX_TIM12_Init
    main.o(i.main) refers to tim.o(i.MX_TIM13_Init) for MX_TIM13_Init
    main.o(i.main) refers to tim.o(i.MX_TIM14_Init) for MX_TIM14_Init
[...]
    RCC_IRQHandler                           0x0800028b   Thumb Code     0  startup_stm32f407xx.o(.text)
    RTC_Alarm_IRQHandler                     0x0800028b   Thumb Code     0  startup_stm32f407xx.o(.text)
    RTC_WKUP_IRQHandler                      0x0800028b   Thumb Code     0  startup_stm32f407xx.o(.text)
    SDIO_IRQHandler                          0x0800028b   Thumb Code     0  startup_stm32f407xx.o(.text)
    SPI1_IRQHandler                          0x0800028b   Thumb Code     0  startup_stm32f407xx.o(.text)
    SPI2_IRQHandler                          0x0800028b   Thumb Code     0  startup_stm32f407xx.o(.text)
    SPI3_IRQHandler                          0x0800028b   Thumb Code     0  startup_stm32f407xx.o(.text)
    TAMP_STAMP_IRQHandler                    0x0800028b   Thumb Code     0  startup_stm32f407xx.o(.text)
    TIM1_BRK_TIM9_IRQHandler                 0x0800028b   Thumb Code     0  startup_stm32f407xx.o(.text)
    TIM1_CC_IRQHandler                       0x0800028b   Thumb Code     0  startup_stm32f407xx.o(.text)
    TIM2_IRQHandler                          0x0800028b   Thumb Code     0  startup_stm32f407xx.o(.text)
    TIM3_IRQHandler                          0x0800028b   Thumb Code     0  startup_stm32f407xx.o(.text)
    TIM4_IRQHandler                          0x0800028b   Thumb Code     0  startup_stm32f407xx.o(.text)
    TIM5_IRQHandler                          0x0800028b   Thumb Code     0  startup_stm32f407xx.o(.text)
    TIM6_DAC_IRQHandler                      0x0800028b   Thumb Code     0  startup_stm32f407xx.o(.text)
    TIM7_IRQHandler                          0x0800028b   Thumb Code     0  startup_stm32f407xx.o(.text)
    TIM8_CC_IRQHandler                       0x0800028b   Thumb Code     0  startup_stm32f407xx.o(.text)
    UART4_IRQHandler                         0x0800028b   Thumb Code     0  startup_stm32f407xx.o(.text)
    UART5_IRQHandler                         0x0800028b   Thumb Code     0  startup_stm32f407xx.o(.text)
    USART2_IRQHandler                        0x0800028b   Thumb Code     0  startup_stm32f407xx.o(.text)
    WWDG_IRQHandler                          0x0800028b   Thumb Code     0  startup_stm32f407xx.o(.text)
    __user_initial_stackheap                 0x0800028d   Thumb Code     0  startup_stm32f407xx.o(.text)
    malloc                                   0x080002b1   Thumb Code    94  h1_alloc.o(.text)
    free                                     0x0800030f   Thumb Code    78  h1_free.o(.text)
    __aeabi_uldivmod                         0x0800035d   Thumb Code     0  lludivv7m.o(.text)
    _ll_udiv                                 0x0800035d   Thumb Code   238  lludivv7m.o(.text)
    memcmp                                   0x0800044b   Thumb Code    88  memcmp.o(.text)
    strlen                                   0x080004a3   Thumb Code    62  strlen.o(.text)
    __aeabi_memcpy                           0x080004e1   Thumb Code     0  rt_memcpy_v6.o(.text)
    __rt_memcpy                              0x080004e1   Thumb Code   138  rt_memcpy_v6.o(.text)
    _memcpy_lastbytes                        0x08000547   Thumb Code     0  rt_memcpy_v6.o(.text)
    __aeabi_memclr                           0x0800056b   Thumb Code     0  rt_memclr.o(.text)
    __rt_memclr                              0x0800056b   Thumb Code    68  rt_memclr.o(.text)
    _memset                                  0x0800056f   Thumb Code     0  rt_memclr.o(.text)
    __aeabi_memclr4                          0x080005af   Thumb Code     0  rt_memclr_w.o(.text)
    __aeabi_memclr8                          0x080005af   Thumb Code     0  rt_memclr_w.o(.text)
    __rt_memclr_w                            0x080005af   Thumb Code    78  rt_memclr_w.o(.text)
    _memset_w                                0x080005b3   Thumb Code     0  rt_memclr_w.o(.text)
    __use_two_region_memory                  0x080005fd   Thumb Code     2  heapauxi.o(.text)
    __rt_heap_escrow                         0x080005ff   Thumb Code     2  heapauxi.o(.text)
    __rt_heap_expand                         0x08000601   Thumb Code     2  heapauxi.o(.text)
    __rt_heap_descriptor                     0x08000605   Thumb Code     8  rt_heap_descriptor_intlibspace.o(.text)
    __use_no_heap                            0x0800060d   Thumb Code     2  hguard.o(.text)
    __heap$guard                             0x0800060f   Thumb Code     2  hguard.o(.text)
    _terminate_user_alloc                    0x08000611   Thumb Code     2  init_alloc.o(.text)
    _init_user_alloc                         0x08000613   Thumb Code     2  init_alloc.o(.text)
    __Heap_Full                              0x08000615   Thumb Code    34  init_alloc.o(.text)
    __Heap_Broken                            0x08000637   Thumb Code     6  init_alloc.o(.text)
    _init_alloc                              0x0800063d   Thumb Code    94  init_alloc.o(.text)
    __Heap_Initialize                        0x0800069b   Thumb Code    10  h1_init.o(.text)
    __Heap_DescSize                          0x080006a5   Thumb Code     4  h1_init.o(.text)
    __read_errno                             0x080006a9   Thumb Code    10  _rserrno.o(.text)
    __set_errno                              0x080006b3   Thumb Code    12  _rserrno.o(.text)
    __aeabi_memcpy4                          0x080006bf   Thumb Code     0  rt_memcpy_w.o(.text)
    __aeabi_memcpy8                          0x080006bf   Thumb Code     0  rt_memcpy_w.o(.text)
    __rt_memcpy_w                            0x080006bf   Thumb Code   100  rt_memcpy_w.o(.text)
    _memcpy_lastbytes_aligned                0x08000707   Thumb Code     0  rt_memcpy_w.o(.text)
    __user_libspace                          0x08000725   Thumb Code     8  libspace.o(.text)
    __user_perproc_libspace                  0x08000725   Thumb Code     0  libspace.o(.text)
    __user_perthread_libspace                0x08000725   Thumb Code     0  libspace.o(.text)
    __aeabi_errno_addr                       0x0800072d   Thumb Code     8  rt_errno_addr_intlibspace.o(.text)
    __errno$intlibspace                      0x0800072d   Thumb Code     0  rt_errno_addr_intlibspace.o(.text)
    __rt_errno_addr$intlibspace              0x0800072d   Thumb Code     0  rt_errno_addr_intlibspace.o(.text)
    __Heap_ProvideMemory                     0x08000735   Thumb Code    52  h1_extend.o(.text)
    __rt_SIGRTMEM                            0x08000769   Thumb Code    14  defsig_rtmem_outer.o(.text)
    __I$use$semihosting                      0x08000777   Thumb Code     0  use_no_semi.o(.text)
    __use_no_semihosting_swi                 0x08000777   Thumb Code     2  use_no_semi.o(.text)
    __semihosting_library_function           0x08000779   Thumb Code     0  indicate_semi.o(.text)
    __user_setup_stackheap                   0x08000779   Thumb Code    74  sys_stackheap_outer.o(.text)
    exit                                     0x080007c3   Thumb Code    18  exit.o(.text)
    __sig_exit                               0x080007d5   Thumb Code    10  defsig_exit.o(.text)
    __rt_SIGRTMEM_inner                      0x080007e1   Thumb Code    22  defsig_rtmem_inner.o(.text)
    _sys_exit                                0x08000831   Thumb Code     8  sys_exit.o(.text)
    __default_signal_display                 0x0800083d   Thumb Code    50  defsig_general.o(.text)
    _ttywrch                                 0x0800086f   Thumb Code    14  sys_wrch.o(.text)
    BusFault_Handler                         0x0800087d   Thumb Code     4  stm32f4xx_it.o(i.BusFault_Handler)
    CAN1_RX0_IRQHandler                      0x08000881   Thumb Code    10  stm32f4xx_it.o(i.CAN1_RX0_IRQHandler)
    CAN1_RX1_IRQHandler                      0x08000891   Thumb Code    10  stm32f4xx_it.o(i.CAN1_RX1_IRQHandler)
    CAN1_TX_IRQHandler                       0x080008a1   Thumb Code    10  stm32f4xx_it.o(i.CAN1_TX_IRQHandler)
    CAN2_RX0_IRQHandler                      0x080008b1   Thumb Code    10  stm32f4xx_it.o(i.CAN2_RX0_IRQHandler)
    CAN2_RX1_IRQHandler                      0x080008c1   Thumb Code    10  stm32f4xx_it.o(i.CAN2_RX1_IRQHandler)
    CAN2_TX_IRQHandler                       0x080008d1   Thumb Code    10  stm32f4xx_it.o(i.CAN2_TX_IRQHandler)
    DJI_MotorCalculateResultSet              0x080008e1   Thumb Code     6  dji_motor.o(i.DJI_MotorCalculateResultSet)
    DJI_MotorClassifyMotorData               0x080008e7   Thumb Code   238  dji_motor.o(i.DJI_MotorClassifyMotorData)
    DJI_MotorDisable                         0x080009d5   Thumb Code     6  dji_motor.o(i.DJI_MotorDisable)
    DJI_MotorEnable                          0x080009db   Thumb Code    30  dji_motor.o(i.DJI_MotorEnable)
    DJI_MotorGetSoftEcd                      0x080009f9   Thumb Code    36  dji_motor.o(i.DJI_MotorGetSoftEcd)
    DJI_MotorGroupInit                       0x08000a1d   Thumb Code   292  dji_motor.o(i.DJI_MotorGroupInit)
    DJI_MotorInit                            0x08000b49   Thumb Code    36  dji_motor.o(i.DJI_MotorInit)
    DJI_MotorListAdd                         0x08000b6d   Thumb Code    30  dji_motor.o(i.DJI_MotorListAdd)
    DJI_MotorListClassicify                  0x08000b8b   Thumb Code   150  dji_motor.o(i.DJI_MotorListClassicify)
    DJI_MotorPidRUN                          0x08000c21   Thumb Code   452  dji_motor.o(i.DJI_MotorPidRUN)
    DJI_MotorPidSet                          0x08000de5   Thumb Code   126  dji_motor.o(i.DJI_MotorPidSet)
    DJI_MotorPostProcessHandlerSet           0x08000e63   Thumb Code     4  dji_motor.o(i.DJI_MotorPostProcessHandlerSet)
    DJI_MotorReceiveMotordat                 0x08000e67   Thumb Code    56  dji_motor.o(i.DJI_MotorReceiveMotordat)
    DJI_MotorSendData                        0x08000e9f   Thumb Code   256  dji_motor.o(i.DJI_MotorSendData)
    DJI_MotorSetTarget                       0x08000f9f   Thumb Code    18  dji_motor.o(i.DJI_MotorSetTarget)
    DJI_MotorUpdateTXD                       0x08000fb1   Thumb Code   116  dji_motor.o(i.DJI_MotorUpdateTXD)
    DMA1_Stream1_IRQHandler                  0x08001025   Thumb Code    10  stm32f4xx_it.o(i.DMA1_Stream1_IRQHandler)
    DMA2_Stream1_IRQHandler                  0x08001035   Thumb Code    10  stm32f4xx_it.o(i.DMA2_Stream1_IRQHandler)
    DMA2_Stream2_IRQHandler                  0x08001045   Thumb Code    10  stm32f4xx_it.o(i.DMA2_Stream2_IRQHandler)
    DMA2_Stream6_IRQHandler                  0x08001055   Thumb Code    10  stm32f4xx_it.o(i.DMA2_Stream6_IRQHandler)
    DMA2_Stream7_IRQHandler                  0x08001065   Thumb Code    10  stm32f4xx_it.o(i.DMA2_Stream7_IRQHandler)
    DebugMon_Handler                         0x0800117f   Thumb Code     2  stm32f4xx_it.o(i.DebugMon_Handler)
    Error_Handler                            0x08001181   Thumb Code     6  main.o(i.Error_Handler)
    Get_ET07_DataDecode                      0x08001187   Thumb Code   190  app_et07.o(i.Get_ET07_DataDecode)
    HAL_CAN_ActivateNotification             0x08001245   Thumb Code    42  stm32f4xx_hal_can.o(i.HAL_CAN_ActivateNotification)
    HAL_CAN_AddTxMessage                     0x0800126f   Thumb Code   330  stm32f4xx_hal_can.o(i.HAL_CAN_AddTxMessage)
    HAL_CAN_ConfigFilter                     0x080013b9   Thumb Code   286  stm32f4xx_hal_can.o(i.HAL_CAN_ConfigFilter)
    HAL_CAN_ErrorCallback                    0x080014dd   Thumb Code     2  stm32f4xx_hal_can.o(i.HAL_CAN_ErrorCallback)
    HAL_CAN_GetRxMessage                     0x080014df   Thumb Code   404  stm32f4xx_hal_can.o(i.HAL_CAN_GetRxMessage)
    HAL_CAN_GetTxMailboxesFreeLevel          0x08001673   Thumb Code    54  stm32f4xx_hal_can.o(i.HAL_CAN_GetTxMailboxesFreeLevel)
    HAL_CAN_IRQHandler                       0x080016a9   Thumb Code   590  stm32f4xx_hal_can.o(i.HAL_CAN_IRQHandler)
    HAL_CAN_Init                             0x080018f7   Thumb Code   372  stm32f4xx_hal_can.o(i.HAL_CAN_Init)
    HAL_CAN_MspInit                          0x08001a6d   Thumb Code   392  can.o(i.HAL_CAN_MspInit)
    HAL_CAN_RxFifo0FullCallback              0x08001c0d   Thumb Code     2  stm32f4xx_hal_can.o(i.HAL_CAN_RxFifo0FullCallback)
    HAL_CAN_RxFifo0MsgPendingCallback        0x08001c11   Thumb Code    30  callbacks.o(i.HAL_CAN_RxFifo0MsgPendingCallback)
    HAL_CAN_RxFifo1FullCallback              0x08001c41   Thumb Code     2  stm32f4xx_hal_can.o(i.HAL_CAN_RxFifo1FullCallback)
    HAL_CAN_RxFifo1MsgPendingCallback        0x08001c45   Thumb Code    18  callbacks.o(i.HAL_CAN_RxFifo1MsgPendingCallback)
    HAL_CAN_SleepCallback                    0x08001c61   Thumb Code     2  stm32f4xx_hal_can.o(i.HAL_CAN_SleepCallback)
    HAL_CAN_Start                            0x08001c63   Thumb Code    94  stm32f4xx_hal_can.o(i.HAL_CAN_Start)
    HAL_CAN_TxMailbox0AbortCallback          0x08001cc1   Thumb Code     2  stm32f4xx_hal_can.o(i.HAL_CAN_TxMailbox0AbortCallback)
    HAL_CAN_TxMailbox0CompleteCallback       0x08001cc3   Thumb Code     2  stm32f4xx_hal_can.o(i.HAL_CAN_TxMailbox0CompleteCallback)
    HAL_CAN_TxMailbox1AbortCallback          0x08001cc5   Thumb Code     2  stm32f4xx_hal_can.o(i.HAL_CAN_TxMailbox1AbortCallback)
    HAL_CAN_TxMailbox1CompleteCallback       0x08001cc7   Thumb Code     2  stm32f4xx_hal_can.o(i.HAL_CAN_TxMailbox1CompleteCallback)
    HAL_CAN_TxMailbox2AbortCallback          0x08001cc9   Thumb Code     2  stm32f4xx_hal_can.o(i.HAL_CAN_TxMailbox2AbortCallback)
    HAL_CAN_TxMailbox2CompleteCallback       0x08001ccb   Thumb Code     2  stm32f4xx_hal_can.o(i.HAL_CAN_TxMailbox2CompleteCallback)
    HAL_CAN_WakeUpFromRxMsgCallback          0x08001ccd   Thumb Code     2  stm32f4xx_hal_can.o(i.HAL_CAN_WakeUpFromRxMsgCallback)
    HAL_DMA_Abort                            0x08001ccf   Thumb Code   172  stm32f4xx_hal_dma.o(i.HAL_DMA_Abort)
    HAL_DMA_Abort_IT                         0x08001d7b   Thumb Code    40  stm32f4xx_hal_dma.o(i.HAL_DMA_Abort_IT)
    HAL_DMA_IRQHandler                       0x08001da5   Thumb Code   570  stm32f4xx_hal_dma.o(i.HAL_DMA_IRQHandler)
    HAL_DMA_Init                             0x08001fe5   Thumb Code   232  stm32f4xx_hal_dma.o(i.HAL_DMA_Init)
    HAL_DMA_Start_IT                         0x080020d1   Thumb Code   146  stm32f4xx_hal_dma.o(i.HAL_DMA_Start_IT)
    HAL_GPIO_Init                            0x08002165   Thumb Code   454  stm32f4xx_hal_gpio.o(i.HAL_GPIO_Init)
    HAL_GetTick                              0x08002359   Thumb Code     6  stm32f4xx_hal.o(i.HAL_GetTick)
    HAL_IncTick                              0x08002365   Thumb Code    16  stm32f4xx_hal.o(i.HAL_IncTick)
    HAL_Init                                 0x0800237d   Thumb Code    54  stm32f4xx_hal.o(i.HAL_Init)
    HAL_InitTick                             0x080023b9   Thumb Code    64  stm32f4xx_hal.o(i.HAL_InitTick)
    HAL_MspInit                              0x08002405   Thumb Code    68  stm32f4xx_hal_msp.o(i.HAL_MspInit)
    HAL_NVIC_EnableIRQ                       0x0800244d   Thumb Code    40  stm32f4xx_hal_cortex.o(i.HAL_NVIC_EnableIRQ)
    HAL_NVIC_SetPriority                     0x08002475   Thumb Code   124  stm32f4xx_hal_cortex.o(i.HAL_NVIC_SetPriority)
    HAL_NVIC_SetPriorityGrouping             0x080024f1   Thumb Code    32  stm32f4xx_hal_cortex.o(i.HAL_NVIC_SetPriorityGrouping)
    HAL_RCC_ClockConfig                      0x08002519   Thumb Code   368  stm32f4xx_hal_rcc.o(i.HAL_RCC_ClockConfig)
    HAL_RCC_GetHCLKFreq                      0x0800269d   Thumb Code     6  stm32f4xx_hal_rcc.o(i.HAL_RCC_GetHCLKFreq)
    HAL_RCC_GetPCLK1Freq                     0x080026a9   Thumb Code    22  stm32f4xx_hal_rcc.o(i.HAL_RCC_GetPCLK1Freq)
    HAL_RCC_GetPCLK2Freq                     0x080026c9   Thumb Code    22  stm32f4xx_hal_rcc.o(i.HAL_RCC_GetPCLK2Freq)
    HAL_RCC_GetSysClockFreq                  0x080026e9   Thumb Code   162  stm32f4xx_hal_rcc.o(i.HAL_RCC_GetSysClockFreq)
    HAL_RCC_OscConfig                        0x08002799   Thumb Code  1172  stm32f4xx_hal_rcc.o(i.HAL_RCC_OscConfig)
    HAL_SYSTICK_Config                       0x08002c35   Thumb Code    52  stm32f4xx_hal_cortex.o(i.HAL_SYSTICK_Config)
    HAL_TIMEx_BreakCallback                  0x08002c69   Thumb Code     2  stm32f4xx_hal_tim_ex.o(i.HAL_TIMEx_BreakCallback)
    HAL_TIMEx_CommutCallback                 0x08002c6b   Thumb Code     2  stm32f4xx_hal_tim_ex.o(i.HAL_TIMEx_CommutCallback)
    HAL_TIM_Base_Init                        0x08002c6d   Thumb Code   102  stm32f4xx_hal_tim.o(i.HAL_TIM_Base_Init)
    HAL_TIM_Base_MspInit                     0x08002cd5   Thumb Code   306  tim.o(i.HAL_TIM_Base_MspInit)
    HAL_TIM_Base_Start_IT                    0x08002e21   Thumb Code   138  stm32f4xx_hal_tim.o(i.HAL_TIM_Base_Start_IT)
    HAL_TIM_Base_Stop_IT                     0x08002ec9   Thumb Code    62  stm32f4xx_hal_tim.o(i.HAL_TIM_Base_Stop_IT)
    HAL_TIM_ConfigClockSource                0x08002f07   Thumb Code   268  stm32f4xx_hal_tim.o(i.HAL_TIM_ConfigClockSource)
    HAL_TIM_IC_CaptureCallback               0x08003013   Thumb Code     2  stm32f4xx_hal_tim.o(i.HAL_TIM_IC_CaptureCallback)
    HAL_TIM_IRQHandler                       0x08003015   Thumb Code   364  stm32f4xx_hal_tim.o(i.HAL_TIM_IRQHandler)
    HAL_TIM_OC_DelayElapsedCallback          0x08003181   Thumb Code     2  stm32f4xx_hal_tim.o(i.HAL_TIM_OC_DelayElapsedCallback)
    HAL_TIM_PWM_PulseFinishedCallback        0x08003183   Thumb Code     2  stm32f4xx_hal_tim.o(i.HAL_TIM_PWM_PulseFinishedCallback)
    HAL_TIM_PeriodElapsedCallback            0x08003185   Thumb Code   220  callbacks.o(i.HAL_TIM_PeriodElapsedCallback)
    HAL_TIM_TriggerCallback                  0x08003289   Thumb Code     2  stm32f4xx_hal_tim.o(i.HAL_TIM_TriggerCallback)
    HAL_UARTEx_RxEventCallback               0x0800328d   Thumb Code    18  callbacks.o(i.HAL_UARTEx_RxEventCallback)
    HAL_UART_ErrorCallback                   0x080032a9   Thumb Code    18  callbacks.o(i.HAL_UART_ErrorCallback)
    HAL_UART_IRQHandler                      0x080032c5   Thumb Code   740  stm32f4xx_hal_uart.o(i.HAL_UART_IRQHandler)
    HAL_UART_Init                            0x080035ad   Thumb Code   118  stm32f4xx_hal_uart.o(i.HAL_UART_Init)
    HAL_UART_MspInit                         0x08003625   Thumb Code   776  usart.o(i.HAL_UART_MspInit)
    HAL_UART_RxCpltCallback                  0x08003969   Thumb Code    18  callbacks.o(i.HAL_UART_RxCpltCallback)
    HAL_UART_Transmit                        0x08003985   Thumb Code   190  stm32f4xx_hal_uart.o(i.HAL_UART_Transmit)
    HAL_UART_Transmit_DMA                    0x08003a45   Thumb Code   128  stm32f4xx_hal_uart.o(i.HAL_UART_Transmit_DMA)
    HAL_UART_TxCpltCallback                  0x08003ad1   Thumb Code    16  callbacks.o(i.HAL_UART_TxCpltCallback)
    HAL_UART_TxHalfCpltCallback              0x08003ae5   Thumb Code     2  stm32f4xx_hal_uart.o(i.HAL_UART_TxHalfCpltCallback)
    HardFault_Handler                        0x08003ae7   Thumb Code     4  stm32f4xx_it.o(i.HardFault_Handler)
    MX_CAN1_Init                             0x08003aed   Thumb Code    66  can.o(i.MX_CAN1_Init)
    MX_CAN2_Init                             0x08003b39   Thumb Code    66  can.o(i.MX_CAN2_Init)
    MX_DMA_Init                              0x08003b85   Thumb Code   146  dma.o(i.MX_DMA_Init)
    MX_GPIO_Init                             0x08003c1d   Thumb Code   186  gpio.o(i.MX_GPIO_Init)
    MX_TIM10_Init                            0x08003cdd   Thumb Code    44  tim.o(i.MX_TIM10_Init)
    MX_TIM11_Init                            0x08003d11   Thumb Code    42  tim.o(i.MX_TIM11_Init)
    MX_TIM12_Init                            0x08003d45   Thumb Code    72  tim.o(i.MX_TIM12_Init)
    MX_TIM13_Init                            0x08003d95   Thumb Code    42  tim.o(i.MX_TIM13_Init)
    MX_TIM14_Init                            0x08003dc9   Thumb Code    44  tim.o(i.MX_TIM14_Init)
    MX_USART1_UART_Init                      0x08003dfd   Thumb Code    46  usart.o(i.MX_USART1_UART_Init)
    MX_USART3_UART_Init                      0x08003e35   Thumb Code    52  usart.o(i.MX_USART3_UART_Init)
    MX_USART6_UART_Init                      0x08003e75   Thumb Code    46  usart.o(i.MX_USART6_UART_Init)
    MemManage_Handler                        0x08003ead   Thumb Code     4  stm32f4xx_it.o(i.MemManage_Handler)
    NMI_Handler                              0x08003eb1   Thumb Code     4  stm32f4xx_it.o(i.NMI_Handler)
    PID_calc                                 0x08003eb5   Thumb Code   492  pid.o(i.PID_calc)
    PID_clear                                0x080040a5   Thumb Code    72  pid.o(i.PID_clear)
    PID_init                                 0x080040f1   Thumb Code    92  pid.o(i.PID_init)
    PendSV_Handler                           0x08004151   Thumb Code     2  stm32f4xx_it.o(i.PendSV_Handler)
    RefereeDataUpdate                        0x08004155   Thumb Code   120  mcuconnect.o(i.RefereeDataUpdate)
    SVC_Handler                              0x080041d9   Thumb Code     2  stm32f4xx_it.o(i.SVC_Handler)
    SysTick_Handler                          0x080041db   Thumb Code     8  stm32f4xx_it.o(i.SysTick_Handler)
    SystemClock_Config                       0x080041e5   Thumb Code   170  main.o(i.SystemClock_Config)
    SystemInit                               0x08004299   Thumb Code    14  system_stm32f4xx.o(i.SystemInit)
    TIM1_TRG_COM_TIM11_IRQHandler            0x080042ad   Thumb Code    10  stm32f4xx_it.o(i.TIM1_TRG_COM_TIM11_IRQHandler)
    TIM1_UP_TIM10_IRQHandler                 0x080042bd   Thumb Code    10  stm32f4xx_it.o(i.TIM1_UP_TIM10_IRQHandler)
    TIM8_BRK_TIM12_IRQHandler                0x080042cd   Thumb Code    10  stm32f4xx_it.o(i.TIM8_BRK_TIM12_IRQHandler)
    TIM8_TRG_COM_TIM14_IRQHandler            0x080042dd   Thumb Code    10  stm32f4xx_it.o(i.TIM8_TRG_COM_TIM14_IRQHandler)
    TIM8_UP_TIM13_IRQHandler                 0x080042ed   Thumb Code    10  stm32f4xx_it.o(i.TIM8_UP_TIM13_IRQHandler)
    TIM_Base_SetConfig                       0x080042fd   Thumb Code   186  stm32f4xx_hal_tim.o(i.TIM_Base_SetConfig)
    TIM_ETR_SetConfig                        0x080043e5   Thumb Code    22  stm32f4xx_hal_tim.o(i.TIM_ETR_SetConfig)
    USART1_IRQHandler                        0x080049ed   Thumb Code    10  stm32f4xx_it.o(i.USART1_IRQHandler)
    USART3_IRQHandler                        0x080049fd   Thumb Code    14  stm32f4xx_it.o(i.USART3_IRQHandler)
    USART6_IRQHandler                        0x08004a11   Thumb Code    14  stm32f4xx_it.o(i.USART6_IRQHandler)
    UsageFault_Handler                       0x08004a25   Thumb Code     4  stm32f4xx_it.o(i.UsageFault_Handler)
    W_BUS_IDLEHandler                        0x08004a29   Thumb Code   264  bsp_wbus.o(i.W_BUS_IDLEHandler)
    __ARM_fpclassify                         0x08004b4d   Thumb Code    48  fpclassify.o(i.__ARM_fpclassify)
    __hardfp_ceil                            0x08004bc1   Thumb Code   252  ceil.o(i.__hardfp_ceil)
    __hardfp_cos                             0x08004cd9   Thumb Code   180  cos.o(i.__hardfp_cos)
    __hardfp_fabs                            0x08004da1   Thumb Code    20  fabs.o(i.__hardfp_fabs)
    __hardfp_sqrt                            0x08004db5   Thumb Code   122  sqrt.o(i.__hardfp_sqrt)
    __ieee754_rem_pio2                       0x08004e31   Thumb Code   938  rred.o(i.__ieee754_rem_pio2)
    __kernel_cos                             0x08005269   Thumb Code   322  cos_i.o(i.__kernel_cos)
    __kernel_poly                            0x080053d9   Thumb Code   248  poly.o(i.__kernel_poly)
    __kernel_sin                             0x080054d1   Thumb Code   280  sin_i.o(i.__kernel_sin)
    __mathlib_dbl_infnan                     0x08005601   Thumb Code    20  dunder.o(i.__mathlib_dbl_infnan)
    __mathlib_dbl_invalid                    0x08005619   Thumb Code    24  dunder.o(i.__mathlib_dbl_invalid)
    __mathlib_dbl_underflow                  0x08005639   Thumb Code    24  dunder.o(i.__mathlib_dbl_underflow)
    calc_crc16                               0x08005661   Thumb Code    50  ui_interface.o(i.calc_crc16)
    calc_crc8                                0x08005699   Thumb Code    30  ui_interface.o(i.calc_crc8)
    chasisFollowINIT                         0x080056bd   Thumb Code   126  chassis.o(i.chasisFollowINIT)
    chassisChangeMode                        0x0800573b   Thumb Code     6  chassis.o(i.chassisChangeMode)
    chassisFollowDisable                     0x08005741   Thumb Code     8  chassis.o(i.chassisFollowDisable)
    chassisFollowEnable                      0x08005749   Thumb Code    34  chassis.o(i.chassisFollowEnable)
    chassisFollowRun                         0x0800576d   Thumb Code   172  chassis.o(i.chassisFollowRun)
    chassisINIT                              0x08005829   Thumb Code    32  chassis.o(i.chassisINIT)
    chassisRun                               0x08005849   Thumb Code  3104  chassis.o(i.chassisRun)
    connectionFifoWrite                      0x08006499   Thumb Code   276  mcuconnect.o(i.connectionFifoWrite)
    connectionINIT                           0x080065ad   Thumb Code   154  mcuconnect.o(i.connectionINIT)
    connectionRcceiveData                    0x08006651   Thumb Code   358  mcuconnect.o(i.connectionRcceiveData)
    connectionSendData                       0x080067cd   Thumb Code   272  mcuconnect.o(i.connectionSendData)
    connectionUnpackData                     0x080068dd   Thumb Code   150  mcuconnect.o(i.connectionUnpackData)
    fabs                                     0x08006981   Thumb Code    24  fabs.o(i.fabs)
    fifo_s_get                               0x08006999   Thumb Code    58  fifo.o(i.fifo_s_get)
    fifo_s_init                              0x080069d3   Thumb Code    22  fifo.o(i.fifo_s_init)
    fifo_s_puts                              0x080069e9   Thumb Code   160  fifo.o(i.fifo_s_puts)
    fifo_s_used                              0x08006a89   Thumb Code     6  fifo.o(i.fifo_s_used)
    floatTOint                               0x08006a8f   Thumb Code    20  tools.o(i.floatTOint)
    followResultSet                          0x08006aa3   Thumb Code     6  chassis.o(i.followResultSet)
    get_CRC16_check_sum                      0x08006aa9   Thumb Code    46  crc8_crc16.o(i.get_CRC16_check_sum)
    get_CRC8_check_sum                       0x08006add   Thumb Code    30  crc8_crc16.o(i.get_CRC8_check_sum)
    init_referee_struct_data                 0x08006b01   Thumb Code   154  referee.o(i.init_referee_struct_data)
    main                                     0x08006bf1   Thumb Code   534  main.o(i.main)
    my_fabs                                  0x08006e61   Thumb Code    26  tools.o(i.my_fabs)
    pidINIT                                  0x08006e7b   Thumb Code    56  pid.o(i.pidINIT)
    powerlimit_LVP_HK_pro                    0x08006eb5   Thumb Code   930  addons.o(i.powerlimit_LVP_HK_pro)
    rampPlanner                              0x080072a1   Thumb Code   570  tools.o(i.rampPlanner)
    refereeINIT                              0x080074e5   Thumb Code    52  referee.o(i.refereeINIT)
    refereeReceiveHandler                    0x08007531   Thumb Code   272  referee.o(i.refereeReceiveHandler)
    referee_data_solve                       0x0800765d   Thumb Code   424  referee.o(i.referee_data_solve)
    referee_unpack_fifo_data                 0x08007855   Thumb Code   324  referee.o(i.referee_unpack_fifo_data)
    referee_usart_init                       0x080079a1   Thumb Code   234  referee.o(i.referee_usart_init)
    ui_DrawAtStartUP                         0x08007a99   Thumb Code    46  ui_app.o(i.ui_DrawAtStartUP)
    ui_Transmit                              0x08007ad1   Thumb Code    56  ui_app.o(i.ui_Transmit)
    ui_TxCpltCallback                        0x08007b11   Thumb Code     8  ui_app.o(i.ui_TxCpltCallback)
    ui_init_g                                0x08007b1d   Thumb Code  1178  ui_g.o(i.ui_init_g)
    ui_proc_1_frame                          0x08007fc5   Thumb Code    86  ui_interface.o(i.ui_proc_1_frame)
    ui_proc_2_frame                          0x08008025   Thumb Code    88  ui_interface.o(i.ui_proc_2_frame)
    ui_proc_5_frame                          0x08008085   Thumb Code    88  ui_interface.o(i.ui_proc_5_frame)
    ui_proc_7_frame                          0x080080e5   Thumb Code    88  ui_interface.o(i.ui_proc_7_frame)
    ui_proc_string_frame                     0x08008145   Thumb Code   106  ui_interface.o(i.ui_proc_string_frame)
    ui_scan_and_send                         0x080081b9   Thumb Code   544  ui_interface.o(i.ui_scan_and_send)
    ui_update_g                              0x080083ed   Thumb Code    86  ui_g.o(i.ui_update_g)
    verify_CRC16_check_sum                   0x08008451   Thumb Code    60  crc8_crc16.o(i.verify_CRC16_check_sum)
    verify_CRC8_check_sum                    0x08008491   Thumb Code    46  crc8_crc16.o(i.verify_CRC8_check_sum)
    __aeabi_dneg                             0x080084bf   Thumb Code     0  basic.o(x$fpl$basic)
    _dneg                                    0x080084bf   Thumb Code     6  basic.o(x$fpl$basic)
    __aeabi_fneg                             0x080084c5   Thumb Code     0  basic.o(x$fpl$basic)
    _fneg                                    0x080084c5   Thumb Code     6  basic.o(x$fpl$basic)
    _dabs                                    0x080084cb   Thumb Code     6  basic.o(x$fpl$basic)
    _fabs                                    0x080084d1   Thumb Code     6  basic.o(x$fpl$basic)
    __aeabi_d2f                              0x080084d9   Thumb Code     0  d2f.o(x$fpl$d2f)
    _d2f                                     0x080084d9   Thumb Code    98  d2f.o(x$fpl$d2f)
    __aeabi_dadd                             0x0800853d   Thumb Code     0  daddsub_clz.o(x$fpl$dadd)
    _dadd                                    0x0800853d   Thumb Code   332  daddsub_clz.o(x$fpl$dadd)
    __fpl_dcmp_Inf                           0x0800868d   Thumb Code    24  dcmpi.o(x$fpl$dcmpinf)
    __aeabi_ddiv                             0x080086a5   Thumb Code     0  ddiv.o(x$fpl$ddiv)
    _ddiv                                    0x080086a5   Thumb Code   552  ddiv.o(x$fpl$ddiv)
    __aeabi_d2iz                             0x08008955   Thumb Code     0  dfix.o(x$fpl$dfix)
    _dfix                                    0x08008955   Thumb Code    94  dfix.o(x$fpl$dfix)
    __aeabi_d2uiz                            0x080089b5   Thumb Code     0  dfixu.o(x$fpl$dfixu)
    _dfixu                                   0x080089b5   Thumb Code    90  dfixu.o(x$fpl$dfixu)
    __aeabi_i2d                              0x08008a0f   Thumb Code     0  dflt_clz.o(x$fpl$dflt)
    _dflt                                    0x08008a0f   Thumb Code    46  dflt_clz.o(x$fpl$dflt)
    __aeabi_ui2d                             0x08008a3d   Thumb Code     0  dflt_clz.o(x$fpl$dfltu)
    _dfltu                                   0x08008a3d   Thumb Code    38  dflt_clz.o(x$fpl$dfltu)
    __aeabi_cdcmple                          0x08008a65   Thumb Code     0  dleqf.o(x$fpl$dleqf)
    _dcmple                                  0x08008a65   Thumb Code   120  dleqf.o(x$fpl$dleqf)
    __fpl_dcmple_InfNaN                      0x08008ac7   Thumb Code     0  dleqf.o(x$fpl$dleqf)
    __aeabi_dmul                             0x08008add   Thumb Code     0  dmul.o(x$fpl$dmul)
    _dmul                                    0x08008add   Thumb Code   332  dmul.o(x$fpl$dmul)
    __fpl_dnaninf                            0x08008c31   Thumb Code   156  dnaninf.o(x$fpl$dnaninf)
    __fpl_dretinf                            0x08008ccd   Thumb Code    12  dretinf.o(x$fpl$dretinf)
    __aeabi_cdrcmple                         0x08008cd9   Thumb Code     0  drleqf.o(x$fpl$drleqf)
    _drcmple                                 0x08008cd9   Thumb Code   108  drleqf.o(x$fpl$drleqf)
    __aeabi_drsub                            0x08008d45   Thumb Code     0  daddsub_clz.o(x$fpl$drsb)
    _drsb                                    0x08008d45   Thumb Code    22  daddsub_clz.o(x$fpl$drsb)
    _dsqrt                                   0x08008d5d   Thumb Code   404  dsqrt_umaal.o(x$fpl$dsqrt)
    __aeabi_dsub                             0x08008ef5   Thumb Code     0  daddsub_clz.o(x$fpl$dsub)
    _dsub                                    0x08008ef5   Thumb Code   464  daddsub_clz.o(x$fpl$dsub)
    __aeabi_f2d                              0x080090c9   Thumb Code     0  f2d.o(x$fpl$f2d)
    _f2d                                     0x080090c9   Thumb Code    86  f2d.o(x$fpl$f2d)
    __fpl_fnaninf                            0x0800911f   Thumb Code   140  fnaninf.o(x$fpl$fnaninf)
    _fp_init                                 0x080091ab   Thumb Code    10  fpinit.o(x$fpl$fpinit)
    __fplib_config_fpu_vfp                   0x080091b3   Thumb Code     0  fpinit.o(x$fpl$fpinit)
    __fplib_config_pureend_doubles           0x080091b3   Thumb Code     0  fpinit.o(x$fpl$fpinit)
    __fpl_fretinf                            0x080091b5   Thumb Code    10  fretinf.o(x$fpl$fretinf)
    __I$use$fp                               0x080091be   Number         0  usenofp.o(x$fpl$usenofp)
    AHBPrescTable                            0x080091c6   Data          16  system_stm32f4xx.o(.constdata)
    APBPrescTable                            0x080091d6   Data           8  system_stm32f4xx.o(.constdata)
    CRC8_INIT                                0x080091de   Data           1  crc8_crc16.o(.constdata)
    CRC8_table                               0x080091df   Data         256  crc8_crc16.o(.constdata)
    wCRC_table                               0x080092e0   Data         512  crc8_crc16.o(.constdata)
    CRC8_TAB                                 0x080094e0   Data         256  ui_interface.o(.constdata)
    wCRC_Table                               0x080095e0   Data         512  ui_interface.o(.constdata)
    Region$$Table$$Base                      0x08009900   Number         0  anon$$obj.o(Region$$Table)
    Region$$Table$$Limit                     0x08009920   Number         0  anon$$obj.o(Region$$Table)
    uwTick                                   0x20000008   Data           4  stm32f4xx_hal.o(.data)
    uwTickPrio                               0x2000000c   Data           4  stm32f4xx_hal.o(.data)
    uwTickFreq                               0x20000010   Data           1  stm32f4xx_hal.o(.data)
    SystemCoreClock                          0x20000014   Data           4  system_stm32f4xx.o(.data)
    constant                                 0x20000018   Data           4  addons.o(.data)
    chassis_total_power                      0x2000001c   Data           4  addons.o(.data)
    power                                    0x20000020   Data           4  addons.o(.data)
    vofa_mode                                0x20000056   Data           1  callbacks.o(.data)
    receive_count                            0x20000058   Data           2  callbacks.o(.data)
    error_count                              0x2000005a   Data           2  callbacks.o(.data)
    M3508_Speed_PID                          0x2000005c   Data          20  pid.o(.data)
    Chassis_Speed_PID                        0x20000070   Data          20  pid.o(.data)
    Chassis_Angle_PID                        0x20000084   Data          20  pid.o(.data)
    ave_spd_z                                0x20000098   Data           4  chassis.o(.data)
    top_spd_z                                0x2000009c   Data           4  chassis.o(.data)
    correction_rate                          0x200000a0   Data           4  chassis.o(.data)
    correction_val                           0x200000a4   Data           4  chassis.o(.data)
    top_time_cnt                             0x200000a8   Data           4  chassis.o(.data)
    real_chassis_xy_spd                      0x200000ac   Data           4  chassis.o(.data)
    real_chassis_xy_spd_err                  0x200000b0   Data           4  chassis.o(.data)
    real_gim_x                               0x200000b4   Data           4  chassis.o(.data)
    real_gim_y                               0x200000b8   Data           4  chassis.o(.data)
    real_chassis_x                           0x200000bc   Data           4  chassis.o(.data)
    real_chassis_y                           0x200000c0   Data           4  chassis.o(.data)
    real_chassis_z                           0x200000c4   Data           4  chassis.o(.data)
    yaw_ecd                                  0x200000c8   Data           2  chassis.o(.data)
    packLostCount                            0x200000d8   Data           4  mcuconnect.o(.data)
    CRC16_INIT                               0x200000ec   Data           2  crc8_crc16.o(.data)
    referee_receive_header                   0x200000ee   Data           5  referee.o(.data)
    referee_send_header                      0x200000f3   Data           5  referee.o(.data)
    game_result                              0x200000f8   Data           1  referee.o(.data)
    event_data                               0x200000f9   Data           5  referee.o(.data)
    referee_warning                          0x200000fe   Data           3  referee.o(.data)
    dart_remaining_time                      0x20000101   Data           3  referee.o(.data)
    robot_buff                               0x20000104   Data           7  referee.o(.data)
    hurt_data                                0x2000010b   Data           1  referee.o(.data)
    shoot_data                               0x2000010c   Data           7  referee.o(.data)
    projectile_allowance                     0x20000113   Data           6  referee.o(.data)
    rfid_status                              0x20000119   Data           4  referee.o(.data)
    dart_client_cmd                          0x2000011d   Data           6  referee.o(.data)
    radar_mark_data                          0x20000123   Data           2  referee.o(.data)
    robot_custom_data                        0x20000125   Data           1  referee.o(.data)
    ui_g_dirty_figure                        0x2000012a   Data           7  ui_g.o(.data)
    seq                                      0x20000134   Data           1  ui_interface.o(.data)
    ui_self_id                               0x20000138   Data           4  ui_interface.o(.data)
    ui_tx_cplt_flag                          0x2000013c   Data           1  ui_app.o(.data)
    supercap_err_flg                         0x20000140   Data           1  supercap.o(.data)
    supercap_txD                             0x20000141   Data           5  supercap.o(.data)
    referee_rx_flg                           0x20000146   Data           1  supercap.o(.data)
    supercap_rx_flg                          0x20000147   Data           1  supercap.o(.data)
    group1                                   0x20000158   Data         240  main.o(.bss)
    motor1                                   0x20000248   Data         236  main.o(.bss)
    motor2                                   0x20000334   Data         236  main.o(.bss)
    motor3                                   0x20000420   Data         236  main.o(.bss)
    motor4                                   0x2000050c   Data         236  main.o(.bss)
    group2                                   0x200005f8   Data         240  main.o(.bss)
    motorYaw                                 0x200006e8   Data         236  main.o(.bss)
    chassis1                                 0x200007d4   Data         236  main.o(.bss)
    connect                                  0x200008c0   Data         860  main.o(.bss)
    RefereeData                              0x20000c1c   Data          12  main.o(.bss)
    hcan1                                    0x20000c28   Data          40  can.o(.bss)
    hcan2                                    0x20000c50   Data          40  can.o(.bss)
    htim10                                   0x20000c78   Data          72  tim.o(.bss)
    htim11                                   0x20000cc0   Data          72  tim.o(.bss)
    htim12                                   0x20000d08   Data          72  tim.o(.bss)
    htim13                                   0x20000d50   Data          72  tim.o(.bss)
    htim14                                   0x20000d98   Data          72  tim.o(.bss)
    huart1                                   0x20000de0   Data          72  usart.o(.bss)
    huart3                                   0x20000e28   Data          72  usart.o(.bss)
    huart6                                   0x20000e70   Data          72  usart.o(.bss)
    hdma_usart1_rx                           0x20000eb8   Data          96  usart.o(.bss)
    hdma_usart1_tx                           0x20000f18   Data          96  usart.o(.bss)
    hdma_usart3_rx                           0x20000f78   Data          96  usart.o(.bss)
    hdma_usart6_rx                           0x20000fd8   Data          96  usart.o(.bss)
    hdma_usart6_tx                           0x20001038   Data          96  usart.o(.bss)
    ChassisControlData                       0x20001098   Data          20  mcuconnect.o(.bss)
    usart_buf                                0x200010ac   Data        1024  referee.o(.bss)
    referee_fifo                             0x200014ac   Data          24  referee.o(.bss)
    referee_fifo_buf                         0x200014c4   Data        1024  referee.o(.bss)
    referee_unpack_obj                       0x200018c4   Data         137  referee.o(.bss)
    game_state                               0x2000194d   Data          11  referee.o(.bss)
    game_robot_HP                            0x20001958   Data          32  referee.o(.bss)
    robot_state                              0x20001978   Data          13  referee.o(.bss)
    power_heat_data                          0x20001985   Data          16  referee.o(.bss)
    game_robot_pos                           0x20001995   Data          12  referee.o(.bss)
    ground_robot_position                    0x200019a1   Data          40  referee.o(.bss)
    robot_interaction_data                   0x200019c9   Data          26  referee.o(.bss)
    referee_remote_control                   0x200019e3   Data          12  referee.o(.bss)
    W_BUSRxBuffer                            0x200019ef   Data          50  bsp_wbus.o(.bss)
    RC_Data                                  0x20001a22   Data          24  rc_task.o(.bss)
    ui_g_now_figures                         0x20001a3a   Data         105  ui_g.o(.bss)
    ui_g_last_figures                        0x20001aa3   Data         105  ui_g.o(.bss)
    _ui_string_frame                         0x20001b0c   Data          60  ui_interface.o(.bss)
    _ui_1_frame                              0x20001b48   Data          30  ui_interface.o(.bss)
    _ui_2_frame                              0x20001b66   Data          45  ui_interface.o(.bss)
    _ui_5_frame                              0x20001b93   Data          90  ui_interface.o(.bss)
    _ui_7_frame                              0x20001bed   Data         120  ui_interface.o(.bss)
    ui_delete_frame                          0x20001c65   Data          17  ui_interface.o(.bss)
    __libspace_start                         0x20001c78   Data          96  libspace.o(.bss)
    __temporary_stack_top$libspace           0x20001cd8   Data           0  libspace.o(.bss)



==============================================================================

Memory Map of the image

  Image Entry point : 0x08000189

  Load Region LR_IROM1 (Base: 0x08000000, Size: 0x00009a78, Max: 0x00100000, ABSOLUTE, COMPRESSED[0x00009964])

    Execution Region ER_IROM1 (Exec base: 0x08000000, Load base: 0x08000000, Size: 0x00009920, Max: 0x00100000, ABSOLUTE)

    Exec Addr    Load Addr    Size         Type   Attr      Idx    E Section Name        Object

    0x08000000   0x08000000   0x00000188   Data   RO            3    RESET               startup_stm32f407xx.o
    0x08000188   0x08000188   0x00000008   Code   RO         5221  * !!!main             c_w.l(__main.o)
    0x08000190   0x08000190   0x00000034   Code   RO         5637    !!!scatter          c_w.l(__scatter.o)
    0x080001c4   0x080001c4   0x0000005a   Code   RO         5635    !!dczerorl2         c_w.l(__dczerorl2.o)
    0x0800021e   0x0800021e   0x00000002   PAD
    0x08000220   0x08000220   0x0000001c   Code   RO         5639    !!handler_zi        c_w.l(__scatter_zi.o)
    0x0800023c   0x0800023c   0x00000002   Code   RO         5548    .ARM.Collect$$libinit$$00000000  c_w.l(libinit.o)
    0x0800023e   0x0800023e   0x00000004   Code   RO         5332    .ARM.Collect$$libinit$$00000001  c_w.l(libinit2.o)
    0x08000242   0x08000242   0x00000000   Code   RO         5335    .ARM.Collect$$libinit$$00000004  c_w.l(libinit2.o)
    0x08000242   0x08000242   0x00000008   Code   RO         5336    .ARM.Collect$$libinit$$00000005  c_w.l(libinit2.o)
    0x0800024a   0x0800024a   0x00000000   Code   RO         5338    .ARM.Collect$$libinit$$0000000A  c_w.l(libinit2.o)
    0x0800024a   0x0800024a   0x00000000   Code   RO         5340    .ARM.Collect$$libinit$$0000000C  c_w.l(libinit2.o)
    0x0800024a   0x0800024a   0x00000000   Code   RO         5342    .ARM.Collect$$libinit$$0000000E  c_w.l(libinit2.o)
    0x0800024a   0x0800024a   0x00000000   Code   RO         5345    .ARM.Collect$$libinit$$00000011  c_w.l(libinit2.o)
    0x0800024a   0x0800024a   0x00000000   Code   RO         5347    .ARM.Collect$$libinit$$00000013  c_w.l(libinit2.o)
    0x0800024a   0x0800024a   0x00000000   Code   RO         5349    .ARM.Collect$$libinit$$00000015  c_w.l(libinit2.o)
    0x0800024a   0x0800024a   0x00000000   Code   RO         5351    .ARM.Collect$$libinit$$00000017  c_w.l(libinit2.o)
    0x0800024a   0x0800024a   0x00000000   Code   RO         5353    .ARM.Collect$$libinit$$00000019  c_w.l(libinit2.o)
    0x0800024a   0x0800024a   0x00000000   Code   RO         5355    .ARM.Collect$$libinit$$0000001B  c_w.l(libinit2.o)
    0x0800024a   0x0800024a   0x00000000   Code   RO         5357    .ARM.Collect$$libinit$$0000001D  c_w.l(libinit2.o)
    0x0800024a   0x0800024a   0x00000000   Code   RO         5359    .ARM.Collect$$libinit$$0000001F  c_w.l(libinit2.o)
    0x0800024a   0x0800024a   0x00000000   Code   RO         5361    .ARM.Collect$$libinit$$00000021  c_w.l(libinit2.o)
    0x0800024a   0x0800024a   0x00000000   Code   RO         5363    .ARM.Collect$$libinit$$00000023  c_w.l(libinit2.o)
    0x0800024a   0x0800024a   0x00000000   Code   RO         5365    .ARM.Collect$$libinit$$00000025  c_w.l(libinit2.o)
    0x0800024a   0x0800024a   0x00000000   Code   RO         5369    .ARM.Collect$$libinit$$0000002C  c_w.l(libinit2.o)
    0x0800024a   0x0800024a   0x00000000   Code   RO         5371    .ARM.Collect$$libinit$$0000002E  c_w.l(libinit2.o)
    0x0800024a   0x0800024a   0x00000000   Code   RO         5373    .ARM.Collect$$libinit$$00000030  c_w.l(libinit2.o)
    0x0800024a   0x0800024a   0x00000000   Code   RO         5375    .ARM.Collect$$libinit$$00000032  c_w.l(libinit2.o)
    0x0800024a   0x0800024a   0x00000002   Code   RO         5376    .ARM.Collect$$libinit$$00000033  c_w.l(libinit2.o)
    0x0800024c   0x0800024c   0x00000002   Code   RO         5632    .ARM.Collect$$libshutdown$$00000000  c_w.l(libshutdown.o)
    0x0800024e   0x0800024e   0x00000000   Code   RO         5550    .ARM.Collect$$libshutdown$$00000002  c_w.l(libshutdown2.o)
    0x0800024e   0x0800024e   0x00000000   Code   RO         5552    .ARM.Collect$$libshutdown$$00000004  c_w.l(libshutdown2.o)
    0x0800024e   0x0800024e   0x00000000   Code   RO         5554    .ARM.Collect$$libshutdown$$00000006  c_w.l(libshutdown2.o)
    0x0800024e   0x0800024e   0x00000000   Code   RO         5557    .ARM.Collect$$libshutdown$$00000009  c_w.l(libshutdown2.o)
    0x0800024e   0x0800024e   0x00000000   Code   RO         5560    .ARM.Collect$$libshutdown$$0000000C  c_w.l(libshutdown2.o)
    0x0800024e   0x0800024e   0x00000000   Code   RO         5562    .ARM.Collect$$libshutdown$$0000000E  c_w.l(libshutdown2.o)
    0x0800024e   0x0800024e   0x00000000   Code   RO         5565    .ARM.Collect$$libshutdown$$00000011  c_w.l(libshutdown2.o)
    0x0800024e   0x0800024e   0x00000002   Code   RO         5566    .ARM.Collect$$libshutdown$$00000012  c_w.l(libshutdown2.o)
    0x08000250   0x08000250   0x00000000   Code   RO         5285    .ARM.Collect$$rtentry$$00000000  c_w.l(__rtentry.o)
    0x08000250   0x08000250   0x00000000   Code   RO         5426    .ARM.Collect$$rtentry$$00000002  c_w.l(__rtentry2.o)
    0x08000250   0x08000250   0x00000006   Code   RO         5438    .ARM.Collect$$rtentry$$00000004  c_w.l(__rtentry4.o)
    0x08000256   0x08000256   0x00000000   Code   RO         5428    .ARM.Collect$$rtentry$$00000009  c_w.l(__rtentry2.o)
    0x08000256   0x08000256   0x00000004   Code   RO         5429    .ARM.Collect$$rtentry$$0000000A  c_w.l(__rtentry2.o)
    0x0800025a   0x0800025a   0x00000000   Code   RO         5431    .ARM.Collect$$rtentry$$0000000C  c_w.l(__rtentry2.o)
    0x0800025a   0x0800025a   0x00000008   Code   RO         5432    .ARM.Collect$$rtentry$$0000000D  c_w.l(__rtentry2.o)
    0x08000262   0x08000262   0x00000002   Code   RO         5571    .ARM.Collect$$rtexit$$00000000  c_w.l(rtexit.o)
    0x08000264   0x08000264   0x00000000   Code   RO         5600    .ARM.Collect$$rtexit$$00000002  c_w.l(rtexit2.o)
    0x08000264   0x08000264   0x00000004   Code   RO         5601    .ARM.Collect$$rtexit$$00000003  c_w.l(rtexit2.o)
    0x08000268   0x08000268   0x00000006   Code   RO         5602    .ARM.Collect$$rtexit$$00000004  c_w.l(rtexit2.o)
    0x0800026e   0x0800026e   0x00000002   PAD
    0x08000270   0x08000270   0x00000000   Code   RO         5449    .emb_text           c_w.l(maybetermalloc1.o)
    0x08000270   0x08000270   0x00000040   Code   RO            4    .text               startup_stm32f407xx.o
    0x080002b0   0x080002b0   0x0000005e   Code   RO         5098    .text               c_w.l(h1_alloc.o)
    0x0800030e   0x0800030e   0x0000004e   Code   RO         5100    .text               c_w.l(h1_free.o)
    0x0800035c   0x0800035c   0x000000ee   Code   RO         5156    .text               c_w.l(lludivv7m.o)
    0x0800044a   0x0800044a   0x00000058   Code   RO         5209    .text               c_w.l(memcmp.o)
    0x080004a2   0x080004a2   0x0000003e   Code   RO         5211    .text               c_w.l(strlen.o)
    0x080004e0   0x080004e0   0x0000008a   Code   RO         5213    .text               c_w.l(rt_memcpy_v6.o)
    0x0800056a   0x0800056a   0x00000044   Code   RO         5215    .text               c_w.l(rt_memclr.o)
    0x080005ae   0x080005ae   0x0000004e   Code   RO         5217    .text               c_w.l(rt_memclr_w.o)
    0x080005fc   0x080005fc   0x00000006   Code   RO         5219    .text               c_w.l(heapauxi.o)
    0x08000602   0x08000602   0x00000002   PAD
    0x08000604   0x08000604   0x00000008   Code   RO         5293    .text               c_w.l(rt_heap_descriptor_intlibspace.o)
    0x0800060c   0x0800060c   0x00000004   Code   RO         5295    .text               c_w.l(hguard.o)
    0x08000610   0x08000610   0x0000008a   Code   RO         5297    .text               c_w.l(init_alloc.o)
    0x0800069a   0x0800069a   0x0000000e   Code   RO         5301    .text               c_w.l(h1_init.o)
    0x080006a8   0x080006a8   0x00000016   Code   RO         5315    .text               c_w.l(_rserrno.o)
    0x080006be   0x080006be   0x00000064   Code   RO         5328    .text               c_w.l(rt_memcpy_w.o)
    0x08000722   0x08000722   0x00000002   PAD
    0x08000724   0x08000724   0x00000008   Code   RO         5422    .text               c_w.l(libspace.o)
    0x0800072c   0x0800072c   0x00000008   Code   RO         5445    .text               c_w.l(rt_errno_addr_intlibspace.o)
    0x08000734   0x08000734   0x00000034   Code   RO         5451    .text               c_w.l(h1_extend.o)
    0x08000768   0x08000768   0x0000000e   Code   RO         5471    .text               c_w.l(defsig_rtmem_outer.o)
    0x08000776   0x08000776   0x00000002   Code   RO         5501    .text               c_w.l(use_no_semi.o)
    0x08000778   0x08000778   0x00000000   Code   RO         5503    .text               c_w.l(indicate_semi.o)
    0x08000778   0x08000778   0x0000004a   Code   RO         5504    .text               c_w.l(sys_stackheap_outer.o)
    0x080007c2   0x080007c2   0x00000012   Code   RO         5525    .text               c_w.l(exit.o)
    0x080007d4   0x080007d4   0x0000000a   Code   RO         5527    .text               c_w.l(defsig_exit.o)
    0x080007de   0x080007de   0x00000002   PAD
    0x080007e0   0x080007e0   0x00000050   Code   RO         5537    .text               c_w.l(defsig_rtmem_inner.o)
    0x08000830   0x08000830   0x0000000c   Code   RO         5569    .text               c_w.l(sys_exit.o)
    0x0800083c   0x0800083c   0x00000032   Code   RO         5589    .text               c_w.l(defsig_general.o)
    0x0800086e   0x0800086e   0x0000000e   Code   RO         5597    .text               c_w.l(sys_wrch.o)
    0x0800087c   0x0800087c   0x00000004   Code   RO          465    i.BusFault_Handler  stm32f4xx_it.o
    0x08000880   0x08000880   0x00000010   Code   RO          466    i.CAN1_RX0_IRQHandler  stm32f4xx_it.o
    0x08000890   0x08000890   0x00000010   Code   RO          467    i.CAN1_RX1_IRQHandler  stm32f4xx_it.o
    0x080008a0   0x080008a0   0x00000010   Code   RO          468    i.CAN1_TX_IRQHandler  stm32f4xx_it.o
    0x080008b0   0x080008b0   0x00000010   Code   RO          469    i.CAN2_RX0_IRQHandler  stm32f4xx_it.o
    0x080008c0   0x080008c0   0x00000010   Code   RO          470    i.CAN2_RX1_IRQHandler  stm32f4xx_it.o
    0x080008d0   0x080008d0   0x00000010   Code   RO          471    i.CAN2_TX_IRQHandler  stm32f4xx_it.o
    0x080008e0   0x080008e0   0x00000006   Code   RO         3579    i.DJI_MotorCalculateResultSet  dji_motor.o
    0x080008e6   0x080008e6   0x000000ee   Code   RO         3580    i.DJI_MotorClassifyMotorData  dji_motor.o
    0x080009d4   0x080009d4   0x00000006   Code   RO         3582    i.DJI_MotorDisable  dji_motor.o
    0x080009da   0x080009da   0x0000001e   Code   RO         3583    i.DJI_MotorEnable   dji_motor.o
    0x080009f8   0x080009f8   0x00000024   Code   RO         3584    i.DJI_MotorGetSoftEcd  dji_motor.o
    0x08000a1c   0x08000a1c   0x0000012c   Code   RO         3585    i.DJI_MotorGroupInit  dji_motor.o
    0x08000b48   0x08000b48   0x00000024   Code   RO         3586    i.DJI_MotorInit     dji_motor.o
    0x08000b6c   0x08000b6c   0x0000001e   Code   RO         3587    i.DJI_MotorListAdd  dji_motor.o
    0x08000b8a   0x08000b8a   0x00000096   Code   RO         3588    i.DJI_MotorListClassicify  dji_motor.o
    0x08000c20   0x08000c20   0x000001c4   Code   RO         3589    i.DJI_MotorPidRUN   dji_motor.o
    0x08000de4   0x08000de4   0x0000007e   Code   RO         3590    i.DJI_MotorPidSet   dji_motor.o
    0x08000e62   0x08000e62   0x00000004   Code   RO         3591    i.DJI_MotorPostProcessHandlerSet  dji_motor.o
    0x08000e66   0x08000e66   0x00000038   Code   RO         3593    i.DJI_MotorReceiveMotordat  dji_motor.o
    0x08000e9e   0x08000e9e   0x00000100   Code   RO         3594    i.DJI_MotorSendData  dji_motor.o
    0x08000f9e   0x08000f9e   0x00000012   Code   RO         3595    i.DJI_MotorSetTarget  dji_motor.o
    0x08000fb0   0x08000fb0   0x00000074   Code   RO         3596    i.DJI_MotorUpdateTXD  dji_motor.o
    0x08001024   0x08001024   0x00000010   Code   RO          472    i.DMA1_Stream1_IRQHandler  stm32f4xx_it.o
    0x08001034   0x08001034   0x00000010   Code   RO          473    i.DMA2_Stream1_IRQHandler  stm32f4xx_it.o
    0x08001044   0x08001044   0x00000010   Code   RO          474    i.DMA2_Stream2_IRQHandler  stm32f4xx_it.o
    0x08001054   0x08001054   0x00000010   Code   RO          475    i.DMA2_Stream6_IRQHandler  stm32f4xx_it.o
    0x08001064   0x08001064   0x00000010   Code   RO          476    i.DMA2_Stream7_IRQHandler  stm32f4xx_it.o
    0x08001074   0x08001074   0x00000034   Code   RO         1417    i.DMA_CalcBaseAndBitshift  stm32f4xx_hal_dma.o
    0x080010a8   0x080010a8   0x000000aa   Code   RO         1418    i.DMA_CheckFifoParam  stm32f4xx_hal_dma.o
    0x08001152   0x08001152   0x0000002c   Code   RO         1419    i.DMA_SetConfig     stm32f4xx_hal_dma.o
    0x0800117e   0x0800117e   0x00000002   Code   RO          477    i.DebugMon_Handler  stm32f4xx_it.o
    0x08001180   0x08001180   0x00000006   Code   RO           13    i.Error_Handler     main.o
    0x08001186   0x08001186   0x000000be   Code   RO         4548    i.Get_ET07_DataDecode  app_et07.o
    0x08001244   0x08001244   0x0000002a   Code   RO          680    i.HAL_CAN_ActivateNotification  stm32f4xx_hal_can.o
    0x0800126e   0x0800126e   0x0000014a   Code   RO          681    i.HAL_CAN_AddTxMessage  stm32f4xx_hal_can.o
    0x080013b8   0x080013b8   0x00000124   Code   RO          682    i.HAL_CAN_ConfigFilter  stm32f4xx_hal_can.o
    0x080014dc   0x080014dc   0x00000002   Code   RO          685    i.HAL_CAN_ErrorCallback  stm32f4xx_hal_can.o
    0x080014de   0x080014de   0x00000194   Code   RO          688    i.HAL_CAN_GetRxMessage  stm32f4xx_hal_can.o
    0x08001672   0x08001672   0x00000036   Code   RO          690    i.HAL_CAN_GetTxMailboxesFreeLevel  stm32f4xx_hal_can.o
    0x080016a8   0x080016a8   0x0000024e   Code   RO          692    i.HAL_CAN_IRQHandler  stm32f4xx_hal_can.o
    0x080018f6   0x080018f6   0x00000174   Code   RO          693    i.HAL_CAN_Init      stm32f4xx_hal_can.o
    0x08001a6a   0x08001a6a   0x00000002   PAD
    0x08001a6c   0x08001a6c   0x000001a0   Code   RO          273    i.HAL_CAN_MspInit   can.o
    0x08001c0c   0x08001c0c   0x00000002   Code   RO          700    i.HAL_CAN_RxFifo0FullCallback  stm32f4xx_hal_can.o
    0x08001c0e   0x08001c0e   0x00000002   PAD
    0x08001c10   0x08001c10   0x00000030   Code   RO         3820    i.HAL_CAN_RxFifo0MsgPendingCallback  callbacks.o
    0x08001c40   0x08001c40   0x00000002   Code   RO          702    i.HAL_CAN_RxFifo1FullCallback  stm32f4xx_hal_can.o
    0x08001c42   0x08001c42   0x00000002   PAD
    0x08001c44   0x08001c44   0x0000001c   Code   RO         3821    i.HAL_CAN_RxFifo1MsgPendingCallback  callbacks.o
    0x08001c60   0x08001c60   0x00000002   Code   RO          704    i.HAL_CAN_SleepCallback  stm32f4xx_hal_can.o
    0x08001c62   0x08001c62   0x0000005e   Code   RO          705    i.HAL_CAN_Start     stm32f4xx_hal_can.o
    0x08001cc0   0x08001cc0   0x00000002   Code   RO          707    i.HAL_CAN_TxMailbox0AbortCallback  stm32f4xx_hal_can.o
    0x08001cc2   0x08001cc2   0x00000002   Code   RO          708    i.HAL_CAN_TxMailbox0CompleteCallback  stm32f4xx_hal_can.o
    0x08001cc4   0x08001cc4   0x00000002   Code   RO          709    i.HAL_CAN_TxMailbox1AbortCallback  stm32f4xx_hal_can.o
    0x08001cc6   0x08001cc6   0x00000002   Code   RO          710    i.HAL_CAN_TxMailbox1CompleteCallback  stm32f4xx_hal_can.o
    0x08001cc8   0x08001cc8   0x00000002   Code   RO          711    i.HAL_CAN_TxMailbox2AbortCallback  stm32f4xx_hal_can.o
    0x08001cca   0x08001cca   0x00000002   Code   RO          712    i.HAL_CAN_TxMailbox2CompleteCallback  stm32f4xx_hal_can.o
    0x08001ccc   0x08001ccc   0x00000002   Code   RO          714    i.HAL_CAN_WakeUpFromRxMsgCallback  stm32f4xx_hal_can.o
    0x08001cce   0x08001cce   0x000000ac   Code   RO         1420    i.HAL_DMA_Abort     stm32f4xx_hal_dma.o
    0x08001d7a   0x08001d7a   0x00000028   Code   RO         1421    i.HAL_DMA_Abort_IT  stm32f4xx_hal_dma.o
    0x08001da2   0x08001da2   0x00000002   PAD
    0x08001da4   0x08001da4   0x00000240   Code   RO         1425    i.HAL_DMA_IRQHandler  stm32f4xx_hal_dma.o
    0x08001fe4   0x08001fe4   0x000000ec   Code   RO         1426    i.HAL_DMA_Init      stm32f4xx_hal_dma.o
    0x080020d0   0x080020d0   0x00000092   Code   RO         1430    i.HAL_DMA_Start_IT  stm32f4xx_hal_dma.o
    0x08002162   0x08002162   0x00000002   PAD
    0x08002164   0x08002164   0x000001f4   Code   RO         1313    i.HAL_GPIO_Init     stm32f4xx_hal_gpio.o
    0x08002358   0x08002358   0x0000000c   Code   RO         1868    i.HAL_GetTick       stm32f4xx_hal.o
    0x08002364   0x08002364   0x00000018   Code   RO         1874    i.HAL_IncTick       stm32f4xx_hal.o
    0x0800237c   0x0800237c   0x0000003c   Code   RO         1875    i.HAL_Init          stm32f4xx_hal.o
    0x080023b8   0x080023b8   0x0000004c   Code   RO         1876    i.HAL_InitTick      stm32f4xx_hal.o
    0x08002404   0x08002404   0x00000048   Code   RO          655    i.HAL_MspInit       stm32f4xx_hal_msp.o
    0x0800244c   0x0800244c   0x00000028   Code   RO         1705    i.HAL_NVIC_EnableIRQ  stm32f4xx_hal_cortex.o
    0x08002474   0x08002474   0x0000007c   Code   RO         1711    i.HAL_NVIC_SetPriority  stm32f4xx_hal_cortex.o
    0x080024f0   0x080024f0   0x00000028   Code   RO         1712    i.HAL_NVIC_SetPriorityGrouping  stm32f4xx_hal_cortex.o
    0x08002518   0x08002518   0x00000184   Code   RO          914    i.HAL_RCC_ClockConfig  stm32f4xx_hal_rcc.o
    0x0800269c   0x0800269c   0x0000000c   Code   RO          919    i.HAL_RCC_GetHCLKFreq  stm32f4xx_hal_rcc.o
    0x080026a8   0x080026a8   0x00000020   Code   RO          921    i.HAL_RCC_GetPCLK1Freq  stm32f4xx_hal_rcc.o
    0x080026c8   0x080026c8   0x00000020   Code   RO          922    i.HAL_RCC_GetPCLK2Freq  stm32f4xx_hal_rcc.o
    0x080026e8   0x080026e8   0x000000b0   Code   RO          923    i.HAL_RCC_GetSysClockFreq  stm32f4xx_hal_rcc.o
    0x08002798   0x08002798   0x0000049c   Code   RO          926    i.HAL_RCC_OscConfig  stm32f4xx_hal_rcc.o
    0x08002c34   0x08002c34   0x00000034   Code   RO         1716    i.HAL_SYSTICK_Config  stm32f4xx_hal_cortex.o
    0x08002c68   0x08002c68   0x00000002   Code   RO         2830    i.HAL_TIMEx_BreakCallback  stm32f4xx_hal_tim_ex.o
    0x08002c6a   0x08002c6a   0x00000002   Code   RO         2831    i.HAL_TIMEx_CommutCallback  stm32f4xx_hal_tim_ex.o
    0x08002c6c   0x08002c6c   0x00000066   Code   RO         2115    i.HAL_TIM_Base_Init  stm32f4xx_hal_tim.o
    0x08002cd2   0x08002cd2   0x00000002   PAD
    0x08002cd4   0x08002cd4   0x0000014c   Code   RO          346    i.HAL_TIM_Base_MspInit  tim.o
    0x08002e20   0x08002e20   0x000000a8   Code   RO         2120    i.HAL_TIM_Base_Start_IT  stm32f4xx_hal_tim.o
    0x08002ec8   0x08002ec8   0x0000003e   Code   RO         2123    i.HAL_TIM_Base_Stop_IT  stm32f4xx_hal_tim.o
    0x08002f06   0x08002f06   0x0000010c   Code   RO         2124    i.HAL_TIM_ConfigClockSource  stm32f4xx_hal_tim.o
    0x08003012   0x08003012   0x00000002   Code   RO         2149    i.HAL_TIM_IC_CaptureCallback  stm32f4xx_hal_tim.o
    0x08003014   0x08003014   0x0000016c   Code   RO         2163    i.HAL_TIM_IRQHandler  stm32f4xx_hal_tim.o
    0x08003180   0x08003180   0x00000002   Code   RO         2166    i.HAL_TIM_OC_DelayElapsedCallback  stm32f4xx_hal_tim.o
    0x08003182   0x08003182   0x00000002   Code   RO         2193    i.HAL_TIM_PWM_PulseFinishedCallback  stm32f4xx_hal_tim.o
    0x08003184   0x08003184   0x00000104   Code   RO         3822    i.HAL_TIM_PeriodElapsedCallback  callbacks.o
    0x08003288   0x08003288   0x00000002   Code   RO         2206    i.HAL_TIM_TriggerCallback  stm32f4xx_hal_tim.o
    0x0800328a   0x0800328a   0x00000002   PAD
    0x0800328c   0x0800328c   0x0000001c   Code   RO         3823    i.HAL_UARTEx_RxEventCallback  callbacks.o
    0x080032a8   0x080032a8   0x0000001c   Code   RO         3824    i.HAL_UART_ErrorCallback  callbacks.o
    0x080032c4   0x080032c4   0x000002e8   Code   RO         3126    i.HAL_UART_IRQHandler  stm32f4xx_hal_uart.o
    0x080035ac   0x080035ac   0x00000076   Code   RO         3127    i.HAL_UART_Init     stm32f4xx_hal_uart.o
    0x08003622   0x08003622   0x00000002   PAD
    0x08003624   0x08003624   0x00000344   Code   RO          412    i.HAL_UART_MspInit  usart.o
    0x08003968   0x08003968   0x0000001c   Code   RO         3825    i.HAL_UART_RxCpltCallback  callbacks.o
    0x08003984   0x08003984   0x000000be   Code   RO         3135    i.HAL_UART_Transmit  stm32f4xx_hal_uart.o
    0x08003a42   0x08003a42   0x00000002   PAD
    0x08003a44   0x08003a44   0x0000008c   Code   RO         3136    i.HAL_UART_Transmit_DMA  stm32f4xx_hal_uart.o
    0x08003ad0   0x08003ad0   0x00000014   Code   RO         3826    i.HAL_UART_TxCpltCallback  callbacks.o
    0x08003ae4   0x08003ae4   0x00000002   Code   RO         3139    i.HAL_UART_TxHalfCpltCallback  stm32f4xx_hal_uart.o
    0x08003ae6   0x08003ae6   0x00000004   Code   RO          478    i.HardFault_Handler  stm32f4xx_it.o
    0x08003aea   0x08003aea   0x00000002   PAD
    0x08003aec   0x08003aec   0x0000004c   Code   RO          274    i.MX_CAN1_Init      can.o
    0x08003b38   0x08003b38   0x0000004c   Code   RO          275    i.MX_CAN2_Init      can.o
    0x08003b84   0x08003b84   0x00000098   Code   RO          321    i.MX_DMA_Init       dma.o
    0x08003c1c   0x08003c1c   0x000000c0   Code   RO          248    i.MX_GPIO_Init      gpio.o
    0x08003cdc   0x08003cdc   0x00000034   Code   RO          347    i.MX_TIM10_Init     tim.o
    0x08003d10   0x08003d10   0x00000034   Code   RO          348    i.MX_TIM11_Init     tim.o
    0x08003d44   0x08003d44   0x00000050   Code   RO          349    i.MX_TIM12_Init     tim.o
    0x08003d94   0x08003d94   0x00000034   Code   RO          350    i.MX_TIM13_Init     tim.o
    0x08003dc8   0x08003dc8   0x00000034   Code   RO          351    i.MX_TIM14_Init     tim.o
    0x08003dfc   0x08003dfc   0x00000038   Code   RO          413    i.MX_USART1_UART_Init  usart.o
    0x08003e34   0x08003e34   0x00000040   Code   RO          414    i.MX_USART3_UART_Init  usart.o
    0x08003e74   0x08003e74   0x00000038   Code   RO          415    i.MX_USART6_UART_Init  usart.o
    0x08003eac   0x08003eac   0x00000004   Code   RO          479    i.MemManage_Handler  stm32f4xx_it.o
    0x08003eb0   0x08003eb0   0x00000004   Code   RO          480    i.NMI_Handler       stm32f4xx_it.o
    0x08003eb4   0x08003eb4   0x000001f0   Code   RO         3982    i.PID_calc          pid.o
    0x080040a4   0x080040a4   0x0000004c   Code   RO         3983    i.PID_clear         pid.o
    0x080040f0   0x080040f0   0x00000060   Code   RO         3984    i.PID_init          pid.o
    0x08004150   0x08004150   0x00000002   Code   RO          481    i.PendSV_Handler    stm32f4xx_it.o
    0x08004152   0x08004152   0x00000002   PAD
    0x08004154   0x08004154   0x00000084   Code   RO         4120    i.RefereeDataUpdate  mcuconnect.o
    0x080041d8   0x080041d8   0x00000002   Code   RO          482    i.SVC_Handler       stm32f4xx_it.o
    0x080041da   0x080041da   0x00000008   Code   RO          483    i.SysTick_Handler   stm32f4xx_it.o
    0x080041e2   0x080041e2   0x00000002   PAD
    0x080041e4   0x080041e4   0x000000b4   Code   RO           14    i.SystemClock_Config  main.o
    0x08004298   0x08004298   0x00000014   Code   RO         3471    i.SystemInit        system_stm32f4xx.o
    0x080042ac   0x080042ac   0x00000010   Code   RO          484    i.TIM1_TRG_COM_TIM11_IRQHandler  stm32f4xx_it.o
    0x080042bc   0x080042bc   0x00000010   Code   RO          485    i.TIM1_UP_TIM10_IRQHandler  stm32f4xx_it.o
    0x080042cc   0x080042cc   0x00000010   Code   RO          486    i.TIM8_BRK_TIM12_IRQHandler  stm32f4xx_it.o
    0x080042dc   0x080042dc   0x00000010   Code   RO          487    i.TIM8_TRG_COM_TIM14_IRQHandler  stm32f4xx_it.o
    0x080042ec   0x080042ec   0x00000010   Code   RO          488    i.TIM8_UP_TIM13_IRQHandler  stm32f4xx_it.o
    0x080042fc   0x080042fc   0x000000e8   Code   RO         2208    i.TIM_Base_SetConfig  stm32f4xx_hal_tim.o
    0x080043e4   0x080043e4   0x00000016   Code   RO         2219    i.TIM_ETR_SetConfig  stm32f4xx_hal_tim.o
    0x080043fa   0x080043fa   0x00000012   Code   RO         2220    i.TIM_ITRx_SetConfig  stm32f4xx_hal_tim.o
    0x0800440c   0x0800440c   0x00000026   Code   RO         2226    i.TIM_TI1_ConfigInputStage  stm32f4xx_hal_tim.o
    0x08004432   0x08004432   0x00000028   Code   RO         2228    i.TIM_TI2_ConfigInputStage  stm32f4xx_hal_tim.o
    0x0800445a   0x0800445a   0x00000014   Code   RO         3140    i.UART_DMAAbortOnError  stm32f4xx_hal_uart.o
    0x0800446e   0x0800446e   0x00000050   Code   RO         3141    i.UART_DMAError     stm32f4xx_hal_uart.o
    0x080044be   0x080044be   0x00000058   Code   RO         3146    i.UART_DMATransmitCplt  stm32f4xx_hal_uart.o
    0x08004516   0x08004516   0x0000000e   Code   RO         3148    i.UART_DMATxHalfCplt  stm32f4xx_hal_uart.o
    0x08004524   0x08004524   0x0000006c   Code   RO         3150    i.UART_EndRxTransfer  stm32f4xx_hal_uart.o
    0x08004590   0x08004590   0x00000020   Code   RO         3151    i.UART_EndTransmit_IT  stm32f4xx_hal_uart.o
    0x080045b0   0x080045b0   0x00000026   Code   RO         3152    i.UART_EndTxTransfer  stm32f4xx_hal_uart.o
    0x080045d6   0x080045d6   0x000000fc   Code   RO         3153    i.UART_Receive_IT   stm32f4xx_hal_uart.o
    0x080046d2   0x080046d2   0x00000002   PAD
    0x080046d4   0x080046d4   0x0000022c   Code   RO         3154    i.UART_SetConfig    stm32f4xx_hal_uart.o
    0x08004900   0x08004900   0x00000060   Code   RO         3157    i.UART_Transmit_IT  stm32f4xx_hal_uart.o
    0x08004960   0x08004960   0x0000008c   Code   RO         3158    i.UART_WaitOnFlagUntilTimeout  stm32f4xx_hal_uart.o
    0x080049ec   0x080049ec   0x00000010   Code   RO          489    i.USART1_IRQHandler  stm32f4xx_it.o
    0x080049fc   0x080049fc   0x00000014   Code   RO          490    i.USART3_IRQHandler  stm32f4xx_it.o
    0x08004a10   0x08004a10   0x00000014   Code   RO          491    i.USART6_IRQHandler  stm32f4xx_it.o
    0x08004a24   0x08004a24   0x00000004   Code   RO          492    i.UsageFault_Handler  stm32f4xx_it.o
    0x08004a28   0x08004a28   0x00000124   Code   RO         4575    i.W_BUS_IDLEHandler  bsp_wbus.o
    0x08004b4c   0x08004b4c   0x00000030   Code   RO         5492    i.__ARM_fpclassify  m_wm.l(fpclassify.o)
    0x08004b7c   0x08004b7c   0x00000010   Code   RO         1718    i.__NVIC_GetPriorityGrouping  stm32f4xx_hal_cortex.o
    0x08004b8c   0x08004b8c   0x00000028   Code   RO         1719    i.__NVIC_SetPriority  stm32f4xx_hal_cortex.o
    0x08004bb4   0x08004bb4   0x00000006   Code   RO         4250    i.__get_PRIMASK     fifo.o
    0x08004bba   0x08004bba   0x00000006   PAD
    0x08004bc0   0x08004bc0   0x00000118   Code   RO         5247    i.__hardfp_ceil     m_wm.l(ceil.o)
    0x08004cd8   0x08004cd8   0x000000c8   Code   RO         5253    i.__hardfp_cos      m_wm.l(cos.o)
    0x08004da0   0x08004da0   0x00000014   Code   RO         5265    i.__hardfp_fabs     m_wm.l(fabs.o)
    0x08004db4   0x08004db4   0x0000007a   Code   RO         5271    i.__hardfp_sqrt     m_wm.l(sqrt.o)
    0x08004e2e   0x08004e2e   0x00000002   PAD
    0x08004e30   0x08004e30   0x00000438   Code   RO         5409    i.__ieee754_rem_pio2  m_wm.l(rred.o)
    0x08005268   0x08005268   0x00000170   Code   RO         5392    i.__kernel_cos      m_wm.l(cos_i.o)
    0x080053d8   0x080053d8   0x000000f8   Code   RO         5494    i.__kernel_poly     m_wm.l(poly.o)
    0x080054d0   0x080054d0   0x00000130   Code   RO         5414    i.__kernel_sin      m_wm.l(sin_i.o)
    0x08005600   0x08005600   0x00000014   Code   RO         5396    i.__mathlib_dbl_infnan  m_wm.l(dunder.o)
    0x08005614   0x08005614   0x00000004   PAD
    0x08005618   0x08005618   0x00000020   Code   RO         5398    i.__mathlib_dbl_invalid  m_wm.l(dunder.o)
    0x08005638   0x08005638   0x00000020   Code   RO         5401    i.__mathlib_dbl_underflow  m_wm.l(dunder.o)
    0x08005658   0x08005658   0x00000006   Code   RO         4251    i.__set_PRIMASK     fifo.o
    0x0800565e   0x0800565e   0x00000002   PAD
    0x08005660   0x08005660   0x00000038   Code   RO         4757    i.calc_crc16        ui_interface.o
    0x08005698   0x08005698   0x00000024   Code   RO         4758    i.calc_crc8         ui_interface.o
    0x080056bc   0x080056bc   0x0000007e   Code   RO         4038    i.chasisFollowINIT  chassis.o
    0x0800573a   0x0800573a   0x00000006   Code   RO         4039    i.chassisChangeMode  chassis.o
    0x08005740   0x08005740   0x00000008   Code   RO         4040    i.chassisFollowDisable  chassis.o
    0x08005748   0x08005748   0x00000022   Code   RO         4041    i.chassisFollowEnable  chassis.o
    0x0800576a   0x0800576a   0x00000002   PAD
    0x0800576c   0x0800576c   0x000000bc   Code   RO         4042    i.chassisFollowRun  chassis.o
    0x08005828   0x08005828   0x00000020   Code   RO         4043    i.chassisINIT       chassis.o
    0x08005848   0x08005848   0x00000c50   Code   RO         4044    i.chassisRun        chassis.o
    0x08006498   0x08006498   0x00000114   Code   RO         4121    i.connectionFifoWrite  mcuconnect.o
    0x080065ac   0x080065ac   0x000000a4   Code   RO         4122    i.connectionINIT    mcuconnect.o
    0x08006650   0x08006650   0x0000017c   Code   RO         4123    i.connectionRcceiveData  mcuconnect.o
    0x080067cc   0x080067cc   0x00000110   Code   RO         4124    i.connectionSendData  mcuconnect.o
    0x080068dc   0x080068dc   0x000000a4   Code   RO         4125    i.connectionUnpackData  mcuconnect.o
    0x08006980   0x08006980   0x00000018   Code   RO         5267    i.fabs              m_wm.l(fabs.o)
    0x08006998   0x08006998   0x0000003a   Code   RO         4269    i.fifo_s_get        fifo.o
    0x080069d2   0x080069d2   0x00000016   Code   RO         4272    i.fifo_s_init       fifo.o
    0x080069e8   0x080069e8   0x000000a0   Code   RO         4278    i.fifo_s_puts       fifo.o
    0x08006a88   0x08006a88   0x00000006   Code   RO         4280    i.fifo_s_used       fifo.o
    0x08006a8e   0x08006a8e   0x00000014   Code   RO         3912    i.floatTOint        tools.o
    0x08006aa2   0x08006aa2   0x00000006   Code   RO         4045    i.followResultSet   chassis.o
    0x08006aa8   0x08006aa8   0x00000034   Code   RO         4191    i.get_CRC16_check_sum  crc8_crc16.o
    0x08006adc   0x08006adc   0x00000024   Code   RO         4192    i.get_CRC8_check_sum  crc8_crc16.o
    0x08006b00   0x08006b00   0x000000f0   Code   RO         4477    i.init_referee_struct_data  referee.o
    0x08006bf0   0x08006bf0   0x00000270   Code   RO           15    i.main              main.o
    0x08006e60   0x08006e60   0x0000001a   Code   RO         3916    i.my_fabs           tools.o
    0x08006e7a   0x08006e7a   0x00000038   Code   RO         3985    i.pidINIT           pid.o
    0x08006eb2   0x08006eb2   0x00000002   PAD
    0x08006eb4   0x08006eb4   0x000003ec   Code   RO         3511    i.powerlimit_LVP_HK_pro  addons.o
    0x080072a0   0x080072a0   0x00000244   Code   RO         3917    i.rampPlanner       tools.o
    0x080074e4   0x080074e4   0x0000004c   Code   RO         4478    i.refereeINIT       referee.o
    0x08007530   0x08007530   0x0000012c   Code   RO         4479    i.refereeReceiveHandler  referee.o
    0x0800765c   0x0800765c   0x000001f8   Code   RO         4480    i.referee_data_solve  referee.o
    0x08007854   0x08007854   0x0000014c   Code   RO         4481    i.referee_unpack_fifo_data  referee.o
    0x080079a0   0x080079a0   0x000000f8   Code   RO         4482    i.referee_usart_init  referee.o
    0x08007a98   0x08007a98   0x00000038   Code   RO         4856    i.ui_DrawAtStartUP  ui_app.o
    0x08007ad0   0x08007ad0   0x00000040   Code   RO         4857    i.ui_Transmit       ui_app.o
    0x08007b10   0x08007b10   0x0000000c   Code   RO         4858    i.ui_TxCpltCallback  ui_app.o
    0x08007b1c   0x08007b1c   0x000004a8   Code   RO         4702    i.ui_init_g         ui_g.o
    0x08007fc4   0x08007fc4   0x00000060   Code   RO         4761    i.ui_proc_1_frame   ui_interface.o
    0x08008024   0x08008024   0x00000060   Code   RO         4762    i.ui_proc_2_frame   ui_interface.o
    0x08008084   0x08008084   0x00000060   Code   RO         4763    i.ui_proc_5_frame   ui_interface.o
    0x080080e4   0x080080e4   0x00000060   Code   RO         4764    i.ui_proc_7_frame   ui_interface.o
    0x08008144   0x08008144   0x00000074   Code   RO         4766    i.ui_proc_string_frame  ui_interface.o
    0x080081b8   0x080081b8   0x00000234   Code   RO         4767    i.ui_scan_and_send  ui_interface.o
    0x080083ec   0x080083ec   0x00000064   Code   RO         4703    i.ui_update_g       ui_g.o
    0x08008450   0x08008450   0x00000040   Code   RO         4193    i.verify_CRC16_check_sum  crc8_crc16.o
    0x08008490   0x08008490   0x0000002e   Code   RO         4194    i.verify_CRC8_check_sum  crc8_crc16.o
    0x080084be   0x080084be   0x00000018   Code   RO         5377    x$fpl$basic         fz_wm.l(basic.o)
    0x080084d6   0x080084d6   0x00000002   PAD
    0x080084d8   0x080084d8   0x00000062   Code   RO         5223    x$fpl$d2f           fz_wm.l(d2f.o)
    0x0800853a   0x0800853a   0x00000002   PAD
    0x0800853c   0x0800853c   0x00000150   Code   RO         5225    x$fpl$dadd          fz_wm.l(daddsub_clz.o)
    0x0800868c   0x0800868c   0x00000018   Code   RO         5379    x$fpl$dcmpinf       fz_wm.l(dcmpi.o)
    0x080086a4   0x080086a4   0x000002b0   Code   RO         5232    x$fpl$ddiv          fz_wm.l(ddiv.o)
    0x08008954   0x08008954   0x0000005e   Code   RO         5480    x$fpl$dfix          fz_wm.l(dfix.o)
    0x080089b2   0x080089b2   0x00000002   PAD
    0x080089b4   0x080089b4   0x0000005a   Code   RO         5235    x$fpl$dfixu         fz_wm.l(dfixu.o)
    0x08008a0e   0x08008a0e   0x0000002e   Code   RO         5485    x$fpl$dflt          fz_wm.l(dflt_clz.o)
    0x08008a3c   0x08008a3c   0x00000026   Code   RO         5484    x$fpl$dfltu         fz_wm.l(dflt_clz.o)
    0x08008a62   0x08008a62   0x00000002   PAD
    0x08008a64   0x08008a64   0x00000078   Code   RO         5239    x$fpl$dleqf         fz_wm.l(dleqf.o)
    0x08008adc   0x08008adc   0x00000154   Code   RO         5241    x$fpl$dmul          fz_wm.l(dmul.o)
    0x08008c30   0x08008c30   0x0000009c   Code   RO         5381    x$fpl$dnaninf       fz_wm.l(dnaninf.o)
    0x08008ccc   0x08008ccc   0x0000000c   Code   RO         5383    x$fpl$dretinf       fz_wm.l(dretinf.o)
    0x08008cd8   0x08008cd8   0x0000006c   Code   RO         5243    x$fpl$drleqf        fz_wm.l(drleqf.o)
    0x08008d44   0x08008d44   0x00000016   Code   RO         5226    x$fpl$drsb          fz_wm.l(daddsub_clz.o)
    0x08008d5a   0x08008d5a   0x00000002   PAD
    0x08008d5c   0x08008d5c   0x00000198   Code   RO         5385    x$fpl$dsqrt         fz_wm.l(dsqrt_umaal.o)
    0x08008ef4   0x08008ef4   0x000001d4   Code   RO         5227    x$fpl$dsub          fz_wm.l(daddsub_clz.o)
    0x080090c8   0x080090c8   0x00000056   Code   RO         5245    x$fpl$f2d           fz_wm.l(f2d.o)
    0x0800911e   0x0800911e   0x0000008c   Code   RO         5387    x$fpl$fnaninf       fz_wm.l(fnaninf.o)
    0x080091aa   0x080091aa   0x0000000a   Code   RO         5490    x$fpl$fpinit        fz_wm.l(fpinit.o)
    0x080091b4   0x080091b4   0x0000000a   Code   RO         5389    x$fpl$fretinf       fz_wm.l(fretinf.o)
    0x080091be   0x080091be   0x00000000   Code   RO         5391    x$fpl$usenofp       fz_wm.l(usenofp.o)
    0x080091be   0x080091be   0x00000008   Data   RO         1432    .constdata          stm32f4xx_hal_dma.o
    0x080091c6   0x080091c6   0x00000018   Data   RO         3472    .constdata          system_stm32f4xx.o
    0x080091de   0x080091de   0x00000302   Data   RO         4195    .constdata          crc8_crc16.o
    0x080094e0   0x080094e0   0x00000300   Data   RO         4769    .constdata          ui_interface.o
    0x080097e0   0x080097e0   0x00000030   Data   RO         5393    .constdata          m_wm.l(cos_i.o)
    0x08009810   0x08009810   0x000000c8   Data   RO         5411    .constdata          m_wm.l(rred.o)
    0x080098d8   0x080098d8   0x00000028   Data   RO         5415    .constdata          m_wm.l(sin_i.o)
    0x08009900   0x08009900   0x00000020   Data   RO         5633    Region$$Table       anon$$obj.o


    Execution Region RW_IRAM1 (Exec base: 0x20000000, Load base: 0x08009920, Size: 0x000034d8, Max: 0x0001c000, ABSOLUTE, COMPRESSED[0x00000044])

    Exec Addr    Load Addr    Size         Type   Attr      Idx    E Section Name        Object

    0x20000000   COMPRESSED   0x00000001   Data   RW           17    .data               main.o
    0x20000001   COMPRESSED   0x00000003   PAD
    0x20000004   COMPRESSED   0x00000004   Data   RW          277    .data               can.o
    0x20000008   COMPRESSED   0x00000009   Data   RW         1882    .data               stm32f4xx_hal.o
    0x20000011   COMPRESSED   0x00000003   PAD
    0x20000014   COMPRESSED   0x00000004   Data   RW         3473    .data               system_stm32f4xx.o
    0x20000018   COMPRESSED   0x0000003d   Data   RW         3513    .data               addons.o
    0x20000055   COMPRESSED   0x00000001   PAD
    0x20000056   COMPRESSED   0x00000006   Data   RW         3827    .data               callbacks.o
    0x2000005c   COMPRESSED   0x0000003c   Data   RW         3986    .data               pid.o
    0x20000098   COMPRESSED   0x00000040   Data   RW         4046    .data               chassis.o
    0x200000d8   COMPRESSED   0x00000014   Data   RW         4127    .data               mcuconnect.o
    0x200000ec   COMPRESSED   0x00000002   Data   RW         4196    .data               crc8_crc16.o
    0x200000ee   COMPRESSED   0x0000003a   Data   RW         4484    .data               referee.o
    0x20000128   COMPRESSED   0x00000002   Data   RW         4578    .data               bsp_wbus.o
    0x2000012a   COMPRESSED   0x00000007   Data   RW         4705    .data               ui_g.o
    0x20000131   COMPRESSED   0x00000003   PAD
    0x20000134   COMPRESSED   0x00000008   Data   RW         4770    .data               ui_interface.o
    0x2000013c   COMPRESSED   0x00000001   Data   RW         4859    .data               ui_app.o
    0x2000013d   COMPRESSED   0x00000003   PAD
    0x20000140   COMPRESSED   0x00000015   Data   RW         4992    .data               supercap.o
    0x20000155   COMPRESSED   0x00000003   PAD
    0x20000158        -       0x00000ad0   Zero   RW           16    .bss                main.o
    0x20000c28        -       0x00000050   Zero   RW          276    .bss                can.o
    0x20000c78        -       0x00000168   Zero   RW          352    .bss                tim.o
    0x20000de0        -       0x000002b8   Zero   RW          416    .bss                usart.o
    0x20001098        -       0x00000014   Zero   RW         4126    .bss                mcuconnect.o
    0x200010ac        -       0x00000943   Zero   RW         4483    .bss                referee.o
    0x200019ef        -       0x00000032   Zero   RW         4577    .bss                bsp_wbus.o
    0x20001a21   COMPRESSED   0x00000001   PAD
    0x20001a22        -       0x00000018   Zero   RW         4617    .bss                rc_task.o
    0x20001a3a        -       0x000000d2   Zero   RW         4704    .bss                ui_g.o
    0x20001b0c        -       0x0000016a   Zero   RW         4768    .bss                ui_interface.o
    0x20001c76   COMPRESSED   0x00000002   PAD
    0x20001c78        -       0x00000060   Zero   RW         5423    .bss                c_w.l(libspace.o)
    0x20001cd8        -       0x00001000   Zero   RW            2    HEAP                startup_stm32f407xx.o
    0x20002cd8        -       0x00000800   Zero   RW            1    STACK               startup_stm32f407xx.o


    Execution Region RW_IRAM2 (Exec base: 0x2001c000, Load base: 0x08009964, Size: 0x00000000, Max: 0x00004000, ABSOLUTE)

    **** No section assigned to this execution region ****


==============================================================================

Image component sizes


      Code (inc. data)   RO Data    RW Data    ZI Data      Debug   Object Name

      1004         74          0         61          0       7912   addons.o
       190          0          0          0          0       1662   app_et07.o
       292         28          0          2         50       1501   bsp_wbus.o
       440        102          0          6          0       5628   callbacks.o
       568         44          0          4         80       2666   can.o
      3552        154          0         64          0      11434   chassis.o
       198         16        770          2          0       3929   crc8_crc16.o
      1860         20          0          0          0     588483   dji_motor.o
       152          6          0          0          0        902   dma.o
       258          0          0          0          0      10659   fifo.o
       192          6          0          0          0       1035   gpio.o
       810        100          0          1       2768     711795   main.o
      1388         58          0         20         20       7886   mcuconnect.o
       724         12          0         60          0       5262   pid.o
         0          0          0          0         24        654   rc_task.o
      1700        246          0         58       2371      16126   referee.o
        64         26        392          0       6144        876   startup_stm32f407xx.o
       172         32          0          9          0       8985   stm32f4xx_hal.o
      2200          6          0          0          0      15169   stm32f4xx_hal_can.o
       312         22          0          0          0      34579   stm32f4xx_hal_cortex.o
      1436         16          8          0          0       7326   stm32f4xx_hal_dma.o
       500         46          0          0          0       1524   stm32f4xx_hal_gpio.o
        72          4          0          0          0        926   stm32f4xx_hal_msp.o
      1820         84          0          0          0       5844   stm32f4xx_hal_rcc.o
      1322         76          0          0          0      10982   stm32f4xx_hal_tim.o
         4          0          0          0          0       1701   stm32f4xx_hal_tim_ex.o
      2618         26          0          0          0      13836   stm32f4xx_hal_uart.o
       346        114          0          0          0      14764   stm32f4xx_it.o
         0          0          0         21          0       6011   supercap.o
        20          6         24          4          0       1231   system_stm32f4xx.o
       620         70          0          0        360       4240   tim.o
       626         10          0          0          0       3193   tools.o
       132         22          0          1          0     613107   ui_app.o
      1292         32          0          7        210       6644   ui_g.o
      1156         76        768          8        362      11685   ui_interface.o
      1012         92          0          0        696       3799   usart.o

    ----------------------------------------------------------------------
     29090       1626       1994        344      13088    2143956   Object Totals
         0          0         32          0          0          0   (incl. Generated)
        38          0          0         16          3          0   (incl. Padding)

    ----------------------------------------------------------------------

      Code (inc. data)   RO Data    RW Data    ZI Data      Debug   Library Member Name

        90          0          0          0          0          0   __dczerorl2.o
         8          0          0          0          0         68   __main.o
         0          0          0          0          0          0   __rtentry.o
        12          0          0          0          0          0   __rtentry2.o
         6          0          0          0          0          0   __rtentry4.o
        52          8          0          0          0          0   __scatter.o
        28          0          0          0          0          0   __scatter_zi.o
        22          0          0          0          0        100   _rserrno.o
        10          0          0          0          0         68   defsig_exit.o
        50          0          0          0          0         88   defsig_general.o
        80         58          0          0          0         76   defsig_rtmem_inner.o
        14          0          0          0          0         80   defsig_rtmem_outer.o
        18          0          0          0          0         80   exit.o
        94          0          0          0          0         80   h1_alloc.o
        52          0          0          0          0         68   h1_extend.o
        78          0          0          0          0         80   h1_free.o
        14          0          0          0          0         84   h1_init.o
         6          0          0          0          0        152   heapauxi.o
         4          0          0          0          0        136   hguard.o
         0          0          0          0          0          0   indicate_semi.o
       138          0          0          0          0        168   init_alloc.o
         2          0          0          0          0          0   libinit.o
        14          0          0          0          0          0   libinit2.o
         2          0          0          0          0          0   libshutdown.o
         2          0          0          0          0          0   libshutdown2.o
         8          4          0          0         96         68   libspace.o
       238          0          0          0          0        100   lludivv7m.o
         0          0          0          0          0          0   maybetermalloc1.o
        88          0          0          0          0         76   memcmp.o
         8          4          0          0          0         68   rt_errno_addr_intlibspace.o
         8          4          0          0          0         68   rt_heap_descriptor_intlibspace.o
        68          0          0          0          0         68   rt_memclr.o
        78          0          0          0          0         80   rt_memclr_w.o
       138          0          0          0          0         68   rt_memcpy_v6.o
       100          0          0          0          0         80   rt_memcpy_w.o
         2          0          0          0          0          0   rtexit.o
        10          0          0          0          0          0   rtexit2.o
        62          0          0          0          0         76   strlen.o
        12          4          0          0          0         68   sys_exit.o
        74          0          0          0          0         80   sys_stackheap_outer.o
        14          0          0          0          0         76   sys_wrch.o
         2          0          0          0          0         68   use_no_semi.o
        24          0          0          0          0        164   basic.o
        98          4          0          0          0        140   d2f.o
       826         16          0          0          0        492   daddsub_clz.o
        24          0          0          0          0        116   dcmpi.o
       688        140          0          0          0        256   ddiv.o
        94          4          0          0          0        140   dfix.o
        90          4          0          0          0        140   dfixu.o
        84          0          0          0          0        232   dflt_clz.o
       120          4          0          0          0        140   dleqf.o
       340         12          0          0          0        152   dmul.o
       156          4          0          0          0        140   dnaninf.o
        12          0          0          0          0        116   dretinf.o
       108          0          0          0          0        128   drleqf.o
       408         56          0          0          0        168   dsqrt_umaal.o
        86          4          0          0          0        132   f2d.o
       140          4          0          0          0        132   fnaninf.o
        10          0          0          0          0        116   fpinit.o
        10          0          0          0          0        116   fretinf.o
         0          0          0          0          0          0   usenofp.o
       280         28          0          0          0        156   ceil.o
       200         20          0          0          0        164   cos.o
       368         46         48          0          0        200   cos_i.o
        84         16          0          0          0        372   dunder.o
        44          0          0          0          0        248   fabs.o
        48          0          0          0          0        124   fpclassify.o
       248          0          0          0          0        152   poly.o
      1080        142        200          0          0        188   rred.o
       304         24         40          0          0        208   sin_i.o
       122          0          0          0          0        148   sqrt.o

    ----------------------------------------------------------------------
      7828        610        288          0         96       7352   Library Totals
        26          0          0          0          0          0   (incl. Padding)

    ----------------------------------------------------------------------

      Code (inc. data)   RO Data    RW Data    ZI Data      Debug   Library Name

      1706         82          0          0         96       2372   c_w.l
      3318        252          0          0          0       3020   fz_wm.l
      2778        276        288          0          0       1960   m_wm.l

    ----------------------------------------------------------------------
      7828        610        288          0         96       7352   Library Totals

    ----------------------------------------------------------------------

==============================================================================


      Code (inc. data)   RO Data    RW Data    ZI Data      Debug   

     36918       2236       2282        344      13184    2128108   Grand Totals
     36918       2236       2282         68      13184    2128108   ELF Image Totals (compressed)
     36918       2236       2282         68          0          0   ROM Totals

==============================================================================

    Total RO  Size (Code + RO Data)                39200 (  38.28kB)
    Total RW  Size (RW Data + ZI Data)             13528 (  13.21kB)
    Total ROM Size (Code + RO Data + RW Data)      39268 (  38.35kB)

==============================================================================

