Component: ARM Compiler 5.06 update 7 (build 960) Tool: armlink [4d3601]

==============================================================================

Section Cross References

    startup_stm32f427xx.o(RESET) refers to startup_stm32f427xx.o(STACK) for __initial_sp
    startup_stm32f427xx.o(RESET) refers to startup_stm32f427xx.o(.text) for Reset_Handler
    startup_stm32f427xx.o(RESET) refers to stm32f4xx_it.o(i.NMI_Handler) for NMI_Handler
    startup_stm32f427xx.o(RESET) refers to stm32f4xx_it.o(i.HardFault_Handler) for HardFault_Handler
    startup_stm32f427xx.o(RESET) refers to stm32f4xx_it.o(i.MemManage_Handler) for MemManage_Handler
    startup_stm32f427xx.o(RESET) refers to stm32f4xx_it.o(i.BusFault_Handler) for BusFault_Handler
    startup_stm32f427xx.o(RESET) refers to stm32f4xx_it.o(i.UsageFault_Handler) for UsageFault_Handler
    startup_stm32f427xx.o(RESET) refers to stm32f4xx_it.o(i.SVC_Handler) for SVC_Handler
    startup_stm32f427xx.o(RESET) refers to stm32f4xx_it.o(i.DebugMon_Handler) for DebugMon_Handler
    startup_stm32f427xx.o(RESET) refers to stm32f4xx_it.o(i.PendSV_Handler) for PendSV_Handler
    startup_stm32f427xx.o(RESET) refers to stm32f4xx_it.o(i.SysTick_Handler) for SysTick_Handler
    startup_stm32f427xx.o(RESET) refers to stm32f4xx_it.o(i.CAN1_TX_IRQHandler) for CAN1_TX_IRQHandler
    startup_stm32f427xx.o(RESET) refers to stm32f4xx_it.o(i.CAN1_RX0_IRQHandler) for CAN1_RX0_IRQHandler
    startup_stm32f427xx.o(RESET) refers to stm32f4xx_it.o(i.CAN1_RX1_IRQHandler) for CAN1_RX1_IRQHandler
    startup_stm32f427xx.o(RESET) refers to stm32f4xx_it.o(i.USART1_IRQHandler) for USART1_IRQHandler
    startup_stm32f427xx.o(RESET) refers to stm32f4xx_it.o(i.TIM8_BRK_TIM12_IRQHandler) for TIM8_BRK_TIM12_IRQHandler
    startup_stm32f427xx.o(RESET) refers to stm32f4xx_it.o(i.TIM8_UP_TIM13_IRQHandler) for TIM8_UP_TIM13_IRQHandler
    startup_stm32f427xx.o(RESET) refers to stm32f4xx_it.o(i.TIM8_TRG_COM_TIM14_IRQHandler) for TIM8_TRG_COM_TIM14_IRQHandler
    startup_stm32f427xx.o(RESET) refers to stm32f4xx_it.o(i.DMA2_Stream1_IRQHandler) for DMA2_Stream1_IRQHandler
    startup_stm32f427xx.o(RESET) refers to stm32f4xx_it.o(i.DMA2_Stream2_IRQHandler) for DMA2_Stream2_IRQHandler
    startup_stm32f427xx.o(RESET) refers to stm32f4xx_it.o(i.CAN2_TX_IRQHandler) for CAN2_TX_IRQHandler
    startup_stm32f427xx.o(RESET) refers to stm32f4xx_it.o(i.CAN2_RX0_IRQHandler) for CAN2_RX0_IRQHandler
    startup_stm32f427xx.o(RESET) refers to stm32f4xx_it.o(i.CAN2_RX1_IRQHandler) for CAN2_RX1_IRQHandler
    startup_stm32f427xx.o(RESET) refers to stm32f4xx_it.o(i.DMA2_Stream6_IRQHandler) for DMA2_Stream6_IRQHandler
    startup_stm32f427xx.o(RESET) refers to stm32f4xx_it.o(i.USART6_IRQHandler) for USART6_IRQHandler
    startup_stm32f427xx.o(.text) refers to system_stm32f4xx.o(i.SystemInit) for SystemInit
    startup_stm32f427xx.o(.text) refers to entry.o(.ARM.Collect$$$$00000000) for __main
    main.o(i.SystemClock_Config) refers to memseta.o(.text) for __aeabi_memclr4
    main.o(i.SystemClock_Config) refers to stm32f4xx_hal_rcc.o(i.HAL_RCC_OscConfig) for HAL_RCC_OscConfig
    main.o(i.SystemClock_Config) refers to stm32f4xx_hal_pwr_ex.o(i.HAL_PWREx_EnableOverDrive) for HAL_PWREx_EnableOverDrive
    main.o(i.SystemClock_Config) refers to stm32f4xx_hal_rcc.o(i.HAL_RCC_ClockConfig) for HAL_RCC_ClockConfig
    main.o(i.main) refers to stm32f4xx_hal.o(i.HAL_Init) for HAL_Init
    main.o(i.main) refers to main.o(i.SystemClock_Config) for SystemClock_Config
    main.o(i.main) refers to gpio.o(i.MX_GPIO_Init) for MX_GPIO_Init
    main.o(i.main) refers to dma.o(i.MX_DMA_Init) for MX_DMA_Init
    main.o(i.main) refers to can.o(i.MX_CAN1_Init) for MX_CAN1_Init
    main.o(i.main) refers to usart.o(i.MX_USART1_UART_Init) for MX_USART1_UART_Init
    main.o(i.main) refers to tim.o(i.MX_TIM14_Init) for MX_TIM14_Init
    main.o(i.main) refers to can.o(i.MX_CAN2_Init) for MX_CAN2_Init
    main.o(i.main) refers to tim.o(i.MX_TIM13_Init) for MX_TIM13_Init
    main.o(i.main) refers to usart.o(i.MX_USART6_UART_Init) for MX_USART6_UART_Init
    main.o(i.main) refers to tim.o(i.MX_TIM12_Init) for MX_TIM12_Init
    main.o(i.main) refers to dji_motor.o(i.DJI_MotorGroupInit) for DJI_MotorGroupInit
    main.o(i.main) refers to dji_motor.o(i.DJI_MotorInit) for DJI_MotorInit
    main.o(i.main) refers to dji_motor.o(i.DJI_MotorPidSet) for DJI_MotorPidSet
    main.o(i.main) refers to dji_motor.o(i.DJI_MotorPostProcessHandlerSet) for DJI_MotorPostProcessHandlerSet
    main.o(i.main) refers to dji_motor.o(i.DJI_MotorCalculateResultSet) for DJI_MotorCalculateResultSet
    main.o(i.main) refers to dji_motor.o(i.DJI_MotorListAdd) for DJI_MotorListAdd
    main.o(i.main) refers to dji_motor.o(i.DJI_MotorEnable) for DJI_MotorEnable
    main.o(i.main) refers to chassis.o(i.chassisINIT) for chassisINIT
    main.o(i.main) refers to chassis.o(i.chasisFollowINIT) for chasisFollowINIT
[...]
    i.HAL_RCC_ClockConfig                    0x08001ed0   Section        0  stm32f4xx_hal_rcc.o(i.HAL_RCC_ClockConfig)
    i.HAL_RCC_GetPCLK1Freq                   0x08002004   Section        0  stm32f4xx_hal_rcc.o(i.HAL_RCC_GetPCLK1Freq)
    i.HAL_RCC_GetPCLK2Freq                   0x08002024   Section        0  stm32f4xx_hal_rcc.o(i.HAL_RCC_GetPCLK2Freq)
    i.HAL_RCC_GetSysClockFreq                0x08002044   Section        0  stm32f4xx_hal_rcc.o(i.HAL_RCC_GetSysClockFreq)
    i.HAL_RCC_OscConfig                      0x080020a8   Section        0  stm32f4xx_hal_rcc.o(i.HAL_RCC_OscConfig)
    i.HAL_SYSTICK_Config                     0x08002414   Section        0  stm32f4xx_hal_cortex.o(i.HAL_SYSTICK_Config)
    i.HAL_TIMEx_BreakCallback                0x0800243c   Section        0  stm32f4xx_hal_tim_ex.o(i.HAL_TIMEx_BreakCallback)
    i.HAL_TIMEx_CommutCallback               0x0800243e   Section        0  stm32f4xx_hal_tim_ex.o(i.HAL_TIMEx_CommutCallback)
    i.HAL_TIM_Base_Init                      0x08002440   Section        0  stm32f4xx_hal_tim.o(i.HAL_TIM_Base_Init)
    i.HAL_TIM_Base_MspInit                   0x0800249c   Section        0  tim.o(i.HAL_TIM_Base_MspInit)
    i.HAL_TIM_Base_Start_IT                  0x08002528   Section        0  stm32f4xx_hal_tim.o(i.HAL_TIM_Base_Start_IT)
    i.HAL_TIM_ConfigClockSource              0x080025a8   Section        0  stm32f4xx_hal_tim.o(i.HAL_TIM_ConfigClockSource)
    i.HAL_TIM_IC_CaptureCallback             0x08002684   Section        0  stm32f4xx_hal_tim.o(i.HAL_TIM_IC_CaptureCallback)
    i.HAL_TIM_IRQHandler                     0x08002686   Section        0  stm32f4xx_hal_tim.o(i.HAL_TIM_IRQHandler)
    i.HAL_TIM_OC_DelayElapsedCallback        0x080027ec   Section        0  stm32f4xx_hal_tim.o(i.HAL_TIM_OC_DelayElapsedCallback)
    i.HAL_TIM_PWM_PulseFinishedCallback      0x080027ee   Section        0  stm32f4xx_hal_tim.o(i.HAL_TIM_PWM_PulseFinishedCallback)
    i.HAL_TIM_PeriodElapsedCallback          0x080027f0   Section        0  callbacks.o(i.HAL_TIM_PeriodElapsedCallback)
    i.HAL_TIM_TriggerCallback                0x08002838   Section        0  stm32f4xx_hal_tim.o(i.HAL_TIM_TriggerCallback)
    i.HAL_UARTEx_RxEventCallback             0x0800283c   Section        0  callbacks.o(i.HAL_UARTEx_RxEventCallback)
    i.HAL_UART_ErrorCallback                 0x08002848   Section        0  callbacks.o(i.HAL_UART_ErrorCallback)
    i.HAL_UART_IRQHandler                    0x08002854   Section        0  stm32f4xx_hal_uart.o(i.HAL_UART_IRQHandler)
    i.HAL_UART_Init                          0x08002abc   Section        0  stm32f4xx_hal_uart.o(i.HAL_UART_Init)
    i.HAL_UART_MspInit                       0x08002b20   Section        0  usart.o(i.HAL_UART_MspInit)
    i.HAL_UART_Receive_DMA                   0x08002c8c   Section        0  stm32f4xx_hal_uart.o(i.HAL_UART_Receive_DMA)
    i.HAL_UART_RxCpltCallback                0x08002cb8   Section        0  callbacks.o(i.HAL_UART_RxCpltCallback)
    i.HAL_UART_RxHalfCpltCallback            0x08002cc4   Section        0  stm32f4xx_hal_uart.o(i.HAL_UART_RxHalfCpltCallback)
    i.HAL_UART_TxCpltCallback                0x08002cc6   Section        0  stm32f4xx_hal_uart.o(i.HAL_UART_TxCpltCallback)
    i.HardFault_Handler                      0x08002cc8   Section        0  stm32f4xx_it.o(i.HardFault_Handler)
    i.MX_CAN1_Init                           0x08002ccc   Section        0  can.o(i.MX_CAN1_Init)
    i.MX_CAN2_Init                           0x08002d10   Section        0  can.o(i.MX_CAN2_Init)
    i.MX_DMA_Init                            0x08002d54   Section        0  dma.o(i.MX_DMA_Init)
    i.MX_GPIO_Init                           0x08002da0   Section        0  gpio.o(i.MX_GPIO_Init)
    i.MX_TIM12_Init                          0x08002e40   Section        0  tim.o(i.MX_TIM12_Init)
    i.MX_TIM13_Init                          0x08002e8c   Section        0  tim.o(i.MX_TIM13_Init)
    i.MX_TIM14_Init                          0x08002ec0   Section        0  tim.o(i.MX_TIM14_Init)
    i.MX_USART1_UART_Init                    0x08002ef8   Section        0  usart.o(i.MX_USART1_UART_Init)
    i.MX_USART6_UART_Init                    0x08002f3c   Section        0  usart.o(i.MX_USART6_UART_Init)
    i.MemManage_Handler                      0x08002f74   Section        0  stm32f4xx_it.o(i.MemManage_Handler)
    i.NMI_Handler                            0x08002f76   Section        0  stm32f4xx_it.o(i.NMI_Handler)
    i.PID_calc                               0x08002f78   Section        0  pid.o(i.PID_calc)
    i.PID_clear                              0x080030a0   Section        0  pid.o(i.PID_clear)
    i.PID_init                               0x080030e0   Section        0  pid.o(i.PID_init)
    i.PendSV_Handler                         0x0800313c   Section        0  stm32f4xx_it.o(i.PendSV_Handler)
    i.RC_ErrorCallback                       0x0800313e   Section        0  remote_control.o(i.RC_ErrorCallback)
    i.RC_EventCallback                       0x0800315e   Section        0  remote_control.o(i.RC_EventCallback)
    i.RC_LimitVal                            0x08003170   Section        0  remote_control.o(i.RC_LimitVal)
    i.RC_ReceiveCpltCallback                 0x08003182   Section        0  remote_control.o(i.RC_ReceiveCpltCallback)
    i.RC_Unpack                              0x080031a0   Section        0  remote_control.o(i.RC_Unpack)
    i.RemoteControlINIT                      0x0800324e   Section        0  remote_control.o(i.RemoteControlINIT)
    i.SVC_Handler                            0x0800325c   Section        0  stm32f4xx_it.o(i.SVC_Handler)
    i.SysTick_Handler                        0x0800325e   Section        0  stm32f4xx_it.o(i.SysTick_Handler)
    i.SystemClock_Config                     0x08003264   Section        0  main.o(i.SystemClock_Config)
    i.SystemInit                             0x08003304   Section        0  system_stm32f4xx.o(i.SystemInit)
    i.TIM8_BRK_TIM12_IRQHandler              0x08003314   Section        0  stm32f4xx_it.o(i.TIM8_BRK_TIM12_IRQHandler)
    i.TIM8_TRG_COM_TIM14_IRQHandler          0x08003320   Section        0  stm32f4xx_it.o(i.TIM8_TRG_COM_TIM14_IRQHandler)
    i.TIM8_UP_TIM13_IRQHandler               0x0800332c   Section        0  stm32f4xx_it.o(i.TIM8_UP_TIM13_IRQHandler)
    i.TIM_Base_SetConfig                     0x08003338   Section        0  stm32f4xx_hal_tim.o(i.TIM_Base_SetConfig)
    i.TIM_ETR_SetConfig                      0x08003400   Section        0  stm32f4xx_hal_tim.o(i.TIM_ETR_SetConfig)
    i.TIM_ITRx_SetConfig                     0x08003414   Section        0  stm32f4xx_hal_tim.o(i.TIM_ITRx_SetConfig)
    TIM_ITRx_SetConfig                       0x08003415   Thumb Code    16  stm32f4xx_hal_tim.o(i.TIM_ITRx_SetConfig)
    i.TIM_TI1_ConfigInputStage               0x08003424   Section        0  stm32f4xx_hal_tim.o(i.TIM_TI1_ConfigInputStage)
    TIM_TI1_ConfigInputStage                 0x08003425   Thumb Code    34  stm32f4xx_hal_tim.o(i.TIM_TI1_ConfigInputStage)
    i.TIM_TI2_ConfigInputStage               0x08003446   Section        0  stm32f4xx_hal_tim.o(i.TIM_TI2_ConfigInputStage)
    TIM_TI2_ConfigInputStage                 0x08003447   Thumb Code    36  stm32f4xx_hal_tim.o(i.TIM_TI2_ConfigInputStage)
    i.UART_DMAAbortOnError                   0x0800346a   Section        0  stm32f4xx_hal_uart.o(i.UART_DMAAbortOnError)
    UART_DMAAbortOnError                     0x0800346b   Thumb Code    16  stm32f4xx_hal_uart.o(i.UART_DMAAbortOnError)
    i.UART_DMAError                          0x0800347a   Section        0  stm32f4xx_hal_uart.o(i.UART_DMAError)
    UART_DMAError                            0x0800347b   Thumb Code    74  stm32f4xx_hal_uart.o(i.UART_DMAError)
    i.UART_DMAReceiveCplt                    0x080034c4   Section        0  stm32f4xx_hal_uart.o(i.UART_DMAReceiveCplt)
    UART_DMAReceiveCplt                      0x080034c5   Thumb Code   130  stm32f4xx_hal_uart.o(i.UART_DMAReceiveCplt)
    i.UART_DMARxHalfCplt                     0x08003546   Section        0  stm32f4xx_hal_uart.o(i.UART_DMARxHalfCplt)
    UART_DMARxHalfCplt                       0x08003547   Thumb Code    26  stm32f4xx_hal_uart.o(i.UART_DMARxHalfCplt)
    i.UART_EndRxTransfer                     0x08003560   Section        0  stm32f4xx_hal_uart.o(i.UART_EndRxTransfer)
    UART_EndRxTransfer                       0x08003561   Thumb Code    78  stm32f4xx_hal_uart.o(i.UART_EndRxTransfer)
    i.UART_EndTxTransfer                     0x080035ae   Section        0  stm32f4xx_hal_uart.o(i.UART_EndTxTransfer)
    UART_EndTxTransfer                       0x080035af   Thumb Code    28  stm32f4xx_hal_uart.o(i.UART_EndTxTransfer)
    i.UART_Receive_IT                        0x080035ca   Section        0  stm32f4xx_hal_uart.o(i.UART_Receive_IT)
    UART_Receive_IT                          0x080035cb   Thumb Code   192  stm32f4xx_hal_uart.o(i.UART_Receive_IT)
    i.UART_SetConfig                         0x0800368c   Section        0  stm32f4xx_hal_uart.o(i.UART_SetConfig)
    UART_SetConfig                           0x0800368d   Thumb Code   258  stm32f4xx_hal_uart.o(i.UART_SetConfig)
    i.UART_Start_Receive_DMA                 0x08003798   Section        0  stm32f4xx_hal_uart.o(i.UART_Start_Receive_DMA)
    i.USART1_IRQHandler                      0x0800382c   Section        0  stm32f4xx_it.o(i.USART1_IRQHandler)
    i.USART6_IRQHandler                      0x08003838   Section        0  stm32f4xx_it.o(i.USART6_IRQHandler)
    i.UsageFault_Handler                     0x0800384c   Section        0  stm32f4xx_it.o(i.UsageFault_Handler)
    i.__ARM_fpclassify                       0x0800384e   Section        0  fpclassify.o(i.__ARM_fpclassify)
    i.__NVIC_SetPriority                     0x0800387e   Section        0  stm32f4xx_hal_cortex.o(i.__NVIC_SetPriority)
    __NVIC_SetPriority                       0x0800387f   Thumb Code    32  stm32f4xx_hal_cortex.o(i.__NVIC_SetPriority)
    i.__hardfp_ceil                          0x080038a0   Section        0  ceil.o(i.__hardfp_ceil)
    i.__hardfp_cos                           0x080039b8   Section        0  cos.o(i.__hardfp_cos)
    i.__hardfp_sqrt                          0x08003a80   Section        0  sqrt.o(i.__hardfp_sqrt)
    i.__ieee754_rem_pio2                     0x08003b00   Section        0  rred.o(i.__ieee754_rem_pio2)
    i.__kernel_cos                           0x08003f38   Section        0  cos_i.o(i.__kernel_cos)
    i.__kernel_poly                          0x080040a8   Section        0  poly.o(i.__kernel_poly)
    i.__kernel_sin                           0x080041a0   Section        0  sin_i.o(i.__kernel_sin)
    i.__mathlib_dbl_infnan                   0x080042d0   Section        0  dunder.o(i.__mathlib_dbl_infnan)
    i.__mathlib_dbl_invalid                  0x080042e8   Section        0  dunder.o(i.__mathlib_dbl_invalid)
    i.__mathlib_dbl_underflow                0x08004308   Section        0  dunder.o(i.__mathlib_dbl_underflow)
    i.__scatterload_copy                     0x08004328   Section       14  handlers.o(i.__scatterload_copy)
    i.__scatterload_null                     0x08004336   Section        2  handlers.o(i.__scatterload_null)
    i.__scatterload_zeroinit                 0x08004338   Section       14  handlers.o(i.__scatterload_zeroinit)
    i.__set_errno                            0x08004348   Section        0  errno.o(i.__set_errno)
    i.chasisFollowINIT                       0x08004354   Section        0  chassis.o(i.chasisFollowINIT)
    i.chassisChangeMode                      0x08004386   Section        0  chassis.o(i.chassisChangeMode)
    i.chassisFollowEnable                    0x0800438c   Section        0  chassis.o(i.chassisFollowEnable)
    i.chassisFollowRun                       0x080043b0   Section        0  chassis.o(i.chassisFollowRun)
    i.chassisINIT                            0x0800442c   Section        0  chassis.o(i.chassisINIT)
    i.chassisRun                             0x08004448   Section        0  chassis.o(i.chassisRun)
    i.connectionFifoWrite                    0x080048d2   Section        0  mcuconnect.o(i.connectionFifoWrite)
    i.connectionINIT                         0x08004980   Section        0  mcuconnect.o(i.connectionINIT)
    i.connectionRcceiveData                  0x08004a10   Section        0  mcuconnect.o(i.connectionRcceiveData)
    i.connectionUnpackData                   0x08004afc   Section        0  mcuconnect.o(i.connectionUnpackData)
    i.fabs                                   0x08004b54   Section        0  fabs.o(i.fabs)
    i.fifo_s_get                             0x08004b6c   Section        0  fifo.o(i.fifo_s_get)
    i.fifo_s_init                            0x08004b98   Section        0  fifo.o(i.fifo_s_init)
    i.fifo_s_puts                            0x08004bae   Section        0  fifo.o(i.fifo_s_puts)
    i.fifo_s_used                            0x08004c2a   Section        0  fifo.o(i.fifo_s_used)
    i.floatTOint                             0x08004c2e   Section        0  tools.o(i.floatTOint)
    i.followResultSet                        0x08004c42   Section        0  chassis.o(i.followResultSet)
    i.get_CRC16_check_sum                    0x08004c48   Section        0  crc8_crc16.o(i.get_CRC16_check_sum)
    i.get_CRC8_check_sum                     0x08004c74   Section        0  crc8_crc16.o(i.get_CRC8_check_sum)
    i.init_referee_struct_data               0x08004c90   Section        0  referee.o(i.init_referee_struct_data)
    i.main                                   0x08004d3c   Section        0  main.o(i.main)
    i.pidINIT                                0x08004fb8   Section        0  pid.o(i.pidINIT)
    i.powerlimit_pro                         0x08004fd8   Section        0  addons.o(i.powerlimit_pro)
    i.refereeINIT                            0x080051f0   Section        0  referee.o(i.refereeINIT)
    i.refereeReceiveHandler                  0x0800523c   Section        0  referee.o(i.refereeReceiveHandler)
    i.referee_data_solve                     0x080052d0   Section        0  referee.o(i.referee_data_solve)
    i.referee_unpack_fifo_data               0x08005454   Section        0  referee.o(i.referee_unpack_fifo_data)
    i.referee_usart_init                     0x08005558   Section        0  referee.o(i.referee_usart_init)
    i.verify_CRC16_check_sum                 0x0800560c   Section        0  crc8_crc16.o(i.verify_CRC16_check_sum)
    i.verify_CRC8_check_sum                  0x08005648   Section        0  crc8_crc16.o(i.verify_CRC8_check_sum)
    .constdata                               0x0800566e   Section        8  stm32f4xx_hal_dma.o(.constdata)
    flagBitshiftOffset                       0x0800566e   Data           8  stm32f4xx_hal_dma.o(.constdata)
    .constdata                               0x08005676   Section       16  system_stm32f4xx.o(.constdata)
    .constdata                               0x08005686   Section        8  system_stm32f4xx.o(.constdata)
    .constdata                               0x0800568e   Section      768  crc8_crc16.o(.constdata)
    .constdata                               0x08005990   Section       48  cos_i.o(.constdata)
    C                                        0x08005990   Data          48  cos_i.o(.constdata)
    .constdata                               0x080059c0   Section      200  rred.o(.constdata)
    pio2s                                    0x080059c0   Data          48  rred.o(.constdata)
    twooverpi                                0x080059f0   Data         152  rred.o(.constdata)
    .constdata                               0x08005a88   Section       40  sin_i.o(.constdata)
    S                                        0x08005a88   Data          40  sin_i.o(.constdata)
    .data                                    0x20000000   Section        4  can.o(.data)
    HAL_RCC_CAN1_CLK_ENABLED                 0x20000000   Data           4  can.o(.data)
    .data                                    0x20000004   Section       12  stm32f4xx_hal.o(.data)
    .data                                    0x20000010   Section        4  system_stm32f4xx.o(.data)
    .data                                    0x20000014   Section       24  addons.o(.data)
    count                                    0x20000014   Data           1  addons.o(.data)
    pidsetCount                              0x20000015   Data           1  addons.o(.data)
    count                                    0x20000016   Data           1  addons.o(.data)
    total_current                            0x20000018   Data           4  addons.o(.data)
    current_scale                            0x2000001c   Data           4  addons.o(.data)
    initial_total_power                      0x20000020   Data           4  addons.o(.data)
    initial_total_power_last                 0x20000024   Data           4  addons.o(.data)
    scaled_give_power                        0x20000028   Data           4  addons.o(.data)
    .data                                    0x2000002c   Section        2  crc8_crc16.o(.data)
    .data                                    0x2000002e   Section       58  referee.o(.data)
    this_time_rx_len                         0x20000034   Data           2  referee.o(.data)
    .data                                    0x20000068   Section        8  mcuconnect.o(.data)
    dataSize                                 0x20000068   Data           1  mcuconnect.o(.data)
    lastCheck                                0x20000069   Data           1  mcuconnect.o(.data)
    packCount                                0x2000006a   Data           2  mcuconnect.o(.data)
    dataID                                   0x2000006c   Data           2  mcuconnect.o(.data)
    lastStdID                                0x2000006e   Data           2  mcuconnect.o(.data)
    .data                                    0x20000070   Section       20  pid.o(.data)
    .data                                    0x20000084   Section       20  pid.o(.data)
    .data                                    0x20000098   Section       20  pid.o(.data)
    .data                                    0x200000ac   Section        4  errno.o(.data)
    _errno                                   0x200000ac   Data           4  errno.o(.data)
    .bss                                     0x200000b0   Section     2616  main.o(.bss)
    .bss                                     0x20000ae8   Section       80  can.o(.bss)
    .bss                                     0x20000b38   Section      216  tim.o(.bss)
    .bss                                     0x20000c10   Section      424  usart.o(.bss)
    .bss                                     0x20000db8   Section       72  addons.o(.bss)
    buffer_pid                               0x20000db8   Data          72  addons.o(.bss)
    .bss                                     0x20000e00   Section     2389  referee.o(.bss)
    .bss                                     0x20001758   Section       16  mcuconnect.o(.bss)
    STACK                                    0x20001768   Section     1024  startup_stm32f427xx.o(STACK)

    Global Symbols

    Symbol Name                              Value     Ov Type        Size  Object(Section)

    BuildAttributes$$THM_ISAv4$E$P$D$K$B$S$7EM$VFPi3$EXTD16$VFPS$VFMA$PE$A:L22UL41UL21$X:L11$S22US41US21$IEEE1$IW$USESV6$~STKCKD$USESV7$~SHL$OTIME$ROPI$IEEEX$EBA8$MICROLIB$REQ8$PRES8$EABIv2 0x00000000   Number         0  anon$$obj.o ABSOLUTE
    __ARM_use_no_argv                        0x00000000   Number         0  main.o ABSOLUTE
    __arm_fini_                               - Undefined Weak Reference
    __cpp_initialize__aeabi_                  - Undefined Weak Reference
    __cxa_finalize                            - Undefined Weak Reference
    __decompress                              - Undefined Weak Reference
    _clock_init                               - Undefined Weak Reference
    _microlib_exit                            - Undefined Weak Reference
    __Vectors_Size                           0x000001ac   Number         0  startup_stm32f427xx.o ABSOLUTE
    __Vectors                                0x08000000   Data           4  startup_stm32f427xx.o(RESET)
    __Vectors_End                            0x080001ac   Data           0  startup_stm32f427xx.o(RESET)
    __main                                   0x080001ad   Thumb Code     0  entry.o(.ARM.Collect$$$$00000000)
    _main_stk                                0x080001ad   Thumb Code     0  entry2.o(.ARM.Collect$$$$00000001)
    _main_scatterload                        0x080001b1   Thumb Code     0  entry5.o(.ARM.Collect$$$$00000004)
    __main_after_scatterload                 0x080001b5   Thumb Code     0  entry5.o(.ARM.Collect$$$$00000004)
    _main_clock                              0x080001b5   Thumb Code     0  entry7b.o(.ARM.Collect$$$$00000008)
    _main_cpp_init                           0x080001b5   Thumb Code     0  entry8b.o(.ARM.Collect$$$$0000000A)
    _main_init                               0x080001b5   Thumb Code     0  entry9a.o(.ARM.Collect$$$$0000000B)
    __rt_lib_shutdown_fini                   0x080001bd   Thumb Code     0  entry12b.o(.ARM.Collect$$$$0000000E)
    __rt_final_cpp                           0x080001c1   Thumb Code     0  entry10a.o(.ARM.Collect$$$$0000000F)
    __rt_final_exit                          0x080001c1   Thumb Code     0  entry11a.o(.ARM.Collect$$$$00000011)
    Reset_Handler                            0x080001c5   Thumb Code     8  startup_stm32f427xx.o(.text)
    ADC_IRQHandler                           0x080001df   Thumb Code     0  startup_stm32f427xx.o(.text)
    CAN1_SCE_IRQHandler                      0x080001df   Thumb Code     0  startup_stm32f427xx.o(.text)
    CAN2_SCE_IRQHandler                      0x080001df   Thumb Code     0  startup_stm32f427xx.o(.text)
    DCMI_IRQHandler                          0x080001df   Thumb Code     0  startup_stm32f427xx.o(.text)
    DMA1_Stream0_IRQHandler                  0x080001df   Thumb Code     0  startup_stm32f427xx.o(.text)
    DMA1_Stream1_IRQHandler                  0x080001df   Thumb Code     0  startup_stm32f427xx.o(.text)
    DMA1_Stream2_IRQHandler                  0x080001df   Thumb Code     0  startup_stm32f427xx.o(.text)
    DMA1_Stream3_IRQHandler                  0x080001df   Thumb Code     0  startup_stm32f427xx.o(.text)
    DMA1_Stream4_IRQHandler                  0x080001df   Thumb Code     0  startup_stm32f427xx.o(.text)
    DMA1_Stream5_IRQHandler                  0x080001df   Thumb Code     0  startup_stm32f427xx.o(.text)
    DMA1_Stream6_IRQHandler                  0x080001df   Thumb Code     0  startup_stm32f427xx.o(.text)
    DMA1_Stream7_IRQHandler                  0x080001df   Thumb Code     0  startup_stm32f427xx.o(.text)
    DMA2D_IRQHandler                         0x080001df   Thumb Code     0  startup_stm32f427xx.o(.text)
    DMA2_Stream0_IRQHandler                  0x080001df   Thumb Code     0  startup_stm32f427xx.o(.text)
    DMA2_Stream3_IRQHandler                  0x080001df   Thumb Code     0  startup_stm32f427xx.o(.text)
    DMA2_Stream4_IRQHandler                  0x080001df   Thumb Code     0  startup_stm32f427xx.o(.text)
    DMA2_Stream5_IRQHandler                  0x080001df   Thumb Code     0  startup_stm32f427xx.o(.text)
    DMA2_Stream7_IRQHandler                  0x080001df   Thumb Code     0  startup_stm32f427xx.o(.text)
    ETH_IRQHandler                           0x080001df   Thumb Code     0  startup_stm32f427xx.o(.text)
    ETH_WKUP_IRQHandler                      0x080001df   Thumb Code     0  startup_stm32f427xx.o(.text)
    EXTI0_IRQHandler                         0x080001df   Thumb Code     0  startup_stm32f427xx.o(.text)
    EXTI15_10_IRQHandler                     0x080001df   Thumb Code     0  startup_stm32f427xx.o(.text)
    EXTI1_IRQHandler                         0x080001df   Thumb Code     0  startup_stm32f427xx.o(.text)
    EXTI2_IRQHandler                         0x080001df   Thumb Code     0  startup_stm32f427xx.o(.text)
    EXTI3_IRQHandler                         0x080001df   Thumb Code     0  startup_stm32f427xx.o(.text)
    EXTI4_IRQHandler                         0x080001df   Thumb Code     0  startup_stm32f427xx.o(.text)
    EXTI9_5_IRQHandler                       0x080001df   Thumb Code     0  startup_stm32f427xx.o(.text)
    FLASH_IRQHandler                         0x080001df   Thumb Code     0  startup_stm32f427xx.o(.text)
    FMC_IRQHandler                           0x080001df   Thumb Code     0  startup_stm32f427xx.o(.text)
    FPU_IRQHandler                           0x080001df   Thumb Code     0  startup_stm32f427xx.o(.text)
    HASH_RNG_IRQHandler                      0x080001df   Thumb Code     0  startup_stm32f427xx.o(.text)
    I2C1_ER_IRQHandler                       0x080001df   Thumb Code     0  startup_stm32f427xx.o(.text)
    I2C1_EV_IRQHandler                       0x080001df   Thumb Code     0  startup_stm32f427xx.o(.text)
    I2C2_ER_IRQHandler                       0x080001df   Thumb Code     0  startup_stm32f427xx.o(.text)
    I2C2_EV_IRQHandler                       0x080001df   Thumb Code     0  startup_stm32f427xx.o(.text)
    I2C3_ER_IRQHandler                       0x080001df   Thumb Code     0  startup_stm32f427xx.o(.text)
    I2C3_EV_IRQHandler                       0x080001df   Thumb Code     0  startup_stm32f427xx.o(.text)
    OTG_FS_IRQHandler                        0x080001df   Thumb Code     0  startup_stm32f427xx.o(.text)
    OTG_FS_WKUP_IRQHandler                   0x080001df   Thumb Code     0  startup_stm32f427xx.o(.text)
    OTG_HS_EP1_IN_IRQHandler                 0x080001df   Thumb Code     0  startup_stm32f427xx.o(.text)
    OTG_HS_EP1_OUT_IRQHandler                0x080001df   Thumb Code     0  startup_stm32f427xx.o(.text)
    OTG_HS_IRQHandler                        0x080001df   Thumb Code     0  startup_stm32f427xx.o(.text)
    OTG_HS_WKUP_IRQHandler                   0x080001df   Thumb Code     0  startup_stm32f427xx.o(.text)
    PVD_IRQHandler                           0x080001df   Thumb Code     0  startup_stm32f427xx.o(.text)
    RCC_IRQHandler                           0x080001df   Thumb Code     0  startup_stm32f427xx.o(.text)
    RTC_Alarm_IRQHandler                     0x080001df   Thumb Code     0  startup_stm32f427xx.o(.text)
    RTC_WKUP_IRQHandler                      0x080001df   Thumb Code     0  startup_stm32f427xx.o(.text)
    SAI1_IRQHandler                          0x080001df   Thumb Code     0  startup_stm32f427xx.o(.text)
    SDIO_IRQHandler                          0x080001df   Thumb Code     0  startup_stm32f427xx.o(.text)
    SPI1_IRQHandler                          0x080001df   Thumb Code     0  startup_stm32f427xx.o(.text)
    SPI2_IRQHandler                          0x080001df   Thumb Code     0  startup_stm32f427xx.o(.text)
    SPI3_IRQHandler                          0x080001df   Thumb Code     0  startup_stm32f427xx.o(.text)
    SPI4_IRQHandler                          0x080001df   Thumb Code     0  startup_stm32f427xx.o(.text)
    SPI5_IRQHandler                          0x080001df   Thumb Code     0  startup_stm32f427xx.o(.text)
    SPI6_IRQHandler                          0x080001df   Thumb Code     0  startup_stm32f427xx.o(.text)
    TAMP_STAMP_IRQHandler                    0x080001df   Thumb Code     0  startup_stm32f427xx.o(.text)
    TIM1_BRK_TIM9_IRQHandler                 0x080001df   Thumb Code     0  startup_stm32f427xx.o(.text)
    TIM1_CC_IRQHandler                       0x080001df   Thumb Code     0  startup_stm32f427xx.o(.text)
    TIM1_TRG_COM_TIM11_IRQHandler            0x080001df   Thumb Code     0  startup_stm32f427xx.o(.text)
    TIM1_UP_TIM10_IRQHandler                 0x080001df   Thumb Code     0  startup_stm32f427xx.o(.text)
    TIM2_IRQHandler                          0x080001df   Thumb Code     0  startup_stm32f427xx.o(.text)
    TIM3_IRQHandler                          0x080001df   Thumb Code     0  startup_stm32f427xx.o(.text)
    TIM4_IRQHandler                          0x080001df   Thumb Code     0  startup_stm32f427xx.o(.text)
    TIM5_IRQHandler                          0x080001df   Thumb Code     0  startup_stm32f427xx.o(.text)
    TIM6_DAC_IRQHandler                      0x080001df   Thumb Code     0  startup_stm32f427xx.o(.text)
    TIM7_IRQHandler                          0x080001df   Thumb Code     0  startup_stm32f427xx.o(.text)
    TIM8_CC_IRQHandler                       0x080001df   Thumb Code     0  startup_stm32f427xx.o(.text)
    UART4_IRQHandler                         0x080001df   Thumb Code     0  startup_stm32f427xx.o(.text)
    UART5_IRQHandler                         0x080001df   Thumb Code     0  startup_stm32f427xx.o(.text)
    UART7_IRQHandler                         0x080001df   Thumb Code     0  startup_stm32f427xx.o(.text)
    UART8_IRQHandler                         0x080001df   Thumb Code     0  startup_stm32f427xx.o(.text)
    USART2_IRQHandler                        0x080001df   Thumb Code     0  startup_stm32f427xx.o(.text)
    USART3_IRQHandler                        0x080001df   Thumb Code     0  startup_stm32f427xx.o(.text)
    WWDG_IRQHandler                          0x080001df   Thumb Code     0  startup_stm32f427xx.o(.text)
    __aeabi_uldivmod                         0x080001e9   Thumb Code    98  uldiv.o(.text)
    __aeabi_memcpy                           0x0800024b   Thumb Code    36  memcpya.o(.text)
    __aeabi_memcpy4                          0x0800024b   Thumb Code     0  memcpya.o(.text)
    __aeabi_memcpy8                          0x0800024b   Thumb Code     0  memcpya.o(.text)
    __aeabi_memset                           0x0800026f   Thumb Code    14  memseta.o(.text)
    __aeabi_memset4                          0x0800026f   Thumb Code     0  memseta.o(.text)
    __aeabi_memset8                          0x0800026f   Thumb Code     0  memseta.o(.text)
    __aeabi_memclr                           0x0800027d   Thumb Code     4  memseta.o(.text)
    __aeabi_memclr4                          0x0800027d   Thumb Code     0  memseta.o(.text)
    __aeabi_memclr8                          0x0800027d   Thumb Code     0  memseta.o(.text)
    _memset$wrapper                          0x08000281   Thumb Code    18  memseta.o(.text)
    __aeabi_dadd                             0x08000293   Thumb Code   322  dadd.o(.text)
    __aeabi_dsub                             0x080003d5   Thumb Code     6  dadd.o(.text)
    __aeabi_drsub                            0x080003db   Thumb Code     6  dadd.o(.text)
    __aeabi_dmul                             0x080003e1   Thumb Code   228  dmul.o(.text)
    __aeabi_ddiv                             0x080004c5   Thumb Code   222  ddiv.o(.text)
    __aeabi_d2uiz                            0x080005a3   Thumb Code    50  dfixui.o(.text)
    __aeabi_f2d                              0x080005d5   Thumb Code    38  f2d.o(.text)
    __aeabi_d2f                              0x080005fb   Thumb Code    56  d2f.o(.text)
    __aeabi_llsl                             0x08000633   Thumb Code    30  llshl.o(.text)
    _ll_shift_l                              0x08000633   Thumb Code     0  llshl.o(.text)
    __aeabi_llsr                             0x08000651   Thumb Code    32  llushr.o(.text)
    _ll_ushift_r                             0x08000651   Thumb Code     0  llushr.o(.text)
    __aeabi_lasr                             0x08000671   Thumb Code    36  llsshr.o(.text)
    _ll_sshift_r                             0x08000671   Thumb Code     0  llsshr.o(.text)
    __I$use$fp                               0x08000695   Thumb Code     0  iusefp.o(.text)
    _float_round                             0x08000695   Thumb Code    18  fepilogue.o(.text)
    _float_epilogue                          0x080006a7   Thumb Code    92  fepilogue.o(.text)
    _double_round                            0x08000703   Thumb Code    30  depilogue.o(.text)
    _double_epilogue                         0x08000721   Thumb Code   156  depilogue.o(.text)
    _dsqrt                                   0x080007bd   Thumb Code   162  dsqrt.o(.text)
    __aeabi_cdrcmple                         0x08000861   Thumb Code    48  cdrcmple.o(.text)
    __scatterload                            0x08000891   Thumb Code    28  init.o(.text)
    __scatterload_rt2                        0x08000891   Thumb Code     0  init.o(.text)
    __aeabi_i2d                              0x080008b5   Thumb Code    34  dflti.o(.text)
    __aeabi_ui2d                             0x080008d7   Thumb Code    26  dfltui.o(.text)
    __aeabi_d2iz                             0x080008f1   Thumb Code    62  dfixi.o(.text)
    BusFault_Handler                         0x0800092f   Thumb Code     2  stm32f4xx_it.o(i.BusFault_Handler)
    CAN1_RX0_IRQHandler                      0x08000931   Thumb Code     6  stm32f4xx_it.o(i.CAN1_RX0_IRQHandler)
    CAN1_RX1_IRQHandler                      0x0800093d   Thumb Code     6  stm32f4xx_it.o(i.CAN1_RX1_IRQHandler)
    CAN1_TX_IRQHandler                       0x08000949   Thumb Code     6  stm32f4xx_it.o(i.CAN1_TX_IRQHandler)
    CAN2_RX0_IRQHandler                      0x08000955   Thumb Code     6  stm32f4xx_it.o(i.CAN2_RX0_IRQHandler)
    CAN2_RX1_IRQHandler                      0x08000961   Thumb Code     6  stm32f4xx_it.o(i.CAN2_RX1_IRQHandler)
    CAN2_TX_IRQHandler                       0x0800096d   Thumb Code     6  stm32f4xx_it.o(i.CAN2_TX_IRQHandler)
    DJI_MotorCalculateResultSet              0x08000979   Thumb Code    10  dji_motor.o(i.DJI_MotorCalculateResultSet)
    DJI_MotorClassifyMotorData               0x08000983   Thumb Code    88  dji_motor.o(i.DJI_MotorClassifyMotorData)
    DJI_MotorDisable                         0x080009db   Thumb Code     6  dji_motor.o(i.DJI_MotorDisable)
    DJI_MotorEnable                          0x080009e1   Thumb Code    30  dji_motor.o(i.DJI_MotorEnable)
    DJI_MotorGetSoftEcd                      0x080009ff   Thumb Code    20  dji_motor.o(i.DJI_MotorGetSoftEcd)
    DJI_MotorGroupInit                       0x08000a15   Thumb Code   310  dji_motor.o(i.DJI_MotorGroupInit)
    DJI_MotorInit                            0x08000b55   Thumb Code    36  dji_motor.o(i.DJI_MotorInit)
    DJI_MotorListAdd                         0x08000b79   Thumb Code    20  dji_motor.o(i.DJI_MotorListAdd)
    DJI_MotorListClassicify                  0x08000b8d   Thumb Code   124  dji_motor.o(i.DJI_MotorListClassicify)
    DJI_MotorPidRUN                          0x08000c09   Thumb Code   212  dji_motor.o(i.DJI_MotorPidRUN)
    DJI_MotorPidSet                          0x08000cdd   Thumb Code    74  dji_motor.o(i.DJI_MotorPidSet)
    DJI_MotorPostProcessHandlerSet           0x08000d27   Thumb Code     6  dji_motor.o(i.DJI_MotorPostProcessHandlerSet)
    DJI_MotorReceiveMotordat                 0x08000d2d   Thumb Code    54  dji_motor.o(i.DJI_MotorReceiveMotordat)
    DJI_MotorSendData                        0x08000d63   Thumb Code   144  dji_motor.o(i.DJI_MotorSendData)
    DJI_MotorSetTarget                       0x08000df3   Thumb Code    14  dji_motor.o(i.DJI_MotorSetTarget)
    DJI_MotorUpdateTXD                       0x08000e01   Thumb Code    74  dji_motor.o(i.DJI_MotorUpdateTXD)
    DMA2_Stream1_IRQHandler                  0x08000e4d   Thumb Code     6  stm32f4xx_it.o(i.DMA2_Stream1_IRQHandler)
    DMA2_Stream2_IRQHandler                  0x08000e59   Thumb Code     6  stm32f4xx_it.o(i.DMA2_Stream2_IRQHandler)
    DMA2_Stream6_IRQHandler                  0x08000e65   Thumb Code     6  stm32f4xx_it.o(i.DMA2_Stream6_IRQHandler)
    DebugMon_Handler                         0x08000f15   Thumb Code     2  stm32f4xx_it.o(i.DebugMon_Handler)
    Error_Handler                            0x08000f17   Thumb Code     4  main.o(i.Error_Handler)
    HAL_CAN_ActivateNotification             0x08000f1b   Thumb Code    36  stm32f4xx_hal_can.o(i.HAL_CAN_ActivateNotification)
    HAL_CAN_AddTxMessage                     0x08000f3f   Thumb Code   220  stm32f4xx_hal_can.o(i.HAL_CAN_AddTxMessage)
    HAL_CAN_ConfigFilter                     0x0800101d   Thumb Code   262  stm32f4xx_hal_can.o(i.HAL_CAN_ConfigFilter)
    HAL_CAN_ErrorCallback                    0x08001129   Thumb Code     2  stm32f4xx_hal_can.o(i.HAL_CAN_ErrorCallback)
    HAL_CAN_GetRxMessage                     0x0800112b   Thumb Code   232  stm32f4xx_hal_can.o(i.HAL_CAN_GetRxMessage)
    HAL_CAN_IRQHandler                       0x08001213   Thumb Code   508  stm32f4xx_hal_can.o(i.HAL_CAN_IRQHandler)
    HAL_CAN_Init                             0x0800140f   Thumb Code   282  stm32f4xx_hal_can.o(i.HAL_CAN_Init)
    HAL_CAN_MspInit                          0x08001529   Thumb Code   292  can.o(i.HAL_CAN_MspInit)
    HAL_CAN_RxFifo0FullCallback              0x08001665   Thumb Code     2  stm32f4xx_hal_can.o(i.HAL_CAN_RxFifo0FullCallback)
    HAL_CAN_RxFifo0MsgPendingCallback        0x08001669   Thumb Code    34  callbacks.o(i.HAL_CAN_RxFifo0MsgPendingCallback)
    HAL_CAN_RxFifo1FullCallback              0x0800169d   Thumb Code     2  stm32f4xx_hal_can.o(i.HAL_CAN_RxFifo1FullCallback)
    HAL_CAN_RxFifo1MsgPendingCallback        0x080016a1   Thumb Code    14  callbacks.o(i.HAL_CAN_RxFifo1MsgPendingCallback)
    HAL_CAN_SleepCallback                    0x080016b9   Thumb Code     2  stm32f4xx_hal_can.o(i.HAL_CAN_SleepCallback)
    HAL_CAN_Start                            0x080016bd   Thumb Code    88  stm32f4xx_hal_can.o(i.HAL_CAN_Start)
    HAL_CAN_TxMailbox0AbortCallback          0x08001715   Thumb Code     2  stm32f4xx_hal_can.o(i.HAL_CAN_TxMailbox0AbortCallback)
    HAL_CAN_TxMailbox0CompleteCallback       0x08001717   Thumb Code     2  stm32f4xx_hal_can.o(i.HAL_CAN_TxMailbox0CompleteCallback)
    HAL_CAN_TxMailbox1AbortCallback          0x08001719   Thumb Code     2  stm32f4xx_hal_can.o(i.HAL_CAN_TxMailbox1AbortCallback)
    HAL_CAN_TxMailbox1CompleteCallback       0x0800171b   Thumb Code     2  stm32f4xx_hal_can.o(i.HAL_CAN_TxMailbox1CompleteCallback)
    HAL_CAN_TxMailbox2AbortCallback          0x0800171d   Thumb Code     2  stm32f4xx_hal_can.o(i.HAL_CAN_TxMailbox2AbortCallback)
    HAL_CAN_TxMailbox2CompleteCallback       0x0800171f   Thumb Code     2  stm32f4xx_hal_can.o(i.HAL_CAN_TxMailbox2CompleteCallback)
    HAL_CAN_WakeUpFromRxMsgCallback          0x08001721   Thumb Code     2  stm32f4xx_hal_can.o(i.HAL_CAN_WakeUpFromRxMsgCallback)
    HAL_DMA_Abort                            0x08001723   Thumb Code   146  stm32f4xx_hal_dma.o(i.HAL_DMA_Abort)
    HAL_DMA_Abort_IT                         0x080017b5   Thumb Code    36  stm32f4xx_hal_dma.o(i.HAL_DMA_Abort_IT)
    HAL_DMA_IRQHandler                       0x080017d9   Thumb Code   412  stm32f4xx_hal_dma.o(i.HAL_DMA_IRQHandler)
    HAL_DMA_Init                             0x08001979   Thumb Code   206  stm32f4xx_hal_dma.o(i.HAL_DMA_Init)
    HAL_DMA_Start_IT                         0x08001a4d   Thumb Code   110  stm32f4xx_hal_dma.o(i.HAL_DMA_Start_IT)
    HAL_Delay                                0x08001abd   Thumb Code    32  stm32f4xx_hal.o(i.HAL_Delay)
    HAL_GPIO_Init                            0x08001ae1   Thumb Code   510  stm32f4xx_hal_gpio.o(i.HAL_GPIO_Init)
    HAL_GPIO_WritePin                        0x08001d15   Thumb Code    10  stm32f4xx_hal_gpio.o(i.HAL_GPIO_WritePin)
    HAL_GetTick                              0x08001d21   Thumb Code     6  stm32f4xx_hal.o(i.HAL_GetTick)
    HAL_IncTick                              0x08001d2d   Thumb Code    12  stm32f4xx_hal.o(i.HAL_IncTick)
    HAL_Init                                 0x08001d3d   Thumb Code    48  stm32f4xx_hal.o(i.HAL_Init)
    HAL_InitTick                             0x08001d71   Thumb Code    54  stm32f4xx_hal.o(i.HAL_InitTick)
    HAL_MspInit                              0x08001db1   Thumb Code    42  stm32f4xx_hal_msp.o(i.HAL_MspInit)
    HAL_NVIC_EnableIRQ                       0x08001de1   Thumb Code    26  stm32f4xx_hal_cortex.o(i.HAL_NVIC_EnableIRQ)
    HAL_NVIC_SetPriority                     0x08001dfd   Thumb Code    60  stm32f4xx_hal_cortex.o(i.HAL_NVIC_SetPriority)
    HAL_NVIC_SetPriorityGrouping             0x08001e3d   Thumb Code    26  stm32f4xx_hal_cortex.o(i.HAL_NVIC_SetPriorityGrouping)
    HAL_PWREx_EnableOverDrive                0x08001e61   Thumb Code    98  stm32f4xx_hal_pwr_ex.o(i.HAL_PWREx_EnableOverDrive)
    HAL_RCC_ClockConfig                      0x08001ed1   Thumb Code   288  stm32f4xx_hal_rcc.o(i.HAL_RCC_ClockConfig)
    HAL_RCC_GetPCLK1Freq                     0x08002005   Thumb Code    20  stm32f4xx_hal_rcc.o(i.HAL_RCC_GetPCLK1Freq)
    HAL_RCC_GetPCLK2Freq                     0x08002025   Thumb Code    20  stm32f4xx_hal_rcc.o(i.HAL_RCC_GetPCLK2Freq)
    HAL_RCC_GetSysClockFreq                  0x08002045   Thumb Code    88  stm32f4xx_hal_rcc.o(i.HAL_RCC_GetSysClockFreq)
    HAL_RCC_OscConfig                        0x080020a9   Thumb Code   856  stm32f4xx_hal_rcc.o(i.HAL_RCC_OscConfig)
    HAL_SYSTICK_Config                       0x08002415   Thumb Code    40  stm32f4xx_hal_cortex.o(i.HAL_SYSTICK_Config)
    HAL_TIMEx_BreakCallback                  0x0800243d   Thumb Code     2  stm32f4xx_hal_tim_ex.o(i.HAL_TIMEx_BreakCallback)
    HAL_TIMEx_CommutCallback                 0x0800243f   Thumb Code     2  stm32f4xx_hal_tim_ex.o(i.HAL_TIMEx_CommutCallback)
    HAL_TIM_Base_Init                        0x08002441   Thumb Code    90  stm32f4xx_hal_tim.o(i.HAL_TIM_Base_Init)
    HAL_TIM_Base_MspInit                     0x0800249d   Thumb Code   122  tim.o(i.HAL_TIM_Base_MspInit)
    HAL_TIM_Base_Start_IT                    0x08002529   Thumb Code   100  stm32f4xx_hal_tim.o(i.HAL_TIM_Base_Start_IT)
    HAL_TIM_ConfigClockSource                0x080025a9   Thumb Code   220  stm32f4xx_hal_tim.o(i.HAL_TIM_ConfigClockSource)
    HAL_TIM_IC_CaptureCallback               0x08002685   Thumb Code     2  stm32f4xx_hal_tim.o(i.HAL_TIM_IC_CaptureCallback)
    HAL_TIM_IRQHandler                       0x08002687   Thumb Code   358  stm32f4xx_hal_tim.o(i.HAL_TIM_IRQHandler)
    HAL_TIM_OC_DelayElapsedCallback          0x080027ed   Thumb Code     2  stm32f4xx_hal_tim.o(i.HAL_TIM_OC_DelayElapsedCallback)
    HAL_TIM_PWM_PulseFinishedCallback        0x080027ef   Thumb Code     2  stm32f4xx_hal_tim.o(i.HAL_TIM_PWM_PulseFinishedCallback)
    HAL_TIM_PeriodElapsedCallback            0x080027f1   Thumb Code    52  callbacks.o(i.HAL_TIM_PeriodElapsedCallback)
    HAL_TIM_TriggerCallback                  0x08002839   Thumb Code     2  stm32f4xx_hal_tim.o(i.HAL_TIM_TriggerCallback)
    HAL_UARTEx_RxEventCallback               0x0800283d   Thumb Code     8  callbacks.o(i.HAL_UARTEx_RxEventCallback)
    HAL_UART_ErrorCallback                   0x08002849   Thumb Code     8  callbacks.o(i.HAL_UART_ErrorCallback)
    HAL_UART_IRQHandler                      0x08002855   Thumb Code   610  stm32f4xx_hal_uart.o(i.HAL_UART_IRQHandler)
    HAL_UART_Init                            0x08002abd   Thumb Code    98  stm32f4xx_hal_uart.o(i.HAL_UART_Init)
    HAL_UART_MspInit                         0x08002b21   Thumb Code   336  usart.o(i.HAL_UART_MspInit)
    HAL_UART_Receive_DMA                     0x08002c8d   Thumb Code    42  stm32f4xx_hal_uart.o(i.HAL_UART_Receive_DMA)
    HAL_UART_RxCpltCallback                  0x08002cb9   Thumb Code     8  callbacks.o(i.HAL_UART_RxCpltCallback)
    HAL_UART_RxHalfCpltCallback              0x08002cc5   Thumb Code     2  stm32f4xx_hal_uart.o(i.HAL_UART_RxHalfCpltCallback)
    HAL_UART_TxCpltCallback                  0x08002cc7   Thumb Code     2  stm32f4xx_hal_uart.o(i.HAL_UART_TxCpltCallback)
    HardFault_Handler                        0x08002cc9   Thumb Code     2  stm32f4xx_it.o(i.HardFault_Handler)
    MX_CAN1_Init                             0x08002ccd   Thumb Code    60  can.o(i.MX_CAN1_Init)
    MX_CAN2_Init                             0x08002d11   Thumb Code    60  can.o(i.MX_CAN2_Init)
    MX_DMA_Init                              0x08002d55   Thumb Code    72  dma.o(i.MX_DMA_Init)
    MX_GPIO_Init                             0x08002da1   Thumb Code   150  gpio.o(i.MX_GPIO_Init)
    MX_TIM12_Init                            0x08002e41   Thumb Code    68  tim.o(i.MX_TIM12_Init)
    MX_TIM13_Init                            0x08002e8d   Thumb Code    44  tim.o(i.MX_TIM13_Init)
    MX_TIM14_Init                            0x08002ec1   Thumb Code    46  tim.o(i.MX_TIM14_Init)
    MX_USART1_UART_Init                      0x08002ef9   Thumb Code    54  usart.o(i.MX_USART1_UART_Init)
    MX_USART6_UART_Init                      0x08002f3d   Thumb Code    48  usart.o(i.MX_USART6_UART_Init)
    MemManage_Handler                        0x08002f75   Thumb Code     2  stm32f4xx_it.o(i.MemManage_Handler)
    NMI_Handler                              0x08002f77   Thumb Code     2  stm32f4xx_it.o(i.NMI_Handler)
    PID_calc                                 0x08002f79   Thumb Code   292  pid.o(i.PID_calc)
    PID_clear                                0x080030a1   Thumb Code    58  pid.o(i.PID_clear)
    PID_init                                 0x080030e1   Thumb Code    88  pid.o(i.PID_init)
    PendSV_Handler                           0x0800313d   Thumb Code     2  stm32f4xx_it.o(i.PendSV_Handler)
    RC_ErrorCallback                         0x0800313f   Thumb Code    32  remote_control.o(i.RC_ErrorCallback)
    RC_EventCallback                         0x0800315f   Thumb Code    18  remote_control.o(i.RC_EventCallback)
    RC_LimitVal                              0x08003171   Thumb Code    18  remote_control.o(i.RC_LimitVal)
    RC_ReceiveCpltCallback                   0x08003183   Thumb Code    30  remote_control.o(i.RC_ReceiveCpltCallback)
    RC_Unpack                                0x080031a1   Thumb Code   174  remote_control.o(i.RC_Unpack)
    RemoteControlINIT                        0x0800324f   Thumb Code    14  remote_control.o(i.RemoteControlINIT)
    SVC_Handler                              0x0800325d   Thumb Code     2  stm32f4xx_it.o(i.SVC_Handler)
    SysTick_Handler                          0x0800325f   Thumb Code     4  stm32f4xx_it.o(i.SysTick_Handler)
    SystemClock_Config                       0x08003265   Thumb Code   150  main.o(i.SystemClock_Config)
    SystemInit                               0x08003305   Thumb Code    12  system_stm32f4xx.o(i.SystemInit)
    TIM8_BRK_TIM12_IRQHandler                0x08003315   Thumb Code     6  stm32f4xx_it.o(i.TIM8_BRK_TIM12_IRQHandler)
    TIM8_TRG_COM_TIM14_IRQHandler            0x08003321   Thumb Code     6  stm32f4xx_it.o(i.TIM8_TRG_COM_TIM14_IRQHandler)
    TIM8_UP_TIM13_IRQHandler                 0x0800332d   Thumb Code     6  stm32f4xx_it.o(i.TIM8_UP_TIM13_IRQHandler)
    TIM_Base_SetConfig                       0x08003339   Thumb Code   156  stm32f4xx_hal_tim.o(i.TIM_Base_SetConfig)
    TIM_ETR_SetConfig                        0x08003401   Thumb Code    20  stm32f4xx_hal_tim.o(i.TIM_ETR_SetConfig)
    UART_Start_Receive_DMA                   0x08003799   Thumb Code   134  stm32f4xx_hal_uart.o(i.UART_Start_Receive_DMA)
    USART1_IRQHandler                        0x0800382d   Thumb Code     6  stm32f4xx_it.o(i.USART1_IRQHandler)
    USART6_IRQHandler                        0x08003839   Thumb Code    16  stm32f4xx_it.o(i.USART6_IRQHandler)
    UsageFault_Handler                       0x0800384d   Thumb Code     2  stm32f4xx_it.o(i.UsageFault_Handler)
    __ARM_fpclassify                         0x0800384f   Thumb Code    48  fpclassify.o(i.__ARM_fpclassify)
    __hardfp_ceil                            0x080038a1   Thumb Code   252  ceil.o(i.__hardfp_ceil)
    __hardfp_cos                             0x080039b9   Thumb Code   180  cos.o(i.__hardfp_cos)
    __hardfp_sqrt                            0x08003a81   Thumb Code   122  sqrt.o(i.__hardfp_sqrt)
    __ieee754_rem_pio2                       0x08003b01   Thumb Code   938  rred.o(i.__ieee754_rem_pio2)
    __kernel_cos                             0x08003f39   Thumb Code   322  cos_i.o(i.__kernel_cos)
    __kernel_poly                            0x080040a9   Thumb Code   248  poly.o(i.__kernel_poly)
    __kernel_sin                             0x080041a1   Thumb Code   280  sin_i.o(i.__kernel_sin)
    __mathlib_dbl_infnan                     0x080042d1   Thumb Code    20  dunder.o(i.__mathlib_dbl_infnan)
    __mathlib_dbl_invalid                    0x080042e9   Thumb Code    24  dunder.o(i.__mathlib_dbl_invalid)
    __mathlib_dbl_underflow                  0x08004309   Thumb Code    24  dunder.o(i.__mathlib_dbl_underflow)
    __scatterload_copy                       0x08004329   Thumb Code    14  handlers.o(i.__scatterload_copy)
    __scatterload_null                       0x08004337   Thumb Code     2  handlers.o(i.__scatterload_null)
    __scatterload_zeroinit                   0x08004339   Thumb Code    14  handlers.o(i.__scatterload_zeroinit)
    __set_errno                              0x08004349   Thumb Code     6  errno.o(i.__set_errno)
    chasisFollowINIT                         0x08004355   Thumb Code    50  chassis.o(i.chasisFollowINIT)
    chassisChangeMode                        0x08004387   Thumb Code     6  chassis.o(i.chassisChangeMode)
    chassisFollowEnable                      0x0800438d   Thumb Code    34  chassis.o(i.chassisFollowEnable)
    chassisFollowRun                         0x080043b1   Thumb Code   114  chassis.o(i.chassisFollowRun)
    chassisINIT                              0x0800442d   Thumb Code    26  chassis.o(i.chassisINIT)
    chassisRun                               0x08004449   Thumb Code  1162  chassis.o(i.chassisRun)
    connectionFifoWrite                      0x080048d3   Thumb Code   172  mcuconnect.o(i.connectionFifoWrite)
    connectionINIT                           0x08004981   Thumb Code   136  mcuconnect.o(i.connectionINIT)
    connectionRcceiveData                    0x08004a11   Thumb Code   230  mcuconnect.o(i.connectionRcceiveData)
    connectionUnpackData                     0x08004afd   Thumb Code    80  mcuconnect.o(i.connectionUnpackData)
    fabs                                     0x08004b55   Thumb Code    24  fabs.o(i.fabs)
    fifo_s_get                               0x08004b6d   Thumb Code    44  fifo.o(i.fifo_s_get)
    fifo_s_init                              0x08004b99   Thumb Code    22  fifo.o(i.fifo_s_init)
    fifo_s_puts                              0x08004baf   Thumb Code   124  fifo.o(i.fifo_s_puts)
    fifo_s_used                              0x08004c2b   Thumb Code     4  fifo.o(i.fifo_s_used)
    floatTOint                               0x08004c2f   Thumb Code    20  tools.o(i.floatTOint)
    followResultSet                          0x08004c43   Thumb Code     6  chassis.o(i.followResultSet)
    get_CRC16_check_sum                      0x08004c49   Thumb Code    38  crc8_crc16.o(i.get_CRC16_check_sum)
    get_CRC8_check_sum                       0x08004c75   Thumb Code    24  crc8_crc16.o(i.get_CRC8_check_sum)
    init_referee_struct_data                 0x08004c91   Thumb Code   162  referee.o(i.init_referee_struct_data)
    main                                     0x08004d3d   Thumb Code   566  main.o(i.main)
    pidINIT                                  0x08004fb9   Thumb Code    30  pid.o(i.pidINIT)
    powerlimit_pro                           0x08004fd9   Thumb Code   470  addons.o(i.powerlimit_pro)
    refereeINIT                              0x080051f1   Thumb Code    56  referee.o(i.refereeINIT)
    refereeReceiveHandler                    0x0800523d   Thumb Code   126  referee.o(i.refereeReceiveHandler)
    referee_data_solve                       0x080052d1   Thumb Code   378  referee.o(i.referee_data_solve)
    referee_unpack_fifo_data                 0x08005455   Thumb Code   250  referee.o(i.referee_unpack_fifo_data)
    referee_usart_init                       0x08005559   Thumb Code   168  referee.o(i.referee_usart_init)
    verify_CRC16_check_sum                   0x0800560d   Thumb Code    54  crc8_crc16.o(i.verify_CRC16_check_sum)
    verify_CRC8_check_sum                    0x08005649   Thumb Code    38  crc8_crc16.o(i.verify_CRC8_check_sum)
    AHBPrescTable                            0x08005676   Data          16  system_stm32f4xx.o(.constdata)
    APBPrescTable                            0x08005686   Data           8  system_stm32f4xx.o(.constdata)
    CRC8_table                               0x0800568e   Data         256  crc8_crc16.o(.constdata)
    wCRC_table                               0x0800578e   Data         512  crc8_crc16.o(.constdata)
    Region$$Table$$Base                      0x08005ab0   Number         0  anon$$obj.o(Region$$Table)
    Region$$Table$$Limit                     0x08005ad0   Number         0  anon$$obj.o(Region$$Table)
    uwTickFreq                               0x20000004   Data           1  stm32f4xx_hal.o(.data)
    uwTickPrio                               0x20000008   Data           4  stm32f4xx_hal.o(.data)
    uwTick                                   0x2000000c   Data           4  stm32f4xx_hal.o(.data)
    SystemCoreClock                          0x20000010   Data           4  system_stm32f4xx.o(.data)
    CRC16_INIT                               0x2000002c   Data           2  crc8_crc16.o(.data)
    game_result                              0x2000002e   Data           1  referee.o(.data)
    dart_remaining_time                      0x2000002f   Data           1  referee.o(.data)
    robot_buff                               0x20000030   Data           1  referee.o(.data)
    air_support_data                         0x20000031   Data           1  referee.o(.data)
    hurt_data                                0x20000032   Data           1  referee.o(.data)
    referee_warning                          0x20000036   Data           2  referee.o(.data)
    supply_projectile_action                 0x20000038   Data           4  referee.o(.data)
    rfid_status                              0x2000003c   Data           4  referee.o(.data)
    referee_receive_header                   0x20000040   Data           5  referee.o(.data)
    referee_send_header                      0x20000045   Data           5  referee.o(.data)
    event_data                               0x2000004a   Data           5  referee.o(.data)
    projectile_allowance                     0x2000004f   Data           6  referee.o(.data)
    dart_client_cmd                          0x20000055   Data           6  referee.o(.data)
    radar_mark_data                          0x2000005b   Data           6  referee.o(.data)
    shoot_data                               0x20000061   Data           7  referee.o(.data)
    M3508_Speed_PID                          0x20000070   Data          20  pid.o(.data)
    Chassis_Speed_PID                        0x20000084   Data          20  pid.o(.data)
    Chassis_Angle_PID                        0x20000098   Data          20  pid.o(.data)
    group1                                   0x200000b0   Data         192  main.o(.bss)
    motor1                                   0x20000170   Data         228  main.o(.bss)
    motor2                                   0x20000254   Data         228  main.o(.bss)
    motor3                                   0x20000338   Data         228  main.o(.bss)
    motor4                                   0x2000041c   Data         228  main.o(.bss)
    group2                                   0x20000500   Data         192  main.o(.bss)
    motorYaw                                 0x200005c0   Data         228  main.o(.bss)
    chassis1                                 0x200006a4   Data         188  main.o(.bss)
    connect                                  0x20000760   Data         860  main.o(.bss)
    rc_ctrl                                  0x20000abc   Data          44  main.o(.bss)
    hcan1                                    0x20000ae8   Data          40  can.o(.bss)
    hcan2                                    0x20000b10   Data          40  can.o(.bss)
    htim12                                   0x20000b38   Data          72  tim.o(.bss)
    htim13                                   0x20000b80   Data          72  tim.o(.bss)
    htim14                                   0x20000bc8   Data          72  tim.o(.bss)
    huart1                                   0x20000c10   Data          68  usart.o(.bss)
    huart6                                   0x20000c54   Data          68  usart.o(.bss)
    hdma_usart1_rx                           0x20000c98   Data          96  usart.o(.bss)
    hdma_usart6_rx                           0x20000cf8   Data          96  usart.o(.bss)
    hdma_usart6_tx                           0x20000d58   Data          96  usart.o(.bss)
    usart_buf                                0x20000e00   Data        1024  referee.o(.bss)
    referee_fifo                             0x20001200   Data          24  referee.o(.bss)
    referee_fifo_buf                         0x20001218   Data        1024  referee.o(.bss)
    referee_unpack_obj                       0x20001618   Data         137  referee.o(.bss)
    game_state                               0x200016a1   Data          11  referee.o(.bss)
    game_robot_HP                            0x200016ac   Data          32  referee.o(.bss)
    robot_state                              0x200016cc   Data          27  referee.o(.bss)
    power_heat_data                          0x200016e7   Data          16  referee.o(.bss)
    game_robot_pos                           0x200016f7   Data          16  referee.o(.bss)
    ground_robot_position                    0x20001707   Data          40  referee.o(.bss)
    robot_interaction_data                   0x2000172f   Data          26  referee.o(.bss)
    referee_remote_control                   0x20001749   Data          12  referee.o(.bss)
    ChassisData                              0x20001758   Data          16  mcuconnect.o(.bss)
    __initial_sp                             0x20001b68   Data           0  startup_stm32f427xx.o(STACK)



==============================================================================

Memory Map of the image

  Image Entry point : 0x080001ad

  Load Region LR_IROM1 (Base: 0x08000000, Size: 0x00005b80, Max: 0x00200000, ABSOLUTE)

    Execution Region ER_IROM1 (Exec base: 0x08000000, Load base: 0x08000000, Size: 0x00005ad0, Max: 0x00200000, ABSOLUTE)

    Exec Addr    Load Addr    Size         Type   Attr      Idx    E Section Name        Object

    0x08000000   0x08000000   0x000001ac   Data   RO            3    RESET               startup_stm32f427xx.o
    0x080001ac   0x080001ac   0x00000000   Code   RO         4517  * .ARM.Collect$$$$00000000  mc_w.l(entry.o)
    0x080001ac   0x080001ac   0x00000004   Code   RO         4596    .ARM.Collect$$$$00000001  mc_w.l(entry2.o)
    0x080001b0   0x080001b0   0x00000004   Code   RO         4599    .ARM.Collect$$$$00000004  mc_w.l(entry5.o)
    0x080001b4   0x080001b4   0x00000000   Code   RO         4601    .ARM.Collect$$$$00000008  mc_w.l(entry7b.o)
    0x080001b4   0x080001b4   0x00000000   Code   RO         4603    .ARM.Collect$$$$0000000A  mc_w.l(entry8b.o)
    0x080001b4   0x080001b4   0x00000008   Code   RO         4604    .ARM.Collect$$$$0000000B  mc_w.l(entry9a.o)
    0x080001bc   0x080001bc   0x00000004   Code   RO         4611    .ARM.Collect$$$$0000000E  mc_w.l(entry12b.o)
    0x080001c0   0x080001c0   0x00000000   Code   RO         4606    .ARM.Collect$$$$0000000F  mc_w.l(entry10a.o)
    0x080001c0   0x080001c0   0x00000000   Code   RO         4608    .ARM.Collect$$$$00000011  mc_w.l(entry11a.o)
    0x080001c0   0x080001c0   0x00000004   Code   RO         4597    .ARM.Collect$$$$00002712  mc_w.l(entry2.o)
    0x080001c4   0x080001c4   0x00000024   Code   RO            4    .text               startup_stm32f427xx.o
    0x080001e8   0x080001e8   0x00000062   Code   RO         4520    .text               mc_w.l(uldiv.o)
    0x0800024a   0x0800024a   0x00000024   Code   RO         4522    .text               mc_w.l(memcpya.o)
    0x0800026e   0x0800026e   0x00000024   Code   RO         4524    .text               mc_w.l(memseta.o)
    0x08000292   0x08000292   0x0000014e   Code   RO         4556    .text               mf_w.l(dadd.o)
    0x080003e0   0x080003e0   0x000000e4   Code   RO         4558    .text               mf_w.l(dmul.o)
    0x080004c4   0x080004c4   0x000000de   Code   RO         4560    .text               mf_w.l(ddiv.o)
    0x080005a2   0x080005a2   0x00000032   Code   RO         4562    .text               mf_w.l(dfixui.o)
    0x080005d4   0x080005d4   0x00000026   Code   RO         4564    .text               mf_w.l(f2d.o)
    0x080005fa   0x080005fa   0x00000038   Code   RO         4566    .text               mf_w.l(d2f.o)
    0x08000632   0x08000632   0x0000001e   Code   RO         4612    .text               mc_w.l(llshl.o)
    0x08000650   0x08000650   0x00000020   Code   RO         4614    .text               mc_w.l(llushr.o)
    0x08000670   0x08000670   0x00000024   Code   RO         4616    .text               mc_w.l(llsshr.o)
    0x08000694   0x08000694   0x00000000   Code   RO         4627    .text               mc_w.l(iusefp.o)
    0x08000694   0x08000694   0x0000006e   Code   RO         4628    .text               mf_w.l(fepilogue.o)
    0x08000702   0x08000702   0x000000ba   Code   RO         4630    .text               mf_w.l(depilogue.o)
    0x080007bc   0x080007bc   0x000000a2   Code   RO         4634    .text               mf_w.l(dsqrt.o)
    0x0800085e   0x0800085e   0x00000002   PAD
    0x08000860   0x08000860   0x00000030   Code   RO         4638    .text               mf_w.l(cdrcmple.o)
    0x08000890   0x08000890   0x00000024   Code   RO         4650    .text               mc_w.l(init.o)
    0x080008b4   0x080008b4   0x00000022   Code   RO         4652    .text               mf_w.l(dflti.o)
    0x080008d6   0x080008d6   0x0000001a   Code   RO         4654    .text               mf_w.l(dfltui.o)
    0x080008f0   0x080008f0   0x0000003e   Code   RO         4656    .text               mf_w.l(dfixi.o)
    0x0800092e   0x0800092e   0x00000002   Code   RO          510    i.BusFault_Handler  stm32f4xx_it.o
    0x08000930   0x08000930   0x0000000c   Code   RO          511    i.CAN1_RX0_IRQHandler  stm32f4xx_it.o
    0x0800093c   0x0800093c   0x0000000c   Code   RO          512    i.CAN1_RX1_IRQHandler  stm32f4xx_it.o
    0x08000948   0x08000948   0x0000000c   Code   RO          513    i.CAN1_TX_IRQHandler  stm32f4xx_it.o
    0x08000954   0x08000954   0x0000000c   Code   RO          514    i.CAN2_RX0_IRQHandler  stm32f4xx_it.o
    0x08000960   0x08000960   0x0000000c   Code   RO          515    i.CAN2_RX1_IRQHandler  stm32f4xx_it.o
    0x0800096c   0x0800096c   0x0000000c   Code   RO          516    i.CAN2_TX_IRQHandler  stm32f4xx_it.o
    0x08000978   0x08000978   0x0000000a   Code   RO         3609    i.DJI_MotorCalculateResultSet  dji_motor.o
    0x08000982   0x08000982   0x00000058   Code   RO         3610    i.DJI_MotorClassifyMotorData  dji_motor.o
    0x080009da   0x080009da   0x00000006   Code   RO         3611    i.DJI_MotorDisable  dji_motor.o
    0x080009e0   0x080009e0   0x0000001e   Code   RO         3612    i.DJI_MotorEnable   dji_motor.o
    0x080009fe   0x080009fe   0x00000014   Code   RO         3613    i.DJI_MotorGetSoftEcd  dji_motor.o
    0x08000a12   0x08000a12   0x00000002   PAD
    0x08000a14   0x08000a14   0x00000140   Code   RO         3614    i.DJI_MotorGroupInit  dji_motor.o
    0x08000b54   0x08000b54   0x00000024   Code   RO         3615    i.DJI_MotorInit     dji_motor.o
    0x08000b78   0x08000b78   0x00000014   Code   RO         3616    i.DJI_MotorListAdd  dji_motor.o
    0x08000b8c   0x08000b8c   0x0000007c   Code   RO         3617    i.DJI_MotorListClassicify  dji_motor.o
    0x08000c08   0x08000c08   0x000000d4   Code   RO         3618    i.DJI_MotorPidRUN   dji_motor.o
    0x08000cdc   0x08000cdc   0x0000004a   Code   RO         3619    i.DJI_MotorPidSet   dji_motor.o
    0x08000d26   0x08000d26   0x00000006   Code   RO         3620    i.DJI_MotorPostProcessHandlerSet  dji_motor.o
    0x08000d2c   0x08000d2c   0x00000036   Code   RO         3622    i.DJI_MotorReceiveMotordat  dji_motor.o
    0x08000d62   0x08000d62   0x00000090   Code   RO         3623    i.DJI_MotorSendData  dji_motor.o
    0x08000df2   0x08000df2   0x0000000e   Code   RO         3624    i.DJI_MotorSetTarget  dji_motor.o
    0x08000e00   0x08000e00   0x0000004a   Code   RO         3625    i.DJI_MotorUpdateTXD  dji_motor.o
    0x08000e4a   0x08000e4a   0x00000002   PAD
    0x08000e4c   0x08000e4c   0x0000000c   Code   RO          517    i.DMA2_Stream1_IRQHandler  stm32f4xx_it.o
    0x08000e58   0x08000e58   0x0000000c   Code   RO          518    i.DMA2_Stream2_IRQHandler  stm32f4xx_it.o
    0x08000e64   0x08000e64   0x0000000c   Code   RO          519    i.DMA2_Stream6_IRQHandler  stm32f4xx_it.o
    0x08000e70   0x08000e70   0x00000028   Code   RO         1472    i.DMA_CalcBaseAndBitshift  stm32f4xx_hal_dma.o
    0x08000e98   0x08000e98   0x00000054   Code   RO         1473    i.DMA_CheckFifoParam  stm32f4xx_hal_dma.o
    0x08000eec   0x08000eec   0x00000028   Code   RO         1474    i.DMA_SetConfig     stm32f4xx_hal_dma.o
    0x08000f14   0x08000f14   0x00000002   Code   RO          520    i.DebugMon_Handler  stm32f4xx_it.o
    0x08000f16   0x08000f16   0x00000004   Code   RO           13    i.Error_Handler     main.o
    0x08000f1a   0x08000f1a   0x00000024   Code   RO          728    i.HAL_CAN_ActivateNotification  stm32f4xx_hal_can.o
    0x08000f3e   0x08000f3e   0x000000dc   Code   RO          729    i.HAL_CAN_AddTxMessage  stm32f4xx_hal_can.o
    0x0800101a   0x0800101a   0x00000002   PAD
    0x0800101c   0x0800101c   0x0000010c   Code   RO          730    i.HAL_CAN_ConfigFilter  stm32f4xx_hal_can.o
    0x08001128   0x08001128   0x00000002   Code   RO          733    i.HAL_CAN_ErrorCallback  stm32f4xx_hal_can.o
    0x0800112a   0x0800112a   0x000000e8   Code   RO          736    i.HAL_CAN_GetRxMessage  stm32f4xx_hal_can.o
    0x08001212   0x08001212   0x000001fc   Code   RO          740    i.HAL_CAN_IRQHandler  stm32f4xx_hal_can.o
    0x0800140e   0x0800140e   0x0000011a   Code   RO          741    i.HAL_CAN_Init      stm32f4xx_hal_can.o
    0x08001528   0x08001528   0x0000013c   Code   RO          333    i.HAL_CAN_MspInit   can.o
    0x08001664   0x08001664   0x00000002   Code   RO          748    i.HAL_CAN_RxFifo0FullCallback  stm32f4xx_hal_can.o
    0x08001666   0x08001666   0x00000002   PAD
    0x08001668   0x08001668   0x00000034   Code   RO         4291    i.HAL_CAN_RxFifo0MsgPendingCallback  callbacks.o
    0x0800169c   0x0800169c   0x00000002   Code   RO          750    i.HAL_CAN_RxFifo1FullCallback  stm32f4xx_hal_can.o
    0x0800169e   0x0800169e   0x00000002   PAD
    0x080016a0   0x080016a0   0x00000018   Code   RO         4292    i.HAL_CAN_RxFifo1MsgPendingCallback  callbacks.o
    0x080016b8   0x080016b8   0x00000002   Code   RO          752    i.HAL_CAN_SleepCallback  stm32f4xx_hal_can.o
    0x080016ba   0x080016ba   0x00000002   PAD
    0x080016bc   0x080016bc   0x00000058   Code   RO          753    i.HAL_CAN_Start     stm32f4xx_hal_can.o
    0x08001714   0x08001714   0x00000002   Code   RO          755    i.HAL_CAN_TxMailbox0AbortCallback  stm32f4xx_hal_can.o
    0x08001716   0x08001716   0x00000002   Code   RO          756    i.HAL_CAN_TxMailbox0CompleteCallback  stm32f4xx_hal_can.o
    0x08001718   0x08001718   0x00000002   Code   RO          757    i.HAL_CAN_TxMailbox1AbortCallback  stm32f4xx_hal_can.o
    0x0800171a   0x0800171a   0x00000002   Code   RO          758    i.HAL_CAN_TxMailbox1CompleteCallback  stm32f4xx_hal_can.o
    0x0800171c   0x0800171c   0x00000002   Code   RO          759    i.HAL_CAN_TxMailbox2AbortCallback  stm32f4xx_hal_can.o
    0x0800171e   0x0800171e   0x00000002   Code   RO          760    i.HAL_CAN_TxMailbox2CompleteCallback  stm32f4xx_hal_can.o
    0x08001720   0x08001720   0x00000002   Code   RO          762    i.HAL_CAN_WakeUpFromRxMsgCallback  stm32f4xx_hal_can.o
    0x08001722   0x08001722   0x00000092   Code   RO         1475    i.HAL_DMA_Abort     stm32f4xx_hal_dma.o
    0x080017b4   0x080017b4   0x00000024   Code   RO         1476    i.HAL_DMA_Abort_IT  stm32f4xx_hal_dma.o
    0x080017d8   0x080017d8   0x000001a0   Code   RO         1480    i.HAL_DMA_IRQHandler  stm32f4xx_hal_dma.o
    0x08001978   0x08001978   0x000000d4   Code   RO         1481    i.HAL_DMA_Init      stm32f4xx_hal_dma.o
    0x08001a4c   0x08001a4c   0x0000006e   Code   RO         1485    i.HAL_DMA_Start_IT  stm32f4xx_hal_dma.o
    0x08001aba   0x08001aba   0x00000002   PAD
    0x08001abc   0x08001abc   0x00000024   Code   RO         1912    i.HAL_Delay         stm32f4xx_hal.o
    0x08001ae0   0x08001ae0   0x00000234   Code   RO         1368    i.HAL_GPIO_Init     stm32f4xx_hal_gpio.o
    0x08001d14   0x08001d14   0x0000000a   Code   RO         1372    i.HAL_GPIO_WritePin  stm32f4xx_hal_gpio.o
    0x08001d1e   0x08001d1e   0x00000002   PAD
    0x08001d20   0x08001d20   0x0000000c   Code   RO         1920    i.HAL_GetTick       stm32f4xx_hal.o
    0x08001d2c   0x08001d2c   0x00000010   Code   RO         1926    i.HAL_IncTick       stm32f4xx_hal.o
    0x08001d3c   0x08001d3c   0x00000034   Code   RO         1927    i.HAL_Init          stm32f4xx_hal.o
    0x08001d70   0x08001d70   0x00000040   Code   RO         1928    i.HAL_InitTick      stm32f4xx_hal.o
    0x08001db0   0x08001db0   0x00000030   Code   RO          703    i.HAL_MspInit       stm32f4xx_hal_msp.o
    0x08001de0   0x08001de0   0x0000001a   Code   RO         1775    i.HAL_NVIC_EnableIRQ  stm32f4xx_hal_cortex.o
    0x08001dfa   0x08001dfa   0x00000002   PAD
    0x08001dfc   0x08001dfc   0x00000040   Code   RO         1781    i.HAL_NVIC_SetPriority  stm32f4xx_hal_cortex.o
    0x08001e3c   0x08001e3c   0x00000024   Code   RO         1782    i.HAL_NVIC_SetPriorityGrouping  stm32f4xx_hal_cortex.o
    0x08001e60   0x08001e60   0x00000070   Code   RO         1704    i.HAL_PWREx_EnableOverDrive  stm32f4xx_hal_pwr_ex.o
    0x08001ed0   0x08001ed0   0x00000134   Code   RO          962    i.HAL_RCC_ClockConfig  stm32f4xx_hal_rcc.o
    0x08002004   0x08002004   0x00000020   Code   RO          969    i.HAL_RCC_GetPCLK1Freq  stm32f4xx_hal_rcc.o
    0x08002024   0x08002024   0x00000020   Code   RO          970    i.HAL_RCC_GetPCLK2Freq  stm32f4xx_hal_rcc.o
    0x08002044   0x08002044   0x00000064   Code   RO          971    i.HAL_RCC_GetSysClockFreq  stm32f4xx_hal_rcc.o
    0x080020a8   0x080020a8   0x0000036c   Code   RO          974    i.HAL_RCC_OscConfig  stm32f4xx_hal_rcc.o
    0x08002414   0x08002414   0x00000028   Code   RO         1786    i.HAL_SYSTICK_Config  stm32f4xx_hal_cortex.o
    0x0800243c   0x0800243c   0x00000002   Code   RO         2881    i.HAL_TIMEx_BreakCallback  stm32f4xx_hal_tim_ex.o
    0x0800243e   0x0800243e   0x00000002   Code   RO         2882    i.HAL_TIMEx_CommutCallback  stm32f4xx_hal_tim_ex.o
    0x08002440   0x08002440   0x0000005a   Code   RO         2177    i.HAL_TIM_Base_Init  stm32f4xx_hal_tim.o
    0x0800249a   0x0800249a   0x00000002   PAD
    0x0800249c   0x0800249c   0x0000008c   Code   RO          409    i.HAL_TIM_Base_MspInit  tim.o
    0x08002528   0x08002528   0x00000080   Code   RO         2182    i.HAL_TIM_Base_Start_IT  stm32f4xx_hal_tim.o
    0x080025a8   0x080025a8   0x000000dc   Code   RO         2186    i.HAL_TIM_ConfigClockSource  stm32f4xx_hal_tim.o
    0x08002684   0x08002684   0x00000002   Code   RO         2211    i.HAL_TIM_IC_CaptureCallback  stm32f4xx_hal_tim.o
    0x08002686   0x08002686   0x00000166   Code   RO         2225    i.HAL_TIM_IRQHandler  stm32f4xx_hal_tim.o
    0x080027ec   0x080027ec   0x00000002   Code   RO         2228    i.HAL_TIM_OC_DelayElapsedCallback  stm32f4xx_hal_tim.o
    0x080027ee   0x080027ee   0x00000002   Code   RO         2255    i.HAL_TIM_PWM_PulseFinishedCallback  stm32f4xx_hal_tim.o
    0x080027f0   0x080027f0   0x00000048   Code   RO         4293    i.HAL_TIM_PeriodElapsedCallback  callbacks.o
    0x08002838   0x08002838   0x00000002   Code   RO         2268    i.HAL_TIM_TriggerCallback  stm32f4xx_hal_tim.o
    0x0800283a   0x0800283a   0x00000002   PAD
    0x0800283c   0x0800283c   0x0000000c   Code   RO         4294    i.HAL_UARTEx_RxEventCallback  callbacks.o
    0x08002848   0x08002848   0x0000000c   Code   RO         4295    i.HAL_UART_ErrorCallback  callbacks.o
    0x08002854   0x08002854   0x00000268   Code   RO         3176    i.HAL_UART_IRQHandler  stm32f4xx_hal_uart.o
    0x08002abc   0x08002abc   0x00000062   Code   RO         3177    i.HAL_UART_Init     stm32f4xx_hal_uart.o
    0x08002b1e   0x08002b1e   0x00000002   PAD
    0x08002b20   0x08002b20   0x0000016c   Code   RO          463    i.HAL_UART_MspInit  usart.o
    0x08002c8c   0x08002c8c   0x0000002a   Code   RO         3181    i.HAL_UART_Receive_DMA  stm32f4xx_hal_uart.o
    0x08002cb6   0x08002cb6   0x00000002   PAD
    0x08002cb8   0x08002cb8   0x0000000c   Code   RO         4296    i.HAL_UART_RxCpltCallback  callbacks.o
    0x08002cc4   0x08002cc4   0x00000002   Code   RO         3184    i.HAL_UART_RxHalfCpltCallback  stm32f4xx_hal_uart.o
    0x08002cc6   0x08002cc6   0x00000002   Code   RO         3188    i.HAL_UART_TxCpltCallback  stm32f4xx_hal_uart.o
    0x08002cc8   0x08002cc8   0x00000002   Code   RO          521    i.HardFault_Handler  stm32f4xx_it.o
    0x08002cca   0x08002cca   0x00000002   PAD
    0x08002ccc   0x08002ccc   0x00000044   Code   RO          334    i.MX_CAN1_Init      can.o
    0x08002d10   0x08002d10   0x00000044   Code   RO          335    i.MX_CAN2_Init      can.o
    0x08002d54   0x08002d54   0x0000004c   Code   RO          381    i.MX_DMA_Init       dma.o
    0x08002da0   0x08002da0   0x000000a0   Code   RO          212    i.MX_GPIO_Init      gpio.o
    0x08002e40   0x08002e40   0x0000004c   Code   RO          410    i.MX_TIM12_Init     tim.o
    0x08002e8c   0x08002e8c   0x00000034   Code   RO          411    i.MX_TIM13_Init     tim.o
    0x08002ec0   0x08002ec0   0x00000038   Code   RO          412    i.MX_TIM14_Init     tim.o
    0x08002ef8   0x08002ef8   0x00000044   Code   RO          464    i.MX_USART1_UART_Init  usart.o
    0x08002f3c   0x08002f3c   0x00000038   Code   RO          465    i.MX_USART6_UART_Init  usart.o
    0x08002f74   0x08002f74   0x00000002   Code   RO          522    i.MemManage_Handler  stm32f4xx_it.o
    0x08002f76   0x08002f76   0x00000002   Code   RO          523    i.NMI_Handler       stm32f4xx_it.o
    0x08002f78   0x08002f78   0x00000128   Code   RO         4374    i.PID_calc          pid.o
    0x080030a0   0x080030a0   0x00000040   Code   RO         4375    i.PID_clear         pid.o
    0x080030e0   0x080030e0   0x0000005c   Code   RO         4376    i.PID_init          pid.o
    0x0800313c   0x0800313c   0x00000002   Code   RO          524    i.PendSV_Handler    stm32f4xx_it.o
    0x0800313e   0x0800313e   0x00000020   Code   RO         4170    i.RC_ErrorCallback  remote_control.o
    0x0800315e   0x0800315e   0x00000012   Code   RO         4171    i.RC_EventCallback  remote_control.o
    0x08003170   0x08003170   0x00000012   Code   RO         4172    i.RC_LimitVal       remote_control.o
    0x08003182   0x08003182   0x0000001e   Code   RO         4173    i.RC_ReceiveCpltCallback  remote_control.o
    0x080031a0   0x080031a0   0x000000ae   Code   RO         4174    i.RC_Unpack         remote_control.o
    0x0800324e   0x0800324e   0x0000000e   Code   RO         4175    i.RemoteControlINIT  remote_control.o
    0x0800325c   0x0800325c   0x00000002   Code   RO          525    i.SVC_Handler       stm32f4xx_it.o
    0x0800325e   0x0800325e   0x00000004   Code   RO          526    i.SysTick_Handler   stm32f4xx_it.o
    0x08003262   0x08003262   0x00000002   PAD
    0x08003264   0x08003264   0x000000a0   Code   RO           14    i.SystemClock_Config  main.o
    0x08003304   0x08003304   0x00000010   Code   RO         3506    i.SystemInit        system_stm32f4xx.o
    0x08003314   0x08003314   0x0000000c   Code   RO          527    i.TIM8_BRK_TIM12_IRQHandler  stm32f4xx_it.o
    0x08003320   0x08003320   0x0000000c   Code   RO          528    i.TIM8_TRG_COM_TIM14_IRQHandler  stm32f4xx_it.o
    0x0800332c   0x0800332c   0x0000000c   Code   RO          529    i.TIM8_UP_TIM13_IRQHandler  stm32f4xx_it.o
    0x08003338   0x08003338   0x000000c8   Code   RO         2270    i.TIM_Base_SetConfig  stm32f4xx_hal_tim.o
    0x08003400   0x08003400   0x00000014   Code   RO         2281    i.TIM_ETR_SetConfig  stm32f4xx_hal_tim.o
    0x08003414   0x08003414   0x00000010   Code   RO         2282    i.TIM_ITRx_SetConfig  stm32f4xx_hal_tim.o
    0x08003424   0x08003424   0x00000022   Code   RO         2288    i.TIM_TI1_ConfigInputStage  stm32f4xx_hal_tim.o
    0x08003446   0x08003446   0x00000024   Code   RO         2290    i.TIM_TI2_ConfigInputStage  stm32f4xx_hal_tim.o
    0x0800346a   0x0800346a   0x00000010   Code   RO         3190    i.UART_DMAAbortOnError  stm32f4xx_hal_uart.o
    0x0800347a   0x0800347a   0x0000004a   Code   RO         3191    i.UART_DMAError     stm32f4xx_hal_uart.o
    0x080034c4   0x080034c4   0x00000082   Code   RO         3192    i.UART_DMAReceiveCplt  stm32f4xx_hal_uart.o
    0x08003546   0x08003546   0x0000001a   Code   RO         3194    i.UART_DMARxHalfCplt  stm32f4xx_hal_uart.o
    0x08003560   0x08003560   0x0000004e   Code   RO         3200    i.UART_EndRxTransfer  stm32f4xx_hal_uart.o
    0x080035ae   0x080035ae   0x0000001c   Code   RO         3201    i.UART_EndTxTransfer  stm32f4xx_hal_uart.o
    0x080035ca   0x080035ca   0x000000c0   Code   RO         3202    i.UART_Receive_IT   stm32f4xx_hal_uart.o
    0x0800368a   0x0800368a   0x00000002   PAD
    0x0800368c   0x0800368c   0x0000010c   Code   RO         3203    i.UART_SetConfig    stm32f4xx_hal_uart.o
    0x08003798   0x08003798   0x00000094   Code   RO         3204    i.UART_Start_Receive_DMA  stm32f4xx_hal_uart.o
    0x0800382c   0x0800382c   0x0000000c   Code   RO          530    i.USART1_IRQHandler  stm32f4xx_it.o
    0x08003838   0x08003838   0x00000014   Code   RO          531    i.USART6_IRQHandler  stm32f4xx_it.o
    0x0800384c   0x0800384c   0x00000002   Code   RO          532    i.UsageFault_Handler  stm32f4xx_it.o
    0x0800384e   0x0800384e   0x00000030   Code   RO         4646    i.__ARM_fpclassify  m_wm.l(fpclassify.o)
    0x0800387e   0x0800387e   0x00000020   Code   RO         1788    i.__NVIC_SetPriority  stm32f4xx_hal_cortex.o
    0x0800389e   0x0800389e   0x00000002   PAD
    0x080038a0   0x080038a0   0x00000118   Code   RO         4487    i.__hardfp_ceil     m_wm.l(ceil.o)
    0x080039b8   0x080039b8   0x000000c8   Code   RO         4493    i.__hardfp_cos      m_wm.l(cos.o)
    0x08003a80   0x08003a80   0x0000007a   Code   RO         4505    i.__hardfp_sqrt     m_wm.l(sqrt.o)
    0x08003afa   0x08003afa   0x00000006   PAD
    0x08003b00   0x08003b00   0x00000438   Code   RO         4585    i.__ieee754_rem_pio2  m_wm.l(rred.o)
    0x08003f38   0x08003f38   0x00000170   Code   RO         4568    i.__kernel_cos      m_wm.l(cos_i.o)
    0x080040a8   0x080040a8   0x000000f8   Code   RO         4648    i.__kernel_poly     m_wm.l(poly.o)
    0x080041a0   0x080041a0   0x00000130   Code   RO         4590    i.__kernel_sin      m_wm.l(sin_i.o)
    0x080042d0   0x080042d0   0x00000014   Code   RO         4572    i.__mathlib_dbl_infnan  m_wm.l(dunder.o)
    0x080042e4   0x080042e4   0x00000004   PAD
    0x080042e8   0x080042e8   0x00000020   Code   RO         4574    i.__mathlib_dbl_invalid  m_wm.l(dunder.o)
    0x08004308   0x08004308   0x00000020   Code   RO         4577    i.__mathlib_dbl_underflow  m_wm.l(dunder.o)
    0x08004328   0x08004328   0x0000000e   Code   RO         4660    i.__scatterload_copy  mc_w.l(handlers.o)
    0x08004336   0x08004336   0x00000002   Code   RO         4661    i.__scatterload_null  mc_w.l(handlers.o)
    0x08004338   0x08004338   0x0000000e   Code   RO         4662    i.__scatterload_zeroinit  mc_w.l(handlers.o)
    0x08004346   0x08004346   0x00000002   PAD
    0x08004348   0x08004348   0x0000000c   Code   RO         4622    i.__set_errno       mc_w.l(errno.o)
    0x08004354   0x08004354   0x00000032   Code   RO         3736    i.chasisFollowINIT  chassis.o
    0x08004386   0x08004386   0x00000006   Code   RO         3737    i.chassisChangeMode  chassis.o
    0x0800438c   0x0800438c   0x00000022   Code   RO         3739    i.chassisFollowEnable  chassis.o
    0x080043ae   0x080043ae   0x00000002   PAD
    0x080043b0   0x080043b0   0x0000007c   Code   RO         3740    i.chassisFollowRun  chassis.o
    0x0800442c   0x0800442c   0x0000001a   Code   RO         3741    i.chassisINIT       chassis.o
    0x08004446   0x08004446   0x00000002   PAD
    0x08004448   0x08004448   0x0000048a   Code   RO         3742    i.chassisRun        chassis.o
    0x080048d2   0x080048d2   0x000000ac   Code   RO         4228    i.connectionFifoWrite  mcuconnect.o
    0x0800497e   0x0800497e   0x00000002   PAD
    0x08004980   0x08004980   0x00000090   Code   RO         4229    i.connectionINIT    mcuconnect.o
    0x08004a10   0x08004a10   0x000000ec   Code   RO         4230    i.connectionRcceiveData  mcuconnect.o
    0x08004afc   0x08004afc   0x00000058   Code   RO         4232    i.connectionUnpackData  mcuconnect.o
    0x08004b54   0x08004b54   0x00000018   Code   RO         4642    i.fabs              m_wm.l(fabs.o)
    0x08004b6c   0x08004b6c   0x0000002c   Code   RO         3886    i.fifo_s_get        fifo.o
    0x08004b98   0x08004b98   0x00000016   Code   RO         3889    i.fifo_s_init       fifo.o
    0x08004bae   0x08004bae   0x0000007c   Code   RO         3895    i.fifo_s_puts       fifo.o
    0x08004c2a   0x08004c2a   0x00000004   Code   RO         3897    i.fifo_s_used       fifo.o
    0x08004c2e   0x08004c2e   0x00000014   Code   RO         4350    i.floatTOint        tools.o
    0x08004c42   0x08004c42   0x00000006   Code   RO         3743    i.followResultSet   chassis.o
    0x08004c48   0x08004c48   0x0000002c   Code   RO         3810    i.get_CRC16_check_sum  crc8_crc16.o
    0x08004c74   0x08004c74   0x0000001c   Code   RO         3811    i.get_CRC8_check_sum  crc8_crc16.o
    0x08004c90   0x08004c90   0x000000ac   Code   RO         4085    i.init_referee_struct_data  referee.o
    0x08004d3c   0x08004d3c   0x0000027c   Code   RO           15    i.main              main.o
    0x08004fb8   0x08004fb8   0x0000001e   Code   RO         4377    i.pidINIT           pid.o
    0x08004fd6   0x08004fd6   0x00000002   PAD
    0x08004fd8   0x08004fd8   0x00000218   Code   RO         3546    i.powerlimit_pro    addons.o
    0x080051f0   0x080051f0   0x0000004c   Code   RO         4086    i.refereeINIT       referee.o
    0x0800523c   0x0800523c   0x00000094   Code   RO         4087    i.refereeReceiveHandler  referee.o
    0x080052d0   0x080052d0   0x00000184   Code   RO         4088    i.referee_data_solve  referee.o
    0x08005454   0x08005454   0x00000104   Code   RO         4089    i.referee_unpack_fifo_data  referee.o
    0x08005558   0x08005558   0x000000b4   Code   RO         4090    i.referee_usart_init  referee.o
    0x0800560c   0x0800560c   0x0000003c   Code   RO         3812    i.verify_CRC16_check_sum  crc8_crc16.o
    0x08005648   0x08005648   0x00000026   Code   RO         3813    i.verify_CRC8_check_sum  crc8_crc16.o
    0x0800566e   0x0800566e   0x00000008   Data   RO         1487    .constdata          stm32f4xx_hal_dma.o
    0x08005676   0x08005676   0x00000010   Data   RO         3507    .constdata          system_stm32f4xx.o
    0x08005686   0x08005686   0x00000008   Data   RO         3508    .constdata          system_stm32f4xx.o
    0x0800568e   0x0800568e   0x00000300   Data   RO         3815    .constdata          crc8_crc16.o
    0x0800598e   0x0800598e   0x00000002   PAD
    0x08005990   0x08005990   0x00000030   Data   RO         4569    .constdata          m_wm.l(cos_i.o)
    0x080059c0   0x080059c0   0x000000c8   Data   RO         4587    .constdata          m_wm.l(rred.o)
    0x08005a88   0x08005a88   0x00000028   Data   RO         4591    .constdata          m_wm.l(sin_i.o)
    0x08005ab0   0x08005ab0   0x00000020   Data   RO         4658    Region$$Table       anon$$obj.o


    Execution Region RW_IRAM2 (Exec base: 0x10000000, Load base: 0x08005b80, Size: 0x00000000, Max: 0x00010000, ABSOLUTE)

    **** No section assigned to this execution region ****


    Execution Region RW_IRAM1 (Exec base: 0x20000000, Load base: 0x08005ad0, Size: 0x00001b68, Max: 0x00030000, ABSOLUTE)

    Exec Addr    Load Addr    Size         Type   Attr      Idx    E Section Name        Object

    0x20000000   0x08005ad0   0x00000004   Data   RW          337    .data               can.o
    0x20000004   0x08005ad4   0x0000000c   Data   RW         1934    .data               stm32f4xx_hal.o
    0x20000010   0x08005ae0   0x00000004   Data   RW         3509    .data               system_stm32f4xx.o
    0x20000014   0x08005ae4   0x00000018   Data   RW         3548    .data               addons.o
    0x2000002c   0x08005afc   0x00000002   Data   RW         3816    .data               crc8_crc16.o
    0x2000002e   0x08005afe   0x0000003a   Data   RW         4092    .data               referee.o
    0x20000068   0x08005b38   0x00000008   Data   RW         4234    .data               mcuconnect.o
    0x20000070   0x08005b40   0x00000014   Data   RW         4378    .data               pid.o
    0x20000084   0x08005b54   0x00000014   Data   RW         4379    .data               pid.o
    0x20000098   0x08005b68   0x00000014   Data   RW         4380    .data               pid.o
    0x200000ac   0x08005b7c   0x00000004   Data   RW         4623    .data               mc_w.l(errno.o)
    0x200000b0        -       0x00000a38   Zero   RW           16    .bss                main.o
    0x20000ae8        -       0x00000050   Zero   RW          336    .bss                can.o
    0x20000b38        -       0x000000d8   Zero   RW          413    .bss                tim.o
    0x20000c10        -       0x000001a8   Zero   RW          466    .bss                usart.o
    0x20000db8        -       0x00000048   Zero   RW         3547    .bss                addons.o
    0x20000e00        -       0x00000955   Zero   RW         4091    .bss                referee.o
    0x20001755   0x08005b80   0x00000003   PAD
    0x20001758        -       0x00000010   Zero   RW         4233    .bss                mcuconnect.o
    0x20001768        -       0x00000400   Zero   RW            1    STACK               startup_stm32f427xx.o


==============================================================================

Image component sizes


      Code (inc. data)   RO Data    RW Data    ZI Data      Debug   Object Name

       536         66          0         24         72       5349   addons.o
       184         60          0          0          0       4232   callbacks.o
       452         40          0          4         80       2566   can.o
      1408         32          0          0          0       6885   chassis.o
       170         16        768          2          0       3807   crc8_crc16.o
      1232         22          0          0          0      13223   dji_motor.o
        76          4          0          0          0        814   dma.o
       194          0          0          0          0       9557   fifo.o
       160         10          0          0          0     747691   gpio.o
       800         80          0          0       2616     723688   main.o
       640         22          0          8         16       5642   mcuconnect.o
       482         14          0         60          0       4478   pid.o
      1224         96          0         58       2389      13991   referee.o
       286          0          0          0          0       6035   remote_control.o
        36          8        428          0       1024        848   startup_stm32f427xx.o
       180         28          0         12          0       9653   stm32f4xx_hal.o
      1656          6          0          0          0      13919   stm32f4xx_hal_can.o
       198         14          0          0          0      34019   stm32f4xx_hal_cortex.o
      1084         16          8          0          0       7454   stm32f4xx_hal_dma.o
       574         54          0          0          0       2244   stm32f4xx_hal_gpio.o
        48          6          0          0          0        878   stm32f4xx_hal_msp.o
       112         14          0          0          0       1312   stm32f4xx_hal_pwr_ex.o
      1348         76          0          0          0       5312   stm32f4xx_hal_rcc.o
      1110         72          0          0          0      10325   stm32f4xx_hal_tim.o
         4          0          0          0          0       1633   stm32f4xx_hal_tim_ex.o
      1720         30          0          0          0      11586   stm32f4xx_hal_uart.o
       196         82          0          0          0      14272   stm32f4xx_it.o
        16          4         24          4          0       1163   system_stm32f4xx.o
       324         44          0          0        216       2930   tim.o
        20          0          0          0          0       1197   tools.o
       488         50          0          0        424       2744   usart.o

    ----------------------------------------------------------------------
     17000        966       1262        172       6840    1669447   Object Totals
         0          0         32          0          0          0   (incl. Generated)
        42          0          2          0          3          0   (incl. Padding)

    ----------------------------------------------------------------------

      Code (inc. data)   RO Data    RW Data    ZI Data      Debug   Library Member Name

       280         28          0          0          0        156   ceil.o
       200         20          0          0          0        164   cos.o
       368         46         48          0          0        200   cos_i.o
        84         16          0          0          0        372   dunder.o
        24          0          0          0          0        124   fabs.o
        48          0          0          0          0        124   fpclassify.o
       248          0          0          0          0        152   poly.o
      1080        142        200          0          0        188   rred.o
       304         24         40          0          0        208   sin_i.o
       122          0          0          0          0        148   sqrt.o
         0          0          0          0          0          0   entry.o
         0          0          0          0          0          0   entry10a.o
         0          0          0          0          0          0   entry11a.o
         4          0          0          0          0          0   entry12b.o
         8          4          0          0          0          0   entry2.o
         4          0          0          0          0          0   entry5.o
         0          0          0          0          0          0   entry7b.o
         0          0          0          0          0          0   entry8b.o
         8          4          0          0          0          0   entry9a.o
        12          6          0          4          0         68   errno.o
        30          0          0          0          0          0   handlers.o
        36          8          0          0          0         68   init.o
         0          0          0          0          0          0   iusefp.o
        30          0          0          0          0         68   llshl.o
        36          0          0          0          0         68   llsshr.o
        32          0          0          0          0         68   llushr.o
        36          0          0          0          0         68   memcpya.o
        36          0          0          0          0        108   memseta.o
        98          0          0          0          0         92   uldiv.o
        48          0          0          0          0         68   cdrcmple.o
        56          0          0          0          0         88   d2f.o
       334          0          0          0          0        148   dadd.o
       222          0          0          0          0        100   ddiv.o
       186          0          0          0          0        176   depilogue.o
        62          0          0          0          0         80   dfixi.o
        50          0          0          0          0         76   dfixui.o
        34          0          0          0          0         76   dflti.o
        26          0          0          0          0         76   dfltui.o
       228          0          0          0          0         96   dmul.o
       162          0          0          0          0        100   dsqrt.o
        38          0          0          0          0         68   f2d.o
       110          0          0          0          0        168   fepilogue.o

    ----------------------------------------------------------------------
      4698        298        288          4          0       3764   Library Totals
        14          0          0          0          0          0   (incl. Padding)

    ----------------------------------------------------------------------

      Code (inc. data)   RO Data    RW Data    ZI Data      Debug   Library Name

      2758        276        288          0          0       1836   m_wm.l
       370         22          0          4          0        608   mc_w.l
      1556          0          0          0          0       1320   mf_w.l

    ----------------------------------------------------------------------
      4698        298        288          4          0       3764   Library Totals

    ----------------------------------------------------------------------

==============================================================================


      Code (inc. data)   RO Data    RW Data    ZI Data      Debug   

     21698       1264       1550        176       6840    1655479   Grand Totals
     21698       1264       1550        176       6840    1655479   ELF Image Totals
     21698       1264       1550        176          0          0   ROM Totals

==============================================================================

    Total RO  Size (Code + RO Data)                23248 (  22.70kB)
    Total RW  Size (RW Data + ZI Data)              7016 (   6.85kB)
    Total ROM Size (Code + RO Data + RW Data)      23424 (  22.88kB)

==============================================================================

