*** Using Compiler 'V5.06 update 7 (build 960)', folder: 'D:\qianrushi\keil_v5\ARM\ARMCC\Bin'
Build target 'Chassis'
compiling RC_task.c...
compiling referee.c...
compiling remote_control.c...
compiling bsp_wbus.c...
compiling app_et07.c...
compiling stm32f4xx_hal_msp.c...
compiling dma.c...
compiling pid.c...
compiling ui_interface.c...
compiling stm32f4xx_it.c...
compiling ui_g.c...
compiling can.c...
compiling gpio.c...
compiling ui_app.c...
compiling CRC8_CRC16.c...
compiling tim.c...
compiling main.c...
compiling DJI_Motor.c...
compiling addOns.c...
compiling usart.c...
compiling chassis.c...
compiling MCUConnect.c...
compiling CallBacks.c...
compiling Vofa.c...
compiling SuperCap.c...
linking...
Program Size: Code=37626 RO-data=2286 RW-data=280 ZI-data=13216  
FromELF: creating hex file...
"Chassis\Chassis.axf" - 0 Error(s), 0 Warning(s).
Build Time Elapsed:  00:00:06
